Component: ARM Compiler 5.06 update 4 (build 422) Tool: armlink [4d35d2]

==============================================================================

Section Cross References

    system_stm32f4xx.o(i.SystemCoreClockUpdate) refers to system_stm32f4xx.o(.data) for .data
    system_stm32f4xx.o(i.SystemInit) refers to system_stm32f4xx.o(i.SetSysClock) for SetSysClock
    startup_stm32f40_41xxx.o(STACK) refers (Special) to heapauxi.o(.text) for __use_two_region_memory
    startup_stm32f40_41xxx.o(HEAP) refers (Special) to heapauxi.o(.text) for __use_two_region_memory
    startup_stm32f40_41xxx.o(RESET) refers (Special) to heapauxi.o(.text) for __use_two_region_memory
    startup_stm32f40_41xxx.o(RESET) refers to startup_stm32f40_41xxx.o(STACK) for __initial_sp
    startup_stm32f40_41xxx.o(RESET) refers to startup_stm32f40_41xxx.o(.text) for Reset_Handler
    startup_stm32f40_41xxx.o(RESET) refers to irq_cm4f.o(.text) for SVC_Handler
    startup_stm32f40_41xxx.o(RESET) refers to bluetooth.o(i.USART2_IRQHandler) for USART2_IRQHandler
    startup_stm32f40_41xxx.o(RESET) refers to mainuart.o(i.USART3_IRQHandler) for USART3_IRQHandler
    startup_stm32f40_41xxx.o(RESET) refers to loguart.o(i.UART5_IRQHandler) for UART5_IRQHandler
    startup_stm32f40_41xxx.o(.text) refers (Special) to heapauxi.o(.text) for __use_two_region_memory
    startup_stm32f40_41xxx.o(.text) refers to system_stm32f4xx.o(i.SystemInit) for SystemInit
    startup_stm32f40_41xxx.o(.text) refers to __main.o(!!!main) for __main
    startup_stm32f40_41xxx.o(.text) refers to startup_stm32f40_41xxx.o(HEAP) for Heap_Mem
    startup_stm32f40_41xxx.o(.text) refers to startup_stm32f40_41xxx.o(STACK) for Stack_Mem
    main.o(i.main) refers to rtx_kernel.o(.text.osKernelInitialize) for osKernelInitialize
    main.o(i.main) refers to cxa_guard_acquire.o(i.__cxa_guard_acquire) for __cxa_guard_acquire
    main.o(i.main) refers to boottask.o(i._ZN8BootTaskC1Ev) for BootTask::BootTask()
    main.o(i.main) refers to task.o(i._ZN4Task5startEv) for Task::start()
    main.o(i.main) refers to rtx_kernel.o(.text.osKernelStart) for osKernelStart
    main.o(i.main) refers to main.o(.data__ZZN8BootTask8instanceEvE4task) for guard variable for BootTask::instance()::task
    main.o(i.main) refers to main.o(.bss__ZZN8BootTask8instanceEvE4task) for BootTask::instance()::task
    main.o(.ARM.exidx) refers to main.o(i.main) for i.main
    bluetoothevent.o(i._ZN14BluetoothEvent14onStatusChangeEhhh) refers to bluetoothevent.o(i._ZN8Protocol7append1Eh) for Protocol::append1(unsigned char)
    bluetoothevent.o(i._ZN14BluetoothEvent14onStatusChangeEhhh) refers to protocol.o(i._ZN8Protocol5buildEPh) for Protocol::build(unsigned char*)
    bluetoothevent.o(i._ZN14BluetoothEvent14onStatusChangeEhhh) refers to bluetoothevent.o(i._ZN9Bluetooth8instanceEv) for Bluetooth::instance()
    bluetoothevent.o(i._ZN14BluetoothEvent15onCheckRobotArmEv) refers to cxa_guard_acquire.o(i.__cxa_guard_acquire) for __cxa_guard_acquire
    bluetoothevent.o(i._ZN14BluetoothEvent15onCheckRobotArmEv) refers to robotarm1.o(i._ZN9RobotArm1C1Ev) for RobotArm1::RobotArm1()
    bluetoothevent.o(i._ZN14BluetoothEvent15onCheckRobotArmEv) refers to bluetoothevent.o(i._ZN11FlashMemory8instanceEv) for FlashMemory::instance()
    bluetoothevent.o(i._ZN14BluetoothEvent15onCheckRobotArmEv) refers to robotarm2.o(i._ZN9RobotArm2C1Ev) for RobotArm2::RobotArm2()
    bluetoothevent.o(i._ZN14BluetoothEvent15onCheckRobotArmEv) refers to flashmemory.o(i._ZN11FlashMemory12vSectorEarseEj) for FlashMemory::vSectorEarse(unsigned)
    bluetoothevent.o(i._ZN14BluetoothEvent15onCheckRobotArmEv) refers to flashmemory.o(i._ZN11FlashMemory10vWriteDataEjPKhj) for FlashMemory::vWriteData(unsigned, const unsigned char*, unsigned)
    bluetoothevent.o(i._ZN14BluetoothEvent15onCheckRobotArmEv) refers to bluetoothevent.o(.data__ZZN9RobotArm18instanceEvE1r) for guard variable for RobotArm1::instance()::r
    bluetoothevent.o(i._ZN14BluetoothEvent15onCheckRobotArmEv) refers to bluetoothevent.o(.bss__ZZN9RobotArm18instanceEvE1r) for RobotArm1::instance()::r
    bluetoothevent.o(i._ZN14BluetoothEvent15onCheckRobotArmEv) refers to bluetoothevent.o(.data__ZZN9RobotArm28instanceEvE8instance) for guard variable for RobotArm2::instance()::instance
    bluetoothevent.o(i._ZN14BluetoothEvent15onCheckRobotArmEv) refers to bluetoothevent.o(.bss__ZZN9RobotArm28instanceEvE8instance) for RobotArm2::instance()::instance
    bluetoothevent.o(i._ZN14BluetoothEvent7disposeEv) refers to event.o(i._ZNK5Event9isCorrectEv) for Event::isCorrect() const
    bluetoothevent.o(i._ZN14BluetoothEvent7disposeEv) refers to cxa_guard_acquire.o(i.__cxa_guard_acquire) for __cxa_guard_acquire
    bluetoothevent.o(i._ZN14BluetoothEvent7disposeEv) refers to delivertask.o(i._ZN11DeliverTaskC1Ev) for DeliverTask::DeliverTask()
    bluetoothevent.o(i._ZN14BluetoothEvent7disposeEv) refers to rtx_msgqueue.o(.text.osMessageQueuePut) for osMessageQueuePut
[...]
    _btod_emul                               0x08007103   Thumb Code    40  btod.o(CL$$btod_emul)
    __btod_mult_common                       0x0800712b   Thumb Code   580  btod.o(CL$$btod_mult_common)
    SystemInit                               0x08007425   Thumb Code    72  system_stm32f4xx.o(i.SystemInit)
    UART5_IRQHandler                         0x08007481   Thumb Code   142  loguart.o(i.UART5_IRQHandler)
    USART2_IRQHandler                        0x08007529   Thumb Code   144  bluetooth.o(i.USART2_IRQHandler)
    USART3_IRQHandler                        0x080075d1   Thumb Code   140  mainuart.o(i.USART3_IRQHandler)
    vDrv8704Init()                           0x08007679   Thumb Code    76  motordriver.o(i._Z12vDrv8704Initv)
    copy(void*, const void*, unsigned)       0x080076cd   Thumb Code    18  otamanager.o(i._Z4copyPvPKvj)
    BaseOutput::buildAndWrite()              0x08007829   Thumb Code    36  statusupdatetask.o(i._ZN10BaseOutput13buildAndWriteEv)
    BaseOutput::build(unsigned char*)        0x0800784d   Thumb Code    66  baseoutput.o(i._ZN10BaseOutput5buildEPh)
    BaseOutput::format(const char*, ...)     0x0800788f   Thumb Code    34  baseoutput.o(i._ZN10BaseOutput6formatEPKcz)
    BaseOutput::append1(unsigned char)       0x080078b1   Thumb Code    18  statusupdatetask.o(i._ZN10BaseOutput7append1Eh)
    BaseOutput::append2(unsigned short)      0x080078c3   Thumb Code    36  statusupdatetask.o(i._ZN10BaseOutput7append2Et)
    BaseOutput::setAction(unsigned char)     0x080078e7   Thumb Code     8  statusupdatetask.o(i._ZN10BaseOutput9setActionEh)
    Compressor::instance()                   0x080078f1   Thumb Code    34  delivertask.o(i._ZN10Compressor8instanceEv)
    Compressor::isChecked()                  0x0800791d   Thumb Code    44  delivertask.o(i._ZN10Compressor9isCheckedEv)
    Compressor::Compressor()                 0x08007951   Thumb Code    72  compressor.o(i._ZN10CompressorC1Ev)
    Compressor::Compressor__sub_object()     0x08007951   Thumb Code     0  compressor.o(i._ZN10CompressorC1Ev)
    OTAManager::setOTAMessage(unsigned)      0x080079a1   Thumb Code   220  otamanager.o(i._ZN10OTAManager13setOTAMessageEj)
    OTAManager::init(unsigned)               0x08007a7d   Thumb Code   132  mainevent.o(i._ZN10OTAManager4initEj)
    OTAManager::xWrite(unsigned short, const unsigned char*, unsigned) 0x08007b09   Thumb Code   248  otamanager.o(i._ZN10OTAManager6xWriteEtPKhj)
    OTAManager::instance()                   0x08007c09   Thumb Code    34  mainevent.o(i._ZN10OTAManager8instanceEv)
    OTAManager::OTAManager()                 0x08007c35   Thumb Code     2  otamanager.o(i._ZN10OTAManagerC1Ev)
    OTAManager::OTAManager__sub_object()     0x08007c35   Thumb Code     0  otamanager.o(i._ZN10OTAManagerC1Ev)
    PIDControl::init(int, float, float, float) 0x08007c37   Thumb Code    20  pidcontrol.o(i._ZN10PIDControl4initEifff)
    PIDControl::nextValue(int)               0x08007c4b   Thumb Code    82  pidcontrol.o(i._ZN10PIDControl9nextValueEi)
    DeliverTask::testFridge(Event&)          0x08007c9d   Thumb Code    70  delivertask.o(i._ZN11DeliverTask10testFridgeER5Event)
    DeliverTask::robotArmTest(Event&)        0x08007ce3   Thumb Code   138  delivertask.o(i._ZN11DeliverTask12robotArmTestER5Event)
    DeliverTask::setGoodsType(Event&)        0x08007d6d   Thumb Code   130  delivertask.o(i._ZN11DeliverTask12setGoodsTypeER5Event)
    DeliverTask::testRobotArm(Event&)        0x08007def   Thumb Code    78  delivertask.o(i._ZN11DeliverTask12testRobotArmER5Event)
    DeliverTask::readGoodsType(Event&)       0x08007e3d   Thumb Code   102  delivertask.o(i._ZN11DeliverTask13readGoodsTypeER5Event)
    DeliverTask::robotArmCheck(Event&)       0x08007ea5   Thumb Code   130  delivertask.o(i._ZN11DeliverTask13robotArmCheckER5Event)
    DeliverTask::testPickMotor(Event&)       0x08007f2d   Thumb Code    84  delivertask.o(i._ZN11DeliverTask13testPickMotorER5Event)
    DeliverTask::testCompressor(Event&)      0x08007f81   Thumb Code    50  delivertask.o(i._ZN11DeliverTask14testCompressorER5Event)
    DeliverTask::settingGoodsType(Event&)    0x08007fb9   Thumb Code   114  delivertask.o(i._ZN11DeliverTask16settingGoodsTypeER5Event)
    DeliverTask::run()                       0x0800802d   Thumb Code   174  delivertask.o(i._ZN11DeliverTask3runEv)
    DeliverTask::init(Event&)                0x080080e1   Thumb Code    74  delivertask.o(i._ZN11DeliverTask4initER5Event)
    DeliverTask::deliver(Event&)             0x0800812b   Thumb Code   302  delivertask.o(i._ZN11DeliverTask7deliverER5Event)
    DeliverTask::deliver(unsigned char, unsigned char, unsigned short, Event&) 0x08008259   Thumb Code   544  delivertask.o(i._ZN11DeliverTask7deliverEhhtR5Event)
    DeliverTask::DeliverTask()               0x0800847d   Thumb Code    46  delivertask.o(i._ZN11DeliverTaskC1Ev)
    DeliverTask::DeliverTask__sub_object()   0x0800847d   Thumb Code     0  delivertask.o(i._ZN11DeliverTaskC1Ev)
    FlashMemory::vWriteData(unsigned, const unsigned char*, unsigned) 0x080084b9   Thumb Code   110  flashmemory.o(i._ZN11FlashMemory10vWriteDataEjPKhj)
    FlashMemory::vPageProgram(unsigned, const unsigned char*, unsigned) 0x08008529   Thumb Code    96  flashmemory.o(i._ZN11FlashMemory12vPageProgramEjPKhj)
    FlashMemory::vSectorEarse(unsigned)      0x0800858d   Thumb Code    78  flashmemory.o(i._ZN11FlashMemory12vSectorEarseEj)
    FlashMemory::vWriteEnable()              0x080085e1   Thumb Code    22  flashmemory.o(i._ZN11FlashMemory12vWriteEnableEv)
    FlashMemory::xQueryStatus()              0x080085fd   Thumb Code    32  flashmemory.o(i._ZN11FlashMemory12xQueryStatusEv)
    FlashMemory::xTranslateByte(unsigned char) 0x08008621   Thumb Code    26  flashmemory.o(i._ZN11FlashMemory14xTranslateByteEh)
    FlashMemory::initSpiInterface()          0x08008641   Thumb Code   132  flashmemory.o(i._ZN11FlashMemory16initSpiInterfaceEv)
    FlashMemory::save()                      0x080086d9   Thumb Code    28  delivertask.o(i._ZN11FlashMemory4saveEv)
    FlashMemory::instance()                  0x080086f5   Thumb Code    34  bluetoothevent.o(i._ZN11FlashMemory8instanceEv)
    FlashMemory::vReadData(unsigned, unsigned char*, unsigned) 0x08008721   Thumb Code    76  flashmemory.o(i._ZN11FlashMemory9vReadDataEjPhj)
    FlashMemory::FlashMemory()               0x08008771   Thumb Code    26  flashmemory.o(i._ZN11FlashMemoryC1Ev)
    FlashMemory::FlashMemory__sub_object()   0x08008771   Thumb Code     0  flashmemory.o(i._ZN11FlashMemoryC1Ev)
    MotorDriver::enable()                    0x0800878d   Thumb Code    50  motordriver.o(i._ZN11MotorDriver6enableEv)
    MotorDriver::disable()                   0x080087c5   Thumb Code     8  motordriver.o(i._ZN11MotorDriver7disableEv)
    MotorDriver::instance()                  0x080087d1   Thumb Code    34  delivertask.o(i._ZN11MotorDriver8instanceEv)
    MotorDriver::MotorDriver()               0x080087fd   Thumb Code    18  motordriver.o(i._ZN11MotorDriverC1Ev)
    MotorDriver::MotorDriver__sub_object()   0x080087fd   Thumb Code     0  motordriver.o(i._ZN11MotorDriverC1Ev)
    BaseProtocol::write()                    0x08008815   Thumb Code    22  logevent.o(i._ZN12BaseProtocol5writeEv)
    BaseProtocol::BaseProtocol(unsigned char*, const Event&, unsigned char) 0x0800882b   Thumb Code   118  baseprotocol.o(i._ZN12BaseProtocolC1EPhRK5Eventh)
    BaseProtocol::BaseProtocol__sub_object(unsigned char*, const Event&, unsigned char) 0x0800882b   Thumb Code     0  baseprotocol.o(i._ZN12BaseProtocolC1EPhRK5Eventh)
    BluetoothEvent::onStatusChange(unsigned char, unsigned char, unsigned char) 0x080088a1   Thumb Code    76  bluetoothevent.o(i._ZN14BluetoothEvent14onStatusChangeEhhh)
    BluetoothEvent::dispose()                0x080088ed   Thumb Code    88  bluetoothevent.o(i._ZN14BluetoothEvent7disposeEv)
    BluetoothEvent::onResult(const unsigned char*, unsigned short) 0x0800894d   Thumb Code    24  bluetoothevent.o(i._ZN14BluetoothEvent8onResultEPKht)
    BluetoothEvent::onReturn(unsigned char)  0x08008965   Thumb Code     2  bluetoothevent.o(i._ZN14BluetoothEvent8onReturnEh)
    PositionSwitch::instance()               0x08008969   Thumb Code    34  fridge.o(i._ZN14PositionSwitch8instanceEv)
    PositionSwitch::xGetValue()              0x08008995   Thumb Code    74  positionswitch.o(i._ZN14PositionSwitch9xGetValueEv)
    PositionSwitch::PositionSwitch()         0x080089e5   Thumb Code    80  positionswitch.o(i._ZN14PositionSwitchC1Ev)
    PositionSwitch::PositionSwitch__sub_object() 0x080089e5   Thumb Code     0  positionswitch.o(i._ZN14PositionSwitchC1Ev)
    StatusUpdateTask::run()                  0x08008a4d   Thumb Code   460  statusupdatetask.o(i._ZN16StatusUpdateTask3runEv)
    StatusUpdateTask::StatusUpdateTask()     0x08008c3d   Thumb Code    26  statusupdatetask.o(i._ZN16StatusUpdateTaskC1Ev)
    StatusUpdateTask::StatusUpdateTask__sub_object() 0x08008c3d   Thumb Code     0  statusupdatetask.o(i._ZN16StatusUpdateTaskC1Ev)
    MessageDispenseTask::run()               0x08008c65   Thumb Code   186  messagedispensetask.o(i._ZN19MessageDispenseTask3runEv)
    MessageDispenseTask::MessageDispenseTask() 0x08008d45   Thumb Code    26  messagedispensetask.o(i._ZN19MessageDispenseTaskC1Ev)
    MessageDispenseTask::MessageDispenseTask__sub_object() 0x08008d45   Thumb Code     0  messagedispensetask.o(i._ZN19MessageDispenseTaskC1Ev)
    Led::blink()                             0x08008d6d   Thumb Code    62  led.o(i._ZN3Led5blinkEv)
    Led::Led()                               0x08008db1   Thumb Code    60  led.o(i._ZN3LedC1Ev)
    Led::Led__sub_object()                   0x08008db1   Thumb Code     0  led.o(i._ZN3LedC1Ev)
    Task::startThreadFun(void*)              0x08008df5   Thumb Code    18  task.o(i._ZN4Task14startThreadFunEPv)
    Task::stop()                             0x08008e07   Thumb Code    16  task.o(i._ZN4Task4stopEv)
    Task::start()                            0x08008e19   Thumb Code    30  task.o(i._ZN4Task5startEv)
    Task::Task__sub_object(const char*, unsigned long long*, unsigned, osPriority_t) 0x08008e3d   Thumb Code    38  task.o(i._ZN4TaskC2EPKcPyj12osPriority_t)
    Event::onStatusChange(unsigned char, unsigned char, unsigned char) 0x08008e69   Thumb Code     2  event.o(i._ZN5Event14onStatusChangeEhhh)
    Event::onResult(const unsigned char*, unsigned short) 0x08008e6b   Thumb Code     2  event.o(i._ZN5Event8onResultEPKht)
    Event::onReturn(unsigned char)           0x08008e6d   Thumb Code     2  event.o(i._ZN5Event8onReturnEh)
    Event::Event()                           0x08008e71   Thumb Code    12  messagedispensetask.o(i._ZN5EventC1Ev)
    Event::Event__sub_object()               0x08008e71   Thumb Code     0  messagedispensetask.o(i._ZN5EventC1Ev)
    Fridge::initMotoGpio()                   0x08008e81   Thumb Code   112  fridge.o(i._ZN6Fridge12initMotoGpioEv)
    Fridge::initMotoDriver()                 0x08008efd   Thumb Code    48  fridge.o(i._ZN6Fridge14initMotoDriverEv)
    Fridge::initCounterGpio()                0x08008f35   Thumb Code    90  fridge.o(i._ZN6Fridge15initCounterGpioEv)
    Fridge::initCounterDriver()              0x08008f99   Thumb Code    52  fridge.o(i._ZN6Fridge17initCounterDriverEv)
    Fridge::xOpen(unsigned short, unsigned)  0x08008fd5   Thumb Code   150  fridge.o(i._ZN6Fridge5xOpenEtj)
    Fridge::isOpen()                         0x08009089   Thumb Code    18  fridge.o(i._ZN6Fridge6isOpenEv)
    Fridge::xClose(unsigned short, unsigned) 0x0800909d   Thumb Code   150  fridge.o(i._ZN6Fridge6xCloseEtj)
    Fridge::isClose()                        0x08009151   Thumb Code    18  fridge.o(i._ZN6Fridge7isCloseEv)
    Fridge::vSetDir(Fridge::Dir)             0x08009165   Thumb Code    38  fridge.o(i._ZN6Fridge7vSetDirENS_3DirE)
    Fridge::instance()                       0x08009191   Thumb Code    34  delivertask.o(i._ZN6Fridge8instanceEv)
    Fridge::Fridge()                         0x080091bd   Thumb Code    44  fridge.o(i._ZN6FridgeC1Ev)
    Fridge::Fridge__sub_object()             0x080091bd   Thumb Code     0  fridge.o(i._ZN6FridgeC1Ev)
    Sender::Sender(const char*)              0x080091f1   Thumb Code    32  sender.o(i._ZN6SenderC1EPKc)
    Sender::Sender__sub_object(const char*)  0x080091f1   Thumb Code     0  sender.o(i._ZN6SenderC1EPKc)
    Ds18b20::vWriteByte(unsigned char)       0x08009211   Thumb Code    56  ds18b20.o(i._ZN7Ds18b2010vWriteByteEh)
    Ds18b20::xCheckDevice()                  0x0800924d   Thumb Code    72  ds18b20.o(i._ZN7Ds18b2012xCheckDeviceEv)
    Ds18b20::vReset()                        0x08009299   Thumb Code    28  ds18b20.o(i._ZN7Ds18b206vResetEv)
    Ds18b20::vStart()                        0x080092b9   Thumb Code    34  ds18b20.o(i._ZN7Ds18b206vStartEv)
    Ds18b20::xReadBit()                      0x080092dd   Thumb Code    44  ds18b20.o(i._ZN7Ds18b208xReadBitEv)
    Ds18b20::xGetValue()                     0x0800930d   Thumb Code    64  ds18b20.o(i._ZN7Ds18b209xGetValueEv)
    Ds18b20::xReadByte()                     0x0800934d   Thumb Code    32  ds18b20.o(i._ZN7Ds18b209xReadByteEv)
    Ds18b20::Ds18b20()                       0x0800936d   Thumb Code    66  ds18b20.o(i._ZN7Ds18b20C1Ev)
    Ds18b20::Ds18b20__sub_object()           0x0800936d   Thumb Code     0  ds18b20.o(i._ZN7Ds18b20C1Ev)
    LogUart::write(const unsigned char*, unsigned short) 0x080093b9   Thumb Code    46  loguart.o(i._ZN7LogUart5writeEPKht)
    LogUart::write(unsigned char)            0x080093e9   Thumb Code    12  loguart.o(i._ZN7LogUart5writeEh)
    LogUart::instance()                      0x080093f9   Thumb Code    34  logevent.o(i._ZN7LogUart8instanceEv)
    LogUart::LogUart()                       0x08009425   Thumb Code   290  loguart.o(i._ZN7LogUartC1Ev)
    LogUart::LogUart__sub_object()           0x08009425   Thumb Code     0  loguart.o(i._ZN7LogUartC1Ev)
    BootTask::run()                          0x08009571   Thumb Code   482  boottask.o(i._ZN8BootTask3runEv)
    BootTask::BootTask()                     0x080097d5   Thumb Code    26  boottask.o(i._ZN8BootTaskC1Ev)
    BootTask::BootTask__sub_object()         0x080097d5   Thumb Code     0  boottask.o(i._ZN8BootTaskC1Ev)
    LogEvent::onStatusChange(unsigned char, unsigned char, unsigned char) 0x080097fd   Thumb Code    76  logevent.o(i._ZN8LogEvent14onStatusChangeEhhh)
    LogEvent::onCheckRobotArm()              0x08009849   Thumb Code   166  logevent.o(i._ZN8LogEvent15onCheckRobotArmEv)
    LogEvent::dispose()                      0x08009905   Thumb Code   104  logevent.o(i._ZN8LogEvent7disposeEv)
    LogEvent::onReturn(unsigned char)        0x08009975   Thumb Code    34  logevent.o(i._ZN8LogEvent8onReturnEh)
    MainUart::write(const unsigned char*, unsigned short) 0x08009997   Thumb Code    46  mainuart.o(i._ZN8MainUart5writeEPKht)
    MainUart::write(unsigned char)           0x080099c5   Thumb Code    16  mainuart.o(i._ZN8MainUart5writeEh)
    MainUart::instance()                     0x080099d9   Thumb Code    34  mainevent.o(i._ZN8MainUart8instanceEv)
    MainUart::MainUart()                     0x08009a05   Thumb Code   218  mainuart.o(i._ZN8MainUartC1Ev)
    MainUart::MainUart__sub_object()         0x08009a05   Thumb Code     0  mainuart.o(i._ZN8MainUartC1Ev)
    Protocol::build(unsigned char*)          0x08009b09   Thumb Code    68  protocol.o(i._ZN8Protocol5buildEPh)
    Protocol::append1(unsigned char)         0x08009b4d   Thumb Code    14  bluetoothevent.o(i._ZN8Protocol7append1Eh)
    Protocol::append2(unsigned short)        0x08009b5b   Thumb Code    36  mainevent.o(i._ZN8Protocol7append2Et)
    Protocol::Protocol(unsigned char*)       0x08009b7f   Thumb Code     8  mainevent.o(i._ZN8ProtocolC1EPh)
    Protocol::Protocol__sub_object(unsigned char*) 0x08009b7f   Thumb Code     0  mainevent.o(i._ZN8ProtocolC1EPh)
    Receiver::recv(Event*, unsigned)         0x08009b87   Thumb Code    10  messagedispensetask.o(i._ZN8Receiver4recvEP5Eventj)
    Receiver::Receiver(const char*, unsigned long long*, unsigned, unsigned) 0x08009b91   Thumb Code    54  receiver.o(i._ZN8ReceiverC1EPKcPyjj)
    Receiver::Receiver__sub_object(const char*, unsigned long long*, unsigned, unsigned) 0x08009b91   Thumb Code     0  receiver.o(i._ZN8ReceiverC1EPKcPyjj)
    SysTimer::vInit()                        0x08009bc9   Thumb Code    48  systimer.o(i._ZN8SysTimer5vInitEv)
    SysTimer::vDelayUs(unsigned short)       0x08009c01   Thumb Code    14  systimer.o(i._ZN8SysTimer8vDelayUsEt)
    Bluetooth::initDriver()                  0x08009c15   Thumb Code   212  bluetooth.o(i._ZN9Bluetooth10initDriverEv)
    Bluetooth::write(const unsigned char*, unsigned short) 0x08009d05   Thumb Code    46  bluetooth.o(i._ZN9Bluetooth5writeEPKht)
    Bluetooth::write(unsigned char)          0x08009d35   Thumb Code    16  bluetooth.o(i._ZN9Bluetooth5writeEh)
    Bluetooth::instance()                    0x08009d49   Thumb Code    34  bluetoothevent.o(i._ZN9Bluetooth8instanceEv)
    Bluetooth::Bluetooth()                   0x08009d75   Thumb Code    54  bluetooth.o(i._ZN9BluetoothC1Ev)
    Bluetooth::Bluetooth__sub_object()       0x08009d75   Thumb Code     0  bluetooth.o(i._ZN9BluetoothC1Ev)
    MainEvent::onOTANotify()                 0x08009dbd   Thumb Code    84  mainevent.o(i._ZN9MainEvent11onOTANotifyEv)
    MainEvent::write(unsigned char, unsigned char) 0x08009e11   Thumb Code    54  mainevent.o(i._ZN9MainEvent5writeEhh)
    MainEvent::dispose()                     0x08009e49   Thumb Code   132  mainevent.o(i._ZN9MainEvent7disposeEv)
    MainEvent::onResult(const unsigned char*, unsigned short) 0x08009ed5   Thumb Code    24  mainevent.o(i._ZN9MainEvent8onResultEPKht)
    MainEvent::onPackage()                   0x08009eed   Thumb Code   110  mainevent.o(i._ZN9MainEvent9onPackageEv)
    PickMotor::initMotoGpio()                0x08009f5d   Thumb Code   132  pickmotor.o(i._ZN9PickMotor12initMotoGpioEv)
    PickMotor::initMotoDriver()              0x08009fed   Thumb Code    64  pickmotor.o(i._ZN9PickMotor14initMotoDriverEv)
    PickMotor::initCounterGpio()             0x0800a035   Thumb Code    78  pickmotor.o(i._ZN9PickMotor15initCounterGpioEv)
    PickMotor::initCounterDriver()           0x0800a08d   Thumb Code    40  pickmotor.o(i._ZN9PickMotor17initCounterDriverEv)
    PickMotor::xGoDownOfAbsolute(unsigned short, unsigned, unsigned) 0x0800a0bd   Thumb Code    46  pickmotor.o(i._ZN9PickMotor17xGoDownOfAbsoluteEtjj)
    PickMotor::xGoDownAndCheckCompressor(unsigned short, unsigned, unsigned) 0x0800a0ed   Thumb Code   132  pickmotor.o(i._ZN9PickMotor25xGoDownAndCheckCompressorEtjj)
    PickMotor::isTop()                       0x0800a179   Thumb Code    18  pickmotor.o(i._ZN9PickMotor5isTopEv)
    PickMotor::xGoUp(unsigned short, unsigned, unsigned) 0x0800a18d   Thumb Code   292  pickmotor.o(i._ZN9PickMotor5xGoUpEtjj)
    PickMotor::vSetDir(PickMotor::Dir)       0x0800a2e9   Thumb Code    48  pickmotor.o(i._ZN9PickMotor7vSetDirENS_3DirE)
    PickMotor::xGoDown(unsigned short, unsigned, unsigned) 0x0800a31d   Thumb Code   134  pickmotor.o(i._ZN9PickMotor7xGoDownEtjj)
    PickMotor::instance()                    0x0800a3c5   Thumb Code    34  delivertask.o(i._ZN9PickMotor8instanceEv)
    PickMotor::isChecked()                   0x0800a3f1   Thumb Code    46  pickmotor.o(i._ZN9PickMotor9isCheckedEv)
    PickMotor::PickMotor()                   0x0800a429   Thumb Code    58  pickmotor.o(i._ZN9PickMotorC1Ev)
    PickMotor::PickMotor__sub_object()       0x0800a429   Thumb Code     0  pickmotor.o(i._ZN9PickMotorC1Ev)
    RobotArm1::xRotationTo(unsigned short, unsigned, unsigned short) 0x0800a471   Thumb Code   214  robotarm1.o(i._ZN9RobotArm111xRotationToEtjt)
    RobotArm1::initMotoGpio()                0x0800a559   Thumb Code   186  robotarm1.o(i._ZN9RobotArm112initMotoGpioEv)
    RobotArm1::initMotoDriver()              0x0800a621   Thumb Code    82  robotarm1.o(i._ZN9RobotArm114initMotoDriverEv)
    RobotArm1::initCounterGpio()             0x0800a67d   Thumb Code    78  robotarm1.o(i._ZN9RobotArm115initCounterGpioEv)
    RobotArm1::initCounterDriver()           0x0800a6d5   Thumb Code    50  robotarm1.o(i._ZN9RobotArm117initCounterDriverEv)
    RobotArm1::xGetAbsolutePosition()        0x0800a70d   Thumb Code    34  robotarm1.o(i._ZN9RobotArm120xGetAbsolutePositionEv)
    RobotArm1::vSetDir(RobotArm1::Dir)       0x0800a731   Thumb Code    36  robotarm1.o(i._ZN9RobotArm17vSetDirENS_3DirE)
    RobotArm1::instance()                    0x0800a759   Thumb Code    34  delivertask.o(i._ZN9RobotArm18instanceEv)
    RobotArm1::RobotArm1()                   0x0800a785   Thumb Code    78  robotarm1.o(i._ZN9RobotArm1C1Ev)
    RobotArm1::RobotArm1__sub_object()       0x0800a785   Thumb Code     0  robotarm1.o(i._ZN9RobotArm1C1Ev)
    RobotArm2::xRotationTo(unsigned short, unsigned, unsigned short) 0x0800a7e9   Thumb Code   214  robotarm2.o(i._ZN9RobotArm211xRotationToEtjt)
    RobotArm2::initMotoGpio()                0x0800a8d1   Thumb Code    54  robotarm2.o(i._ZN9RobotArm212initMotoGpioEv)
    RobotArm2::vInversedBrake()              0x0800a911   Thumb Code    52  robotarm2.o(i._ZN9RobotArm214vInversedBrakeEv)
    RobotArm2::initCounterGpio()             0x0800a949   Thumb Code    78  robotarm2.o(i._ZN9RobotArm215initCounterGpioEv)
    RobotArm2::initCounterDriver()           0x0800a9a1   Thumb Code    74  robotarm2.o(i._ZN9RobotArm217initCounterDriverEv)
    RobotArm2::xGetAbsolutePosition()        0x0800a9f5   Thumb Code    32  robotarm2.o(i._ZN9RobotArm220xGetAbsolutePositionEv)
    RobotArm2::vSetDir(RobotArm2::Dir)       0x0800aa19   Thumb Code    36  robotarm2.o(i._ZN9RobotArm27vSetDirENS_3DirE)
    RobotArm2::instance()                    0x0800aa41   Thumb Code    34  delivertask.o(i._ZN9RobotArm28instanceEv)
    RobotArm2::RobotArm2()                   0x0800aa6d   Thumb Code    72  robotarm2.o(i._ZN9RobotArm2C1Ev)
    RobotArm2::RobotArm2__sub_object()       0x0800aa6d   Thumb Code     0  robotarm2.o(i._ZN9RobotArm2C1Ev)
    Event::isCorrectOfResult() const         0x0800aac9   Thumb Code    66  event.o(i._ZNK5Event17isCorrectOfResultEv)
    Event::arg2(unsigned char) const         0x0800ab0b   Thumb Code    16  delivertask.o(i._ZNK5Event4arg2Eh)
    Event::check() const                     0x0800ab1b   Thumb Code    28  event.o(i._ZNK5Event5checkEv)
    Event::isCorrect() const                 0x0800ab37   Thumb Code    58  event.o(i._ZNK5Event9isCorrectEv)
    __ARM_fpclassify                         0x0800ab71   Thumb Code    48  fpclassify.o(i.__ARM_fpclassify)
    __cxa_guard_acquire                      0x0800aba1   Thumb Code    16  cxa_guard_acquire.o(i.__cxa_guard_acquire)
    __cxa_pure_virtual                       0x0800abb1   Thumb Code     6  pure_virt.o(i.__cxa_pure_virtual)
    _is_digit                                0x0800ac01   Thumb Code    14  __printf_wp.o(i._is_digit)
    _mutex_acquire                           0x0800ac0f   Thumb Code    28  rtx_lib.o(i._mutex_acquire)
    _mutex_free                              0x0800ac2b   Thumb Code     6  rtx_lib.o(i._mutex_free)
    _mutex_initialize                        0x0800ac31   Thumb Code    32  rtx_lib.o(i._mutex_initialize)
    _mutex_release                           0x0800ac51   Thumb Code    24  rtx_lib.o(i._mutex_release)
    _platform_post_stackheap_init            0x0800ac69   Thumb Code     4  rtx_lib.o(i._platform_post_stackheap_init)
    main                                     0x0800ac6d   Thumb Code    48  main.o(i.main)
    osRtxErrorNotify                         0x0800aca5   Thumb Code     2  rtx_config.o(i.osRtxErrorNotify)
    osRtxIdleThread                          0x0800aca7   Thumb Code     2  rtx_config.o(i.osRtxIdleThread)
    osRtxKernelPreInit                       0x0800aca9   Thumb Code     2  rtx_lib.o(i.osRtxKernelPreInit)
    _get_lc_numeric                          0x0800acc9   Thumb Code    44  lc_numeric_c.o(locale$$code)
    _get_lc_ctype                            0x0800acf5   Thumb Code    44  lc_ctype_c.o(locale$$code)
    _fp_init                                 0x0800ad21   Thumb Code    10  fpinit.o(x$fpl$fpinit)
    __fplib_config_fpu_vfp                   0x0800ad29   Thumb Code     0  fpinit.o(x$fpl$fpinit)
    __fplib_config_pureend_doubles           0x0800ad29   Thumb Code     0  fpinit.o(x$fpl$fpinit)
    _printf_fp_dec                           0x0800ad2b   Thumb Code     4  printf1.o(x$fpl$printf1)
    __I$use$fp                               0x0800ad2e   Number         0  usenofp.o(x$fpl$usenofp)
    osRtxUserSVC                             0x0800ad90   Data           4  rtx_lib.o(.constdata)
    vtable for DeliverTask                   0x0800ae6c   Data          12  delivertask.o(.constdata__ZTV11DeliverTask)
    vtable for BluetoothEvent                0x0800ae78   Data          20  bluetoothevent.o(.constdata__ZTV14BluetoothEvent)
    vtable for StatusUpdateTask              0x0800ae8c   Data          12  statusupdatetask.o(.constdata__ZTV16StatusUpdateTask)
    vtable for MessageDispenseTask           0x0800ae98   Data          12  messagedispensetask.o(.constdata__ZTV19MessageDispenseTask)
    vtable for Task                          0x0800aea4   Data          12  task.o(.constdata__ZTV4Task)
    vtable for Event                         0x0800aeb0   Data          20  event.o(.constdata__ZTV5Event)
    vtable for LogUart                       0x0800aec4   Data          12  loguart.o(.constdata__ZTV7LogUart)
    vtable for BootTask                      0x0800aed0   Data          12  boottask.o(.constdata__ZTV8BootTask)
    vtable for LogEvent                      0x0800aedc   Data          20  logevent.o(.constdata__ZTV8LogEvent)
    vtable for MainUart                      0x0800aef0   Data          12  mainuart.o(.constdata__ZTV8MainUart)
    vtable for Bluetooth                     0x0800aefc   Data          12  bluetooth.o(.constdata__ZTV9Bluetooth)
    vtable for MainEvent                     0x0800af08   Data          20  mainevent.o(.constdata__ZTV9MainEvent)
    osRtxConfig                              0x0800af1c   Data         104  rtx_lib.o(.rodata)
    Region$$Table$$Base                      0x0800af90   Number         0  anon$$obj.o(Region$$Table)
    Region$$Table$$Limit                     0x0800afb0   Number         0  anon$$obj.o(Region$$Table)
    __ctype                                  0x0800afd9   Data           0  lc_ctype_c.o(locale$$data)
    SHT$$INIT_ARRAY$$Base                    0x0800b0dc   Number         0  bluetooth.o(.init_array)
    SHT$$INIT_ARRAY$$Limit                   0x0800b0e8   Number         0  init_aeabi.o(.init_array)
    .bss.os.msgqueue.cb$$Base                0x20001040   Number         0  rtx_lib.o(.bss.os.msgqueue.cb)
    .bss.os.msgqueue.cb$$Limit               0x20001074   Number         0  rtx_lib.o(.bss.os.msgqueue.cb)
    .bss.os.thread.cb$$Base                  0x200010c4   Number         0  rtx_lib.o(.bss.os.thread.cb)
    .bss.os.thread.cb$$Limit                 0x2000114c   Number         0  rtx_lib.o(.bss.os.thread.cb)
    SystemCoreClock                          0x20001350   Data           4  system_stm32f4xx.o(.data)
    AHBPrescTable                            0x20001354   Data          16  system_stm32f4xx.o(.data)
    osRtxInfo                                0x20001374   Data         164  rtx_kernel.o(.data.os)
    guard variable for Compressor::instance()::com 0x20001418   Data           4  boottask.o(.data__ZZN10Compressor8instanceEvE3com)
    Compressor::instance()::com              0x2000141c   Data           1  boottask.o(.data__ZZN10Compressor8instanceEvE3com)
    guard variable for OTAManager::instance()::t 0x20001420   Data           4  mainevent.o(.data__ZZN10OTAManager8instanceEvE1t)
    guard variable for DeliverTask::instance()::INSTANCE 0x20001424   Data           4  bluetoothevent.o(.data__ZZN11DeliverTask8instanceEvE8INSTANCE)
    guard variable for FlashMemory::instance()::m 0x20001428   Data           4  bluetoothevent.o(.data__ZZN11FlashMemory8instanceEvE1m)
    guard variable for MotorDriver::instance()::driver 0x2000142c   Data           4  boottask.o(.data__ZZN11MotorDriver8instanceEvE6driver)
    MotorDriver::instance()::driver          0x20001430   Data           1  boottask.o(.data__ZZN11MotorDriver8instanceEvE6driver)
    guard variable for PositionSwitch::instance()::instance 0x20001434   Data           4  boottask.o(.data__ZZN14PositionSwitch8instanceEvE8instance)
    guard variable for StatusUpdateTask::instance()::task 0x20001438   Data           4  boottask.o(.data__ZZN16StatusUpdateTask8instanceEvE4task)
    guard variable for MessageDispenseTask::instance()::INSTANCE 0x2000143c   Data           4  boottask.o(.data__ZZN19MessageDispenseTask8instanceEvE8INSTANCE)
    guard variable for Led::instance()::l    0x20001440   Data           4  boottask.o(.data__ZZN3Led8instanceEvE1l)
    Led::instance()::l                       0x20001444   Data           1  boottask.o(.data__ZZN3Led8instanceEvE1l)
    guard variable for Fridge::instance()::fridge 0x20001448   Data           4  boottask.o(.data__ZZN6Fridge8instanceEvE6fridge)
    guard variable for Ds18b20::instance()::device 0x2000144c   Data           4  boottask.o(.data__ZZN7Ds18b208instanceEvE6device)
    Ds18b20::instance()::device              0x20001450   Data           1  boottask.o(.data__ZZN7Ds18b208instanceEvE6device)
    guard variable for LogUart::instance()::uart 0x20001454   Data           4  logevent.o(.data__ZZN7LogUart8instanceEvE4uart)
    guard variable for BootTask::instance()::task 0x20001458   Data           4  main.o(.data__ZZN8BootTask8instanceEvE4task)
    guard variable for MainUart::instance()::uart 0x2000145c   Data           4  mainevent.o(.data__ZZN8MainUart8instanceEvE4uart)
    guard variable for Bluetooth::instance()::ble 0x20001460   Data           4  bluetoothevent.o(.data__ZZN9Bluetooth8instanceEvE3ble)
    guard variable for PickMotor::instance()::pickMotor 0x20001464   Data           4  boottask.o(.data__ZZN9PickMotor8instanceEvE9pickMotor)
    guard variable for RobotArm1::instance()::r 0x20001468   Data           4  bluetoothevent.o(.data__ZZN9RobotArm18instanceEvE1r)
    guard variable for RobotArm2::instance()::instance 0x2000146c   Data           4  bluetoothevent.o(.data__ZZN9RobotArm28instanceEvE8instance)
    __libspace_start                         0x20001d40   Data          96  libspace.o(.bss)
    __temporary_stack_top$libspace           0x20001da0   Data           0  libspace.o(.bss)
    OTAManager::instance()::t                0x20001da8   Data        4216  mainevent.o(.bss__ZZN10OTAManager8instanceEvE1t)
    DeliverTask::instance()::INSTANCE        0x20002e20   Data        2784  bluetoothevent.o(.bss__ZZN11DeliverTask8instanceEvE8INSTANCE)
    FlashMemory::instance()::m               0x20003900   Data        4096  bluetoothevent.o(.bss__ZZN11FlashMemory8instanceEvE1m)
    PositionSwitch::instance()::instance     0x20004900   Data          56  boottask.o(.bss__ZZN14PositionSwitch8instanceEvE8instance)
    StatusUpdateTask::instance()::task       0x20004938   Data         648  boottask.o(.bss__ZZN16StatusUpdateTask8instanceEvE4task)
    MessageDispenseTask::instance()::INSTANCE 0x20004bc0   Data        1152  boottask.o(.bss__ZZN19MessageDispenseTask8instanceEvE8INSTANCE)
    Fridge::instance()::fridge               0x20005040   Data          88  boottask.o(.bss__ZZN6Fridge8instanceEvE6fridge)
    LogUart::instance()::uart                0x20005098   Data        3896  logevent.o(.bss__ZZN7LogUart8instanceEvE4uart)
    BootTask::instance()::task               0x20005fd0   Data         640  main.o(.bss__ZZN8BootTask8instanceEvE4task)
    MainUart::instance()::uart               0x20006250   Data        2792  mainevent.o(.bss__ZZN8MainUart8instanceEvE4uart)
    Bluetooth::instance()::ble               0x20006d38   Data       12632  bluetoothevent.o(.bss__ZZN9Bluetooth8instanceEvE3ble)
    PickMotor::instance()::pickMotor         0x20009e90   Data          56  boottask.o(.bss__ZZN9PickMotor8instanceEvE9pickMotor)
    RobotArm1::instance()::r                 0x20009ec8   Data          88  bluetoothevent.o(.bss__ZZN9RobotArm18instanceEvE1r)
    RobotArm2::instance()::instance          0x20009f20   Data          88  bluetoothevent.o(.bss__ZZN9RobotArm28instanceEvE8instance)



==============================================================================

Memory Map of the image

  Image Entry point : 0x08004189

  Load Region LR_IROM1 (Base: 0x08004000, Size: 0x00008558, Max: 0x0007c000, ABSOLUTE, COMPRESSED[0x00007128])

    Execution Region ER_IROM1 (Base: 0x08004000, Size: 0x000070e8, Max: 0x0007c000, ABSOLUTE)

    Base Addr    Size         Type   Attr      Idx    E Section Name        Object

    0x08004000   0x00000188   Data   RO           66    RESET               startup_stm32f40_41xxx.o
    0x08004188   0x00000008   Code   RO         3317  * !!!main             c_w.l(__main.o)
    0x08004190   0x00000034   Code   RO         3906    !!!scatter          c_w.l(__scatter.o)
    0x080041c4   0x0000003a   Code   RO         3904    !!dczerorl          c_w.l(__dczerorl.o)
    0x080041fe   0x00000002   PAD
    0x08004200   0x0000001c   Code   RO         3908    !!handler_zi        c_w.l(__scatter_zi.o)
    0x0800421c   0x00000000   Code   RO         3522    .ARM.Collect$$_printf_percent$$00000000  c_w.l(_printf_percent.o)
    0x0800421c   0x00000006   Code   RO         3511    .ARM.Collect$$_printf_percent$$00000001  c_w.l(_printf_n.o)
    0x08004222   0x00000006   Code   RO         3513    .ARM.Collect$$_printf_percent$$00000002  c_w.l(_printf_p.o)
    0x08004228   0x00000006   Code   RO         3518    .ARM.Collect$$_printf_percent$$00000003  c_w.l(_printf_f.o)
    0x0800422e   0x00000006   Code   RO         3519    .ARM.Collect$$_printf_percent$$00000004  c_w.l(_printf_e.o)
    0x08004234   0x00000006   Code   RO         3520    .ARM.Collect$$_printf_percent$$00000005  c_w.l(_printf_g.o)
    0x0800423a   0x00000006   Code   RO         3521    .ARM.Collect$$_printf_percent$$00000006  c_w.l(_printf_a.o)
    0x08004240   0x0000000a   Code   RO         3526    .ARM.Collect$$_printf_percent$$00000007  c_w.l(_printf_ll.o)
    0x0800424a   0x00000006   Code   RO         3515    .ARM.Collect$$_printf_percent$$00000008  c_w.l(_printf_i.o)
    0x08004250   0x00000006   Code   RO         3516    .ARM.Collect$$_printf_percent$$00000009  c_w.l(_printf_d.o)
    0x08004256   0x00000006   Code   RO         3517    .ARM.Collect$$_printf_percent$$0000000A  c_w.l(_printf_u.o)
    0x0800425c   0x00000006   Code   RO         3514    .ARM.Collect$$_printf_percent$$0000000B  c_w.l(_printf_o.o)
    0x08004262   0x00000006   Code   RO         3512    .ARM.Collect$$_printf_percent$$0000000C  c_w.l(_printf_x.o)
    0x08004268   0x00000006   Code   RO         3523    .ARM.Collect$$_printf_percent$$0000000D  c_w.l(_printf_lli.o)
    0x0800426e   0x00000006   Code   RO         3524    .ARM.Collect$$_printf_percent$$0000000E  c_w.l(_printf_lld.o)
    0x08004274   0x00000006   Code   RO         3525    .ARM.Collect$$_printf_percent$$0000000F  c_w.l(_printf_llu.o)
    0x0800427a   0x00000006   Code   RO         3530    .ARM.Collect$$_printf_percent$$00000010  c_w.l(_printf_llo.o)
    0x08004280   0x00000006   Code   RO         3531    .ARM.Collect$$_printf_percent$$00000011  c_w.l(_printf_llx.o)
    0x08004286   0x0000000a   Code   RO         3527    .ARM.Collect$$_printf_percent$$00000012  c_w.l(_printf_l.o)
    0x08004290   0x00000006   Code   RO         3509    .ARM.Collect$$_printf_percent$$00000013  c_w.l(_printf_c.o)
    0x08004296   0x00000006   Code   RO         3510    .ARM.Collect$$_printf_percent$$00000014  c_w.l(_printf_s.o)
    0x0800429c   0x00000006   Code   RO         3528    .ARM.Collect$$_printf_percent$$00000015  c_w.l(_printf_lc.o)
    0x080042a2   0x00000006   Code   RO         3529    .ARM.Collect$$_printf_percent$$00000016  c_w.l(_printf_ls.o)
    0x080042a8   0x00000004   Code   RO         3627    .ARM.Collect$$_printf_percent$$00000017  c_w.l(_printf_percent_end.o)
    0x080042ac   0x00000002   Code   RO         3772    .ARM.Collect$$libinit$$00000000  c_w.l(libinit.o)
    0x080042ae   0x00000004   Code   RO         3538    .ARM.Collect$$libinit$$00000001  c_w.l(libinit2.o)
    0x080042b2   0x00000000   Code   RO         3541    .ARM.Collect$$libinit$$00000004  c_w.l(libinit2.o)
    0x080042b2   0x00000000   Code   RO         3544    .ARM.Collect$$libinit$$0000000A  c_w.l(libinit2.o)
    0x080042b2   0x00000000   Code   RO         3546    .ARM.Collect$$libinit$$0000000C  c_w.l(libinit2.o)
    0x080042b2   0x00000000   Code   RO         3548    .ARM.Collect$$libinit$$0000000E  c_w.l(libinit2.o)
    0x080042b2   0x00000006   Code   RO         3549    .ARM.Collect$$libinit$$0000000F  c_w.l(libinit2.o)
    0x080042b8   0x00000000   Code   RO         3551    .ARM.Collect$$libinit$$00000011  c_w.l(libinit2.o)
    0x080042b8   0x0000000c   Code   RO         3552    .ARM.Collect$$libinit$$00000012  c_w.l(libinit2.o)
    0x080042c4   0x00000000   Code   RO         3553    .ARM.Collect$$libinit$$00000013  c_w.l(libinit2.o)
    0x080042c4   0x00000000   Code   RO         3555    .ARM.Collect$$libinit$$00000015  c_w.l(libinit2.o)
    0x080042c4   0x0000000a   Code   RO         3556    .ARM.Collect$$libinit$$00000016  c_w.l(libinit2.o)
    0x080042ce   0x00000000   Code   RO         3557    .ARM.Collect$$libinit$$00000017  c_w.l(libinit2.o)
    0x080042ce   0x00000000   Code   RO         3559    .ARM.Collect$$libinit$$00000019  c_w.l(libinit2.o)
    0x080042ce   0x00000000   Code   RO         3561    .ARM.Collect$$libinit$$0000001B  c_w.l(libinit2.o)
    0x080042ce   0x00000000   Code   RO         3563    .ARM.Collect$$libinit$$0000001D  c_w.l(libinit2.o)
    0x080042ce   0x00000000   Code   RO         3565    .ARM.Collect$$libinit$$0000001F  c_w.l(libinit2.o)
    0x080042ce   0x00000000   Code   RO         3567    .ARM.Collect$$libinit$$00000021  c_w.l(libinit2.o)
    0x080042ce   0x00000000   Code   RO         3569    .ARM.Collect$$libinit$$00000023  c_w.l(libinit2.o)
    0x080042ce   0x00000000   Code   RO         3571    .ARM.Collect$$libinit$$00000025  c_w.l(libinit2.o)
    0x080042ce   0x00000000   Code   RO         3575    .ARM.Collect$$libinit$$0000002C  c_w.l(libinit2.o)
    0x080042ce   0x00000000   Code   RO         3577    .ARM.Collect$$libinit$$0000002E  c_w.l(libinit2.o)
    0x080042ce   0x00000000   Code   RO         3579    .ARM.Collect$$libinit$$00000030  c_w.l(libinit2.o)
    0x080042ce   0x00000004   Code   RO         3580    .ARM.Collect$$libinit$$00000031  c_w.l(libinit2.o)
    0x080042d2   0x00000000   Code   RO         3581    .ARM.Collect$$libinit$$00000032  c_w.l(libinit2.o)
    0x080042d2   0x00000002   Code   RO         3582    .ARM.Collect$$libinit$$00000033  c_w.l(libinit2.o)
    0x080042d4   0x00000002   Code   RO         3881    .ARM.Collect$$libshutdown$$00000000  c_w.l(libshutdown.o)
    0x080042d6   0x00000000   Code   RO         3887    .ARM.Collect$$libshutdown$$00000002  c_w.l(libshutdown2.o)
    0x080042d6   0x00000000   Code   RO         3889    .ARM.Collect$$libshutdown$$00000004  c_w.l(libshutdown2.o)
    0x080042d6   0x00000000   Code   RO         3892    .ARM.Collect$$libshutdown$$00000007  c_w.l(libshutdown2.o)
    0x080042d6   0x00000000   Code   RO         3895    .ARM.Collect$$libshutdown$$0000000A  c_w.l(libshutdown2.o)
    0x080042d6   0x00000000   Code   RO         3897    .ARM.Collect$$libshutdown$$0000000C  c_w.l(libshutdown2.o)
    0x080042d6   0x00000000   Code   RO         3900    .ARM.Collect$$libshutdown$$0000000F  c_w.l(libshutdown2.o)
    0x080042d6   0x00000002   Code   RO         3901    .ARM.Collect$$libshutdown$$00000010  c_w.l(libshutdown2.o)
    0x080042d8   0x00000000   Code   RO         3440    .ARM.Collect$$rtentry$$00000000  c_w.l(__rtentry.o)
    0x080042d8   0x00000000   Code   RO         3599    .ARM.Collect$$rtentry$$00000002  c_w.l(__rtentry2.o)
    0x080042d8   0x00000006   Code   RO         3611    .ARM.Collect$$rtentry$$00000004  c_w.l(__rtentry4.o)
    0x080042de   0x00000008   Code   RO         3600    .ARM.Collect$$rtentry$$00000008  c_w.l(__rtentry2.o)
    0x080042e6   0x00000004   Code   RO         3602    .ARM.Collect$$rtentry$$0000000A  c_w.l(__rtentry2.o)
    0x080042ea   0x00000000   Code   RO         3604    .ARM.Collect$$rtentry$$0000000C  c_w.l(__rtentry2.o)
    0x080042ea   0x00000008   Code   RO         3605    .ARM.Collect$$rtentry$$0000000D  c_w.l(__rtentry2.o)
    0x080042f2   0x00000002   Code   RO         3791    .ARM.Collect$$rtexit$$00000000  c_w.l(rtexit.o)
    0x080042f4   0x00000000   Code   RO         3846    .ARM.Collect$$rtexit$$00000002  c_w.l(rtexit2.o)
    0x080042f4   0x00000004   Code   RO         3847    .ARM.Collect$$rtexit$$00000003  c_w.l(rtexit2.o)
    0x080042f8   0x00000006   Code   RO         3848    .ARM.Collect$$rtexit$$00000004  c_w.l(rtexit2.o)
    0x080042fe   0x00000002   PAD
    0x08004300   0x0000003c   Code   RO           67    .text               startup_stm32f40_41xxx.o
    0x0800433c   0x000000c4   Code   RO         3139    .text               RTX_CM4F.lib(irq_cm4f.o)
    0x08004400   0x00000024   Code   RO         3307    .text               c_w.l(c89vsprintf.o)
    0x08004424   0x0000008a   Code   RO         3309    .text               c_w.l(rt_memcpy_v6.o)
    0x080044ae   0x00000044   Code   RO         3311    .text               c_w.l(rt_memclr.o)
    0x080044f2   0x0000004e   Code   RO         3313    .text               c_w.l(rt_memclr_w.o)
    0x08004540   0x00000006   Code   RO         3315    .text               c_w.l(heapauxi.o)
    0x08004546   0x00000002   PAD
    0x08004548   0x00000024   Code   RO         3322    .text               c_w.l(init_aeabi.o)
    0x0800456c   0x0000004e   Code   RO         3443    .text               c_w.l(_printf_pad.o)
    0x080045ba   0x00000024   Code   RO         3445    .text               c_w.l(_printf_truncate.o)
    0x080045de   0x00000052   Code   RO         3447    .text               c_w.l(_printf_str.o)
    0x08004630   0x00000078   Code   RO         3449    .text               c_w.l(_printf_dec.o)
    0x080046a8   0x00000028   Code   RO         3451    .text               c_w.l(_printf_charcount.o)
    0x080046d0   0x00000030   Code   RO         3453    .text               c_w.l(_printf_char_common.o)
    0x08004700   0x0000000a   Code   RO         3455    .text               c_w.l(_sputc.o)
    0x0800470a   0x00000002   PAD
    0x0800470c   0x000000bc   Code   RO         3457    .text               c_w.l(_printf_wctomb.o)
    0x080047c8   0x0000007c   Code   RO         3460    .text               c_w.l(_printf_longlong_dec.o)
    0x08004844   0x00000070   Code   RO         3466    .text               c_w.l(_printf_oct_int_ll.o)
    0x080048b4   0x00000094   Code   RO         3486    .text               c_w.l(_printf_hex_int_ll_ptr.o)
    0x08004948   0x00000188   Code   RO         3506    .text               c_w.l(__printf_flags_ss_wp.o)
    0x08004ad0   0x0000000e   Code   RO         3532    .text               c_w.l(defsig_pvfn_outer.o)
    0x08004ade   0x00000064   Code   RO         3536    .text               c_w.l(rt_memcpy_w.o)
    0x08004b42   0x0000008a   Code   RO         3615    .text               c_w.l(lludiv10.o)
    0x08004bcc   0x000000b2   Code   RO         3617    .text               c_w.l(_printf_intcommon.o)
    0x08004c7e   0x0000041a   Code   RO         3619    .text               c_w.l(_printf_fp_dec.o)
    0x08005098   0x0000002c   Code   RO         3623    .text               c_w.l(_printf_char.o)
    0x080050c4   0x0000002c   Code   RO         3625    .text               c_w.l(_printf_wchar.o)
    0x080050f0   0x00000040   Code   RO         3628    .text               c_w.l(_wcrtomb.o)
    0x08005130   0x0000000a   Code   RO         3630    .text               c_w.l(defsig_exit.o)
    0x0800513a   0x00000002   PAD
    0x0800513c   0x00000030   Code   RO         3632    .text               c_w.l(defsig_pvfn_inner.o)
    0x0800516c   0x0000000c   Code   RO         3651    .text               c_w.l(sys_exit.o)
    0x08005178   0x0000004a   Code   RO         3653    .text               c_w.l(sys_stackheap_outer.o)
    0x080051c2   0x00000002   PAD
    0x080051c4   0x00000010   Code   RO         3655    .text               c_w.l(rt_ctype_table.o)
    0x080051d4   0x0000000a   Code   RO         3662    .text               c_w.l(rt_locale_twolibspace.o)
    0x080051de   0x00000002   PAD
    0x080051e0   0x00000080   Code   RO         3727    .text               c_w.l(_printf_fp_infnan.o)
    0x08005260   0x000000dc   Code   RO         3729    .text               c_w.l(bigflt0.o)
    0x0800533c   0x00000012   Code   RO         3757    .text               c_w.l(exit.o)
    0x0800534e   0x00000032   Code   RO         3763    .text               c_w.l(defsig_general.o)
    0x08005380   0x0000000e   Code   RO         3781    .text               c_w.l(sys_wrch.o)
    0x0800538e   0x00000002   PAD
    0x08005390   0x00000008   Code   RO         3785    .text               c_w.l(libspace.o)
    0x08005398   0x00000002   Code   RO         3788    .text               c_w.l(use_no_semi.o)
    0x0800539a   0x00000000   Code   RO         3790    .text               c_w.l(indicate_semi.o)
    0x0800539a   0x00000002   PAD
    0x0800539c   0x00000080   Code   RO         3841    .text               c_w.l(strcmpv7m.o)
    0x0800541c   0x00000046   Code   RO         3120    .text.MessageQueueGet  RTX_CM4F.lib(rtx_msgqueue.o)
    0x08005462   0x00000064   Code   RO         3114    .text.MessageQueuePut  RTX_CM4F.lib(rtx_msgqueue.o)
    0x080054c6   0x0000001c   Code   RO         3112    .text.MessageQueueRemove  RTX_CM4F.lib(rtx_msgqueue.o)
    0x080054e2   0x00000002   PAD
    0x080054e4   0x0000000c   Code   RO         3282    .text.OS_Tick_AcknowledgeIRQ  RTX_CM4F.lib(os_systick.o)
    0x080054f0   0x0000002c   Code   RO         3278    .text.OS_Tick_Enable  RTX_CM4F.lib(os_systick.o)
    0x0800551c   0x00000006   Code   RO         3284    .text.OS_Tick_GetIRQn  RTX_CM4F.lib(os_systick.o)
    0x08005522   0x00000002   PAD
    0x08005524   0x00000040   Code   RO         3276    .text.OS_Tick_Setup  RTX_CM4F.lib(os_systick.o)
    0x08005564   0x0000006a   Code   RO         2969    .text.ThreadFlagsCheck  RTX_CM4F.lib(rtx_thread.o)
    0x080055ce   0x00000002   PAD
    0x080055d0   0x00000050   Code   RO         3160    .text.TimerInsert   RTX_CM4F.lib(rtx_timer.o)
    0x08005620   0x00000024   Code   RO         3024    .text.osDelay       RTX_CM4F.lib(rtx_delay.o)
    0x08005644   0x00000034   Code   RO         2830    .text.osKernelGetState  RTX_CM4F.lib(rtx_kernel.o)
    0x08005678   0x0000002c   Code   RO         2824    .text.osKernelInitialize  RTX_CM4F.lib(rtx_kernel.o)
    0x080056a4   0x00000024   Code   RO         2834    .text.osKernelStart  RTX_CM4F.lib(rtx_kernel.o)
    0x080056c8   0x0000006c   Code   RO         3086    .text.osMessageQueueGet  RTX_CM4F.lib(rtx_msgqueue.o)
    0x08005734   0x00000024   Code   RO         3080    .text.osMessageQueueNew  RTX_CM4F.lib(rtx_msgqueue.o)
    0x08005758   0x0000007c   Code   RO         3084    .text.osMessageQueuePut  RTX_CM4F.lib(rtx_msgqueue.o)
    0x080057d4   0x00000024   Code   RO         3049    .text.osMutexAcquire  RTX_CM4F.lib(rtx_mutex.o)
    0x080057f8   0x00000024   Code   RO         3055    .text.osMutexDelete  RTX_CM4F.lib(rtx_mutex.o)
    0x0800581c   0x00000024   Code   RO         3045    .text.osMutexNew    RTX_CM4F.lib(rtx_mutex.o)
    0x08005840   0x00000024   Code   RO         3051    .text.osMutexRelease  RTX_CM4F.lib(rtx_mutex.o)
    0x08005864   0x00000080   Code   RO         3189    .text.osRtxMemoryAlloc  RTX_CM4F.lib(rtx_memory.o)
    0x080058e4   0x00000052   Code   RO         3191    .text.osRtxMemoryFree  RTX_CM4F.lib(rtx_memory.o)
    0x08005936   0x00000036   Code   RO         3187    .text.osRtxMemoryInit  RTX_CM4F.lib(rtx_memory.o)
    0x0800596c   0x00000038   Code   RO         3206    .text.osRtxMemoryPoolAlloc  RTX_CM4F.lib(rtx_mempool.o)
    0x080059a4   0x00000048   Code   RO         3208    .text.osRtxMemoryPoolFree  RTX_CM4F.lib(rtx_mempool.o)
    0x080059ec   0x00000054   Code   RO         3204    .text.osRtxMemoryPoolInit  RTX_CM4F.lib(rtx_mempool.o)
    0x08005a40   0x000000c0   Code   RO         3110    .text.osRtxMessageQueuePostProcess  RTX_CM4F.lib(rtx_msgqueue.o)
    0x08005b00   0x00000044   Code   RO         3043    .text.osRtxMutexOwnerRelease  RTX_CM4F.lib(rtx_mutex.o)
    0x08005b44   0x00000090   Code   RO         3261    .text.osRtxPendSV_Handler  RTX_CM4F.lib(rtx_system.o)
    0x08005bd4   0x00000074   Code   RO         3263    .text.osRtxPostProcess  RTX_CM4F.lib(rtx_system.o)
    0x08005c48   0x00000038   Code   RO         2909    .text.osRtxThreadBlock  RTX_CM4F.lib(rtx_thread.o)
    0x08005c80   0x0000008c   Code   RO         2917    .text.osRtxThreadDelayInsert  RTX_CM4F.lib(rtx_thread.o)
    0x08005d0c   0x00000058   Code   RO         2913    .text.osRtxThreadDelayRemove  RTX_CM4F.lib(rtx_thread.o)
    0x08005d64   0x00000038   Code   RO         2899    .text.osRtxThreadDelayTick  RTX_CM4F.lib(rtx_thread.o)
    0x08005d9c   0x00000060   Code   RO         2907    .text.osRtxThreadDispatch  RTX_CM4F.lib(rtx_thread.o)
    0x08005dfc   0x00000058   Code   RO         2993    .text.osRtxThreadFree  RTX_CM4F.lib(rtx_thread.o)
    0x08005e54   0x00000016   Code   RO         2891    .text.osRtxThreadListGet  RTX_CM4F.lib(rtx_thread.o)
    0x08005e6a   0x0000002c   Code   RO         2889    .text.osRtxThreadListPut  RTX_CM4F.lib(rtx_thread.o)
    0x08005e96   0x00000014   Code   RO         2895    .text.osRtxThreadListRemove  RTX_CM4F.lib(rtx_thread.o)
    0x08005eaa   0x00000028   Code   RO         2893    .text.osRtxThreadListSort  RTX_CM4F.lib(rtx_thread.o)
    0x08005ed2   0x0000002a   Code   RO         2967    .text.osRtxThreadPostProcess  RTX_CM4F.lib(rtx_thread.o)
    0x08005efc   0x00000014   Code   RO         2897    .text.osRtxThreadReadyPut  RTX_CM4F.lib(rtx_thread.o)
    0x08005f10   0x00000014   Code   RO         2901    .text.osRtxThreadRegPtr  RTX_CM4F.lib(rtx_thread.o)
    0x08005f24   0x00000028   Code   RO         2905    .text.osRtxThreadStackCheck  RTX_CM4F.lib(rtx_thread.o)
    0x08005f4c   0x00000058   Code   RO         2919    .text.osRtxThreadStartup  RTX_CM4F.lib(rtx_thread.o)
    0x08005fa4   0x00000010   Code   RO         2903    .text.osRtxThreadSwitch  RTX_CM4F.lib(rtx_thread.o)
    0x08005fb4   0x00000038   Code   RO         2915    .text.osRtxThreadWaitEnter  RTX_CM4F.lib(rtx_thread.o)
    0x08005fec   0x00000032   Code   RO         2911    .text.osRtxThreadWaitExit  RTX_CM4F.lib(rtx_thread.o)
    0x0800601e   0x00000002   PAD
    0x08006020   0x00000070   Code   RO         3259    .text.osRtxTick_Handler  RTX_CM4F.lib(rtx_system.o)
    0x08006090   0x00000044   Code   RO         3144    .text.osRtxTimerThread  RTX_CM4F.lib(rtx_timer.o)
    0x080060d4   0x00000058   Code   RO         3146    .text.osRtxTimerTick  RTX_CM4F.lib(rtx_timer.o)
    0x0800612c   0x0000000c   Code   RO         2951    .text.osThreadExit  RTX_CM4F.lib(rtx_thread.o)
    0x08006138   0x00000024   Code   RO         2923    .text.osThreadNew   RTX_CM4F.lib(rtx_thread.o)
    0x0800615c   0x00000024   Code   RO         2953    .text.osThreadTerminate  RTX_CM4F.lib(rtx_thread.o)
    0x08006180   0x00000014   Code   RO         3028    .text.svcRtxDelay   RTX_CM4F.lib(rtx_delay.o)
    0x08006194   0x0000000c   Code   RO         2832    .text.svcRtxKernelGetState  RTX_CM4F.lib(rtx_kernel.o)
    0x080061a0   0x00000178   Code   RO         2862    .text.svcRtxKernelInitialize  RTX_CM4F.lib(rtx_kernel.o)
    0x08006318   0x0000008c   Code   RO         2864    .text.svcRtxKernelStart  RTX_CM4F.lib(rtx_kernel.o)
    0x080063a4   0x000000e8   Code   RO         3122    .text.svcRtxMessageQueueGet  RTX_CM4F.lib(rtx_msgqueue.o)
    0x0800648c   0x00000134   Code   RO         3108    .text.svcRtxMessageQueueNew  RTX_CM4F.lib(rtx_msgqueue.o)
    0x080065c0   0x000000c0   Code   RO         3118    .text.svcRtxMessageQueuePut  RTX_CM4F.lib(rtx_msgqueue.o)
    0x08006680   0x00000094   Code   RO         3061    .text.svcRtxMutexAcquire  RTX_CM4F.lib(rtx_mutex.o)
    0x08006714   0x000000c4   Code   RO         3067    .text.svcRtxMutexDelete  RTX_CM4F.lib(rtx_mutex.o)
    0x080067d8   0x0000006c   Code   RO         3057    .text.svcRtxMutexNew  RTX_CM4F.lib(rtx_mutex.o)
    0x08006844   0x000000b4   Code   RO         3063    .text.svcRtxMutexRelease  RTX_CM4F.lib(rtx_mutex.o)
    0x080068f8   0x00000068   Code   RO         2997    .text.svcRtxThreadExit  RTX_CM4F.lib(rtx_thread.o)
    0x08006960   0x000001dc   Code   RO         2921    .text.svcRtxThreadNew  RTX_CM4F.lib(rtx_thread.o)
    0x08006b3c   0x000000bc   Code   RO         2999    .text.svcRtxThreadTerminate  RTX_CM4F.lib(rtx_thread.o)
    0x08006bf8   0x0000003e   Code   RO         3732    CL$$btod_d2e        c_w.l(btod.o)
    0x08006c36   0x00000046   Code   RO         3734    CL$$btod_d2e_denorm_low  c_w.l(btod.o)
    0x08006c7c   0x00000060   Code   RO         3733    CL$$btod_d2e_norm_op1  c_w.l(btod.o)
    0x08006cdc   0x00000338   Code   RO         3742    CL$$btod_div_common  c_w.l(btod.o)
    0x08007014   0x000000c6   Code   RO         3739    CL$$btod_e2e        c_w.l(btod.o)
    0x080070da   0x00000028   Code   RO         3736    CL$$btod_ediv       c_w.l(btod.o)
    0x08007102   0x00000028   Code   RO         3735    CL$$btod_emul       c_w.l(btod.o)
    0x0800712a   0x00000244   Code   RO         3741    CL$$btod_mult_common  c_w.l(btod.o)
    0x0800736e   0x00000002   PAD
    0x08007370   0x000000b4   Code   RO            4    i.SetSysClock       system_stm32f4xx.o
    0x08007424   0x0000005c   Code   RO            6    i.SystemInit        system_stm32f4xx.o
    0x08007480   0x000000a8   Code   RO         1850    i.UART5_IRQHandler  loguart.o
    0x08007528   0x000000a8   Code   RO         1419    i.USART2_IRQHandler  bluetooth.o
    0x080075d0   0x000000a8   Code   RO         1946    i.USART3_IRQHandler  mainuart.o
    0x08007678   0x00000054   Code   RO         2386    i._Z12vDrv8704Initv  motordriver.o
    0x080076cc   0x00000012   Code   RO         2599    i._Z4copyPvPKvj     otamanager.o
    0x080076de   0x00000002   PAD
    0x080076e0   0x000000ec   Code   RO         2388    i._Z8vSpiInitv      motordriver.o
    0x080077cc   0x0000005c   Code   RO         2389    i._Z9vSpiWriteht    motordriver.o
    0x08007828   0x00000024   Code   RO         1026    i._ZN10BaseOutput13buildAndWriteEv  statusupdatetask.o
    0x0800784c   0x00000042   Code   RO         2648    i._ZN10BaseOutput5buildEPh  baseoutput.o
    0x0800788e   0x00000022   Code   RO         2649    i._ZN10BaseOutput6formatEPKcz  baseoutput.o
    0x080078b0   0x00000012   Code   RO         1020    i._ZN10BaseOutput7append1Eh  statusupdatetask.o
    0x080078c2   0x00000024   Code   RO         1014    i._ZN10BaseOutput7append2Et  statusupdatetask.o
    0x080078e6   0x00000008   Code   RO         1008    i._ZN10BaseOutput9setActionEh  statusupdatetask.o
    0x080078ee   0x00000002   PAD
    0x080078f0   0x0000002c   Code   RO         1311    i._ZN10Compressor8instanceEv  delivertask.o
    0x0800791c   0x00000034   Code   RO         1275    i._ZN10Compressor9isCheckedEv  delivertask.o
    0x08007950   0x00000050   Code   RO         1522    i._ZN10CompressorC1Ev  compressor.o
    0x080079a0   0x000000dc   Code   RO         2600    i._ZN10OTAManager13setOTAMessageEj  otamanager.o
    0x08007a7c   0x0000008c   Code   RO          565    i._ZN10OTAManager4initEj  mainevent.o
    0x08007b08   0x00000100   Code   RO         2601    i._ZN10OTAManager6xWriteEtPKhj  otamanager.o
    0x08007c08   0x0000002c   Code   RO          541    i._ZN10OTAManager8instanceEv  mainevent.o
    0x08007c34   0x00000002   Code   RO         2602    i._ZN10OTAManagerC1Ev  otamanager.o
    0x08007c36   0x00000014   Code   RO         2452    i._ZN10PIDControl4initEifff  pidcontrol.o
    0x08007c4a   0x00000052   Code   RO         2453    i._ZN10PIDControl9nextValueEi  pidcontrol.o
    0x08007c9c   0x00000046   Code   RO         1167    i._ZN11DeliverTask10testFridgeER5Event  delivertask.o
    0x08007ce2   0x0000008a   Code   RO         1168    i._ZN11DeliverTask12robotArmTestER5Event  delivertask.o
    0x08007d6c   0x00000082   Code   RO         1169    i._ZN11DeliverTask12setGoodsTypeER5Event  delivertask.o
    0x08007dee   0x0000004e   Code   RO         1170    i._ZN11DeliverTask12testRobotArmER5Event  delivertask.o
    0x08007e3c   0x00000066   Code   RO         1171    i._ZN11DeliverTask13readGoodsTypeER5Event  delivertask.o
    0x08007ea2   0x00000002   PAD
    0x08007ea4   0x00000088   Code   RO         1172    i._ZN11DeliverTask13robotArmCheckER5Event  delivertask.o
    0x08007f2c   0x00000054   Code   RO         1173    i._ZN11DeliverTask13testPickMotorER5Event  delivertask.o
    0x08007f80   0x00000038   Code   RO         1174    i._ZN11DeliverTask14testCompressorER5Event  delivertask.o
    0x08007fb8   0x00000072   Code   RO         1175    i._ZN11DeliverTask16settingGoodsTypeER5Event  delivertask.o
    0x0800802a   0x00000002   PAD
    0x0800802c   0x000000b4   Code   RO         1176    i._ZN11DeliverTask3runEv  delivertask.o
    0x080080e0   0x0000004a   Code   RO         1177    i._ZN11DeliverTask4initER5Event  delivertask.o
    0x0800812a   0x0000012e   Code   RO         1178    i._ZN11DeliverTask7deliverER5Event  delivertask.o
    0x08008258   0x00000224   Code   RO         1179    i._ZN11DeliverTask7deliverEhhtR5Event  delivertask.o
    0x0800847c   0x0000003c   Code   RO         1180    i._ZN11DeliverTaskC1Ev  delivertask.o
    0x080084b8   0x0000006e   Code   RO         1656    i._ZN11FlashMemory10vWriteDataEjPKhj  flashmemory.o
    0x08008526   0x00000002   PAD
    0x08008528   0x00000064   Code   RO         1657    i._ZN11FlashMemory12vPageProgramEjPKhj  flashmemory.o
    0x0800858c   0x00000054   Code   RO         1658    i._ZN11FlashMemory12vSectorEarseEj  flashmemory.o
    0x080085e0   0x0000001c   Code   RO         1659    i._ZN11FlashMemory12vWriteEnableEv  flashmemory.o
    0x080085fc   0x00000024   Code   RO         1660    i._ZN11FlashMemory12xQueryStatusEv  flashmemory.o
    0x08008620   0x00000020   Code   RO         1661    i._ZN11FlashMemory14xTranslateByteEh  flashmemory.o
    0x08008640   0x00000098   Code   RO         1662    i._ZN11FlashMemory16initSpiInterfaceEv  flashmemory.o
    0x080086d8   0x0000001c   Code   RO         1287    i._ZN11FlashMemory4saveEv  delivertask.o
    0x080086f4   0x0000002c   Code   RO          255    i._ZN11FlashMemory8instanceEv  bluetoothevent.o
    0x08008720   0x00000050   Code   RO         1664    i._ZN11FlashMemory9vReadDataEjPhj  flashmemory.o
    0x08008770   0x0000001a   Code   RO         1665    i._ZN11FlashMemoryC1Ev  flashmemory.o
    0x0800878a   0x00000002   PAD
    0x0800878c   0x00000038   Code   RO         2391    i._ZN11MotorDriver6enableEv  motordriver.o
    0x080087c4   0x0000000c   Code   RO         2392    i._ZN11MotorDriver7disableEv  motordriver.o
    0x080087d0   0x0000002c   Code   RO         1323    i._ZN11MotorDriver8instanceEv  delivertask.o
    0x080087fc   0x00000018   Code   RO         2393    i._ZN11MotorDriverC1Ev  motordriver.o
    0x08008814   0x00000016   Code   RO          775    i._ZN12BaseProtocol5writeEv  logevent.o
    0x0800882a   0x00000076   Code   RO         2484    i._ZN12BaseProtocolC1EPhRK5Eventh  baseprotocol.o
    0x080088a0   0x0000004c   Code   RO          203    i._ZN14BluetoothEvent14onStatusChangeEhhh  bluetoothevent.o
    0x080088ec   0x00000060   Code   RO          205    i._ZN14BluetoothEvent7disposeEv  bluetoothevent.o
    0x0800894c   0x00000018   Code   RO          206    i._ZN14BluetoothEvent8onResultEPKht  bluetoothevent.o
    0x08008964   0x00000002   Code   RO          207    i._ZN14BluetoothEvent8onReturnEh  bluetoothevent.o
    0x08008966   0x00000002   PAD
    0x08008968   0x0000002c   Code   RO         1803    i._ZN14PositionSwitch8instanceEv  fridge.o
    0x08008994   0x00000050   Code   RO         2008    i._ZN14PositionSwitch9xGetValueEv  positionswitch.o
    0x080089e4   0x00000068   Code   RO         2009    i._ZN14PositionSwitchC1Ev  positionswitch.o
    0x08008a4c   0x000001f0   Code   RO          982    i._ZN16StatusUpdateTask3runEv  statusupdatetask.o
    0x08008c3c   0x00000028   Code   RO          983    i._ZN16StatusUpdateTaskC1Ev  statusupdatetask.o
    0x08008c64   0x000000e0   Code   RO         1081    i._ZN19MessageDispenseTask3runEv  messagedispensetask.o
    0x08008d44   0x00000028   Code   RO         1082    i._ZN19MessageDispenseTaskC1Ev  messagedispensetask.o
    0x08008d6c   0x00000044   Code   RO         2353    i._ZN3Led5blinkEv   led.o
    0x08008db0   0x00000044   Code   RO         2354    i._ZN3LedC1Ev       led.o
    0x08008df4   0x00000012   Code   RO          946    i._ZN4Task14startThreadFunEPv  task.o
    0x08008e06   0x00000010   Code   RO          947    i._ZN4Task4stopEv   task.o
    0x08008e16   0x00000002   PAD
    0x08008e18   0x00000024   Code   RO          948    i._ZN4Task5startEv  task.o
    0x08008e3c   0x0000002c   Code   RO          949    i._ZN4TaskC2EPKcPyj12osPriority_t  task.o
    0x08008e68   0x00000002   Code   RO          407    i._ZN5Event14onStatusChangeEhhh  event.o
    0x08008e6a   0x00000002   Code   RO          408    i._ZN5Event8onResultEPKht  event.o
    0x08008e6c   0x00000002   Code   RO          409    i._ZN5Event8onReturnEh  event.o
    0x08008e6e   0x00000002   PAD
    0x08008e70   0x00000010   Code   RO         1107    i._ZN5EventC1Ev     messagedispensetask.o
    0x08008e80   0x0000007c   Code   RO         1743    i._ZN6Fridge12initMotoGpioEv  fridge.o
    0x08008efc   0x00000038   Code   RO         1744    i._ZN6Fridge14initMotoDriverEv  fridge.o
    0x08008f34   0x00000064   Code   RO         1745    i._ZN6Fridge15initCounterGpioEv  fridge.o
    0x08008f98   0x0000003c   Code   RO         1746    i._ZN6Fridge17initCounterDriverEv  fridge.o
    0x08008fd4   0x000000b4   Code   RO         1747    i._ZN6Fridge5xOpenEtj  fridge.o
    0x08009088   0x00000012   Code   RO         1809    i._ZN6Fridge6isOpenEv  fridge.o
    0x0800909a   0x00000002   PAD
    0x0800909c   0x000000b4   Code   RO         1748    i._ZN6Fridge6xCloseEtj  fridge.o
    0x08009150   0x00000012   Code   RO         1815    i._ZN6Fridge7isCloseEv  fridge.o
    0x08009162   0x00000002   PAD
    0x08009164   0x0000002c   Code   RO         1749    i._ZN6Fridge7vSetDirENS_3DirE  fridge.o
    0x08009190   0x0000002c   Code   RO         1305    i._ZN6Fridge8instanceEv  delivertask.o
    0x080091bc   0x00000034   Code   RO         1750    i._ZN6FridgeC1Ev    fridge.o
    0x080091f0   0x00000020   Code   RO          714    i._ZN6SenderC1EPKc  sender.o
    0x08009210   0x0000003c   Code   RO         1563    i._ZN7Ds18b2010vWriteByteEh  ds18b20.o
    0x0800924c   0x0000004c   Code   RO         1564    i._ZN7Ds18b2012xCheckDeviceEv  ds18b20.o
    0x08009298   0x00000020   Code   RO         1565    i._ZN7Ds18b206vResetEv  ds18b20.o
    0x080092b8   0x00000022   Code   RO         1566    i._ZN7Ds18b206vStartEv  ds18b20.o
    0x080092da   0x00000002   PAD
    0x080092dc   0x00000030   Code   RO         1567    i._ZN7Ds18b208xReadBitEv  ds18b20.o
    0x0800930c   0x00000040   Code   RO         1568    i._ZN7Ds18b209xGetValueEv  ds18b20.o
    0x0800934c   0x00000020   Code   RO         1569    i._ZN7Ds18b209xReadByteEv  ds18b20.o
    0x0800936c   0x0000004c   Code   RO         1570    i._ZN7Ds18b20C1Ev   ds18b20.o
    0x080093b8   0x0000002e   Code   RO         1851    i._ZN7LogUart5writeEPKht  loguart.o
    0x080093e6   0x00000002   PAD
    0x080093e8   0x00000010   Code   RO         1852    i._ZN7LogUart5writeEh  loguart.o
    0x080093f8   0x0000002c   Code   RO          769    i._ZN7LogUart8instanceEv  logevent.o
    0x08009424   0x0000014c   Code   RO         1853    i._ZN7LogUartC1Ev   loguart.o
    0x08009570   0x00000264   Code   RO          807    i._ZN8BootTask3runEv  boottask.o
    0x080097d4   0x00000028   Code   RO          808    i._ZN8BootTaskC1Ev  boottask.o
    0x080097fc   0x0000004c   Code   RO          729    i._ZN8LogEvent14onStatusChangeEhhh  logevent.o
    0x08009848   0x000000bc   Code   RO          730    i._ZN8LogEvent15onCheckRobotArmEv  logevent.o
    0x08009904   0x00000070   Code   RO          731    i._ZN8LogEvent7disposeEv  logevent.o
    0x08009974   0x00000022   Code   RO          732    i._ZN8LogEvent8onReturnEh  logevent.o
    0x08009996   0x0000002e   Code   RO         1947    i._ZN8MainUart5writeEPKht  mainuart.o
    0x080099c4   0x00000014   Code   RO         1948    i._ZN8MainUart5writeEh  mainuart.o
    0x080099d8   0x0000002c   Code   RO          547    i._ZN8MainUart8instanceEv  mainevent.o
    0x08009a04   0x00000104   Code   RO         1949    i._ZN8MainUartC1Ev  mainuart.o
    0x08009b08   0x00000044   Code   RO         2568    i._ZN8Protocol5buildEPh  protocol.o
    0x08009b4c   0x0000000e   Code   RO          261    i._ZN8Protocol7append1Eh  bluetoothevent.o
    0x08009b5a   0x00000024   Code   RO          559    i._ZN8Protocol7append2Et  mainevent.o
    0x08009b7e   0x00000008   Code   RO          553    i._ZN8ProtocolC1EPh  mainevent.o
    0x08009b86   0x0000000a   Code   RO         1113    i._ZN8Receiver4recvEP5Eventj  messagedispensetask.o
    0x08009b90   0x00000036   Code   RO          702    i._ZN8ReceiverC1EPKcPyjj  receiver.o
    0x08009bc6   0x00000002   PAD
    0x08009bc8   0x00000038   Code   RO         2206    i._ZN8SysTimer5vInitEv  systimer.o
    0x08009c00   0x00000014   Code   RO         2207    i._ZN8SysTimer8vDelayUsEt  systimer.o
    0x08009c14   0x000000f0   Code   RO         1420    i._ZN9Bluetooth10initDriverEv  bluetooth.o
    0x08009d04   0x0000002e   Code   RO         1421    i._ZN9Bluetooth5writeEPKht  bluetooth.o
    0x08009d32   0x00000002   PAD
    0x08009d34   0x00000014   Code   RO         1422    i._ZN9Bluetooth5writeEh  bluetooth.o
    0x08009d48   0x0000002c   Code   RO          249    i._ZN9Bluetooth8instanceEv  bluetoothevent.o
    0x08009d74   0x00000048   Code   RO         1423    i._ZN9BluetoothC1Ev  bluetooth.o
    0x08009dbc   0x00000054   Code   RO          480    i._ZN9MainEvent11onOTANotifyEv  mainevent.o
    0x08009e10   0x00000036   Code   RO          482    i._ZN9MainEvent5writeEhh  mainevent.o
    0x08009e46   0x00000002   PAD
    0x08009e48   0x0000008c   Code   RO          484    i._ZN9MainEvent7disposeEv  mainevent.o
    0x08009ed4   0x00000018   Code   RO          485    i._ZN9MainEvent8onResultEPKht  mainevent.o
    0x08009eec   0x0000006e   Code   RO          486    i._ZN9MainEvent9onPackageEv  mainevent.o
    0x08009f5a   0x00000002   PAD
    0x08009f5c   0x00000090   Code   RO         2240    i._ZN9PickMotor12initMotoGpioEv  pickmotor.o
    0x08009fec   0x00000048   Code   RO         2241    i._ZN9PickMotor14initMotoDriverEv  pickmotor.o
    0x0800a034   0x00000058   Code   RO         2242    i._ZN9PickMotor15initCounterGpioEv  pickmotor.o
    0x0800a08c   0x00000030   Code   RO         2243    i._ZN9PickMotor17initCounterDriverEv  pickmotor.o
    0x0800a0bc   0x0000002e   Code   RO         2244    i._ZN9PickMotor17xGoDownOfAbsoluteEtjj  pickmotor.o
    0x0800a0ea   0x00000002   PAD
    0x0800a0ec   0x0000008c   Code   RO         2245    i._ZN9PickMotor25xGoDownAndCheckCompressorEtjj  pickmotor.o
    0x0800a178   0x00000012   Code   RO         2318    i._ZN9PickMotor5isTopEv  pickmotor.o
    0x0800a18a   0x00000002   PAD
    0x0800a18c   0x0000015c   Code   RO         2246    i._ZN9PickMotor5xGoUpEtjj  pickmotor.o
    0x0800a2e8   0x00000034   Code   RO         2247    i._ZN9PickMotor7vSetDirENS_3DirE  pickmotor.o
    0x0800a31c   0x000000a8   Code   RO         2248    i._ZN9PickMotor7xGoDownEtjj  pickmotor.o
    0x0800a3c4   0x0000002c   Code   RO         1317    i._ZN9PickMotor8instanceEv  delivertask.o
    0x0800a3f0   0x00000038   Code   RO         2312    i._ZN9PickMotor9isCheckedEv  pickmotor.o
    0x0800a428   0x00000048   Code   RO         2249    i._ZN9PickMotorC1Ev  pickmotor.o
    0x0800a470   0x000000e8   Code   RO         2041    i._ZN9RobotArm111xRotationToEtjt  robotarm1.o
    0x0800a558   0x000000c8   Code   RO         2042    i._ZN9RobotArm112initMotoGpioEv  robotarm1.o
    0x0800a620   0x0000005c   Code   RO         2043    i._ZN9RobotArm114initMotoDriverEv  robotarm1.o
    0x0800a67c   0x00000058   Code   RO         2045    i._ZN9RobotArm115initCounterGpioEv  robotarm1.o
    0x0800a6d4   0x00000038   Code   RO         2046    i._ZN9RobotArm117initCounterDriverEv  robotarm1.o
    0x0800a70c   0x00000022   Code   RO         2047    i._ZN9RobotArm120xGetAbsolutePositionEv  robotarm1.o
    0x0800a72e   0x00000002   PAD
    0x0800a730   0x00000028   Code   RO         2048    i._ZN9RobotArm17vSetDirENS_3DirE  robotarm1.o
    0x0800a758   0x0000002c   Code   RO         1293    i._ZN9RobotArm18instanceEv  delivertask.o
    0x0800a784   0x00000064   Code   RO         2049    i._ZN9RobotArm1C1Ev  robotarm1.o
    0x0800a7e8   0x000000e8   Code   RO         2127    i._ZN9RobotArm211xRotationToEtjt  robotarm2.o
    0x0800a8d0   0x00000040   Code   RO         2128    i._ZN9RobotArm212initMotoGpioEv  robotarm2.o
    0x0800a910   0x00000038   Code   RO         2130    i._ZN9RobotArm214vInversedBrakeEv  robotarm2.o
    0x0800a948   0x00000058   Code   RO         2131    i._ZN9RobotArm215initCounterGpioEv  robotarm2.o
    0x0800a9a0   0x00000054   Code   RO         2132    i._ZN9RobotArm217initCounterDriverEv  robotarm2.o
    0x0800a9f4   0x00000024   Code   RO         2133    i._ZN9RobotArm220xGetAbsolutePositionEv  robotarm2.o
    0x0800aa18   0x00000028   Code   RO         2134    i._ZN9RobotArm27vSetDirENS_3DirE  robotarm2.o
    0x0800aa40   0x0000002c   Code   RO         1299    i._ZN9RobotArm28instanceEv  delivertask.o
    0x0800aa6c   0x0000005c   Code   RO         2135    i._ZN9RobotArm2C1Ev  robotarm2.o
    0x0800aac8   0x00000042   Code   RO          410    i._ZNK5Event17isCorrectOfResultEv  event.o
    0x0800ab0a   0x00000010   Code   RO         1281    i._ZNK5Event4arg2Eh  delivertask.o
    0x0800ab1a   0x0000001c   Code   RO          411    i._ZNK5Event5checkEv  event.o
    0x0800ab36   0x0000003a   Code   RO          412    i._ZNK5Event9isCorrectEv  event.o
    0x0800ab70   0x00000030   Code   RO         3779    i.__ARM_fpclassify  m_wm.l(fpclassify.o)
    0x0800aba0   0x00000010   Code   RO         3328    i.__cxa_guard_acquire  cpprt_w.l(cxa_guard_acquire.o)
    0x0800abb0   0x00000006   Code   RO         3325    i.__cxa_pure_virtual  cpprt_w.l(pure_virt.o)
    0x0800abb6   0x00000002   PAD
    0x0800abb8   0x00000018   Code   RO         1854    i.__sti___11_LogUart_cpp_f947086d  loguart.o
    0x0800abd0   0x00000018   Code   RO         1950    i.__sti___12_MainUart_cpp_f0dc2c7d  mainuart.o
    0x0800abe8   0x00000018   Code   RO         1424    i.__sti___13_Bluetooth_cpp_6b41d81d  bluetooth.o
    0x0800ac00   0x0000000e   Code   RO         3499    i._is_digit         c_w.l(__printf_wp.o)
    0x0800ac0e   0x0000001c   Code   RO         2682    i._mutex_acquire    rtx_lib.o
    0x0800ac2a   0x00000006   Code   RO         2683    i._mutex_free       rtx_lib.o
    0x0800ac30   0x00000020   Code   RO         2684    i._mutex_initialize  rtx_lib.o
    0x0800ac50   0x00000018   Code   RO         2685    i._mutex_release    rtx_lib.o
    0x0800ac68   0x00000004   Code   RO         2686    i._platform_post_stackheap_init  rtx_lib.o
    0x0800ac6c   0x00000038   Code   RO           74    i.main              main.o
    0x0800aca4   0x00000002   Code   RO         2790    i.osRtxErrorNotify  rtx_config.o
    0x0800aca6   0x00000002   Code   RO         2791    i.osRtxIdleThread   rtx_config.o
    0x0800aca8   0x00000002   Code   RO         2687    i.osRtxKernelPreInit  rtx_lib.o
    0x0800acaa   0x00000002   PAD
    0x0800acac   0x0000001c   Code   RO         2688    i.os_kernel_is_active  rtx_lib.o
    0x0800acc8   0x0000002c   Code   RO         3755    locale$$code        c_w.l(lc_numeric_c.o)
    0x0800acf4   0x0000002c   Code   RO         3829    locale$$code        c_w.l(lc_ctype_c.o)
    0x0800ad20   0x0000000a   Code   RO         3649    x$fpl$fpinit        fz_wm.l(fpinit.o)
    0x0800ad2a   0x00000004   Code   RO         3596    x$fpl$printf1       fz_wm.l(printf1.o)
    0x0800ad2e   0x00000000   Code   RO         3778    x$fpl$usenofp       fz_wm.l(usenofp.o)
    0x0800ad2e   0x00000002   PAD
    0x0800ad30   0x00000024   Data   RO         2698    .constdata          rtx_lib.o
    0x0800ad54   0x00000024   Data   RO         2699    .constdata          rtx_lib.o
    0x0800ad78   0x00000018   Data   RO         2700    .constdata          rtx_lib.o
    0x0800ad90   0x00000004   Data   RO         2701    .constdata          rtx_lib.o
    0x0800ad94   0x00000008   Data   RO         3458    .constdata          c_w.l(_printf_wctomb.o)
    0x0800ad9c   0x00000028   Data   RO         3487    .constdata          c_w.l(_printf_hex_int_ll_ptr.o)
    0x0800adc4   0x00000011   Data   RO         3507    .constdata          c_w.l(__printf_flags_ss_wp.o)
    0x0800add5   0x00000003   PAD
    0x0800add8   0x00000094   Data   RO         3730    .constdata          c_w.l(bigflt0.o)
    0x0800ae6c   0x0000000c   Data   RO         1274    .constdata__ZTV11DeliverTask  delivertask.o
    0x0800ae78   0x00000014   Data   RO          248    .constdata__ZTV14BluetoothEvent  bluetoothevent.o
    0x0800ae8c   0x0000000c   Data   RO         1007    .constdata__ZTV16StatusUpdateTask  statusupdatetask.o
    0x0800ae98   0x0000000c   Data   RO         1106    .constdata__ZTV19MessageDispenseTask  messagedispensetask.o
    0x0800aea4   0x0000000c   Data   RO          975    .constdata__ZTV4Task  task.o
    0x0800aeb0   0x00000014   Data   RO          456    .constdata__ZTV5Event  event.o
    0x0800aec4   0x0000000c   Data   RO         1895    .constdata__ZTV7LogUart  loguart.o
    0x0800aed0   0x0000000c   Data   RO          832    .constdata__ZTV8BootTask  boottask.o
    0x0800aedc   0x00000014   Data   RO          768    .constdata__ZTV8LogEvent  logevent.o
    0x0800aef0   0x0000000c   Data   RO         1991    .constdata__ZTV8MainUart  mainuart.o
    0x0800aefc   0x0000000c   Data   RO         1470    .constdata__ZTV9Bluetooth  bluetooth.o
    0x0800af08   0x00000014   Data   RO          540    .constdata__ZTV9MainEvent  mainevent.o
    0x0800af1c   0x00000068   Data   RO         2704    .rodata             rtx_lib.o
    0x0800af84   0x0000000b   Data   RO         2876    .rodata.str1.4      RTX_CM4F.lib(rtx_kernel.o)
    0x0800af8f   0x00000001   PAD
    0x0800af90   0x00000020   Data   RO         3902    Region$$Table       anon$$obj.o
    0x0800afb0   0x0000001c   Data   RO         3754    locale$$data        c_w.l(lc_numeric_c.o)
    0x0800afcc   0x00000110   Data   RO         3828    locale$$data        c_w.l(lc_ctype_c.o)
    0x0800b0dc   0x00000004   Data   RO         1433    .init_array         bluetooth.o
    0x0800b0e0   0x00000004   Data   RO         1862    .init_array         loguart.o
    0x0800b0e4   0x00000004   Data   RO         1958    .init_array         mainuart.o
    0x0800b0e8   0x00000000   Data   RO         3320    .init_array         c_w.l(init_aeabi.o)


    Execution Region RW_IRAM1 (Base: 0x20000000, Size: 0x0000a378, Max: 0x00020000, ABSOLUTE, COMPRESSED[0x00000040])

    Base Addr    Size         Type   Attr      Idx    E Section Name        Object

    0x20000000   0x00001000   Data   RW         2689    .bss.os             rtx_lib.o
    0x20001000   0x00000040   Data   RW         2690    .bss.os             rtx_lib.o
    0x20001040   0x00000034   Data   RW         2692    .bss.os.msgqueue.cb  rtx_lib.o
    0x20001074   0x00000050   Data   RW         2693    .bss.os.msgqueue.mem  rtx_lib.o
    0x200010c4   0x00000044   Data   RW         2694    .bss.os.thread.cb   rtx_lib.o
    0x20001108   0x00000044   Data   RW         2695    .bss.os.thread.cb   rtx_lib.o
    0x2000114c   0x00000004   PAD
    0x20001150   0x00000100   Data   RW         2696    .bss.os.thread.stack  rtx_lib.o
    0x20001250   0x00000100   Data   RW         2697    .bss.os.thread.stack  rtx_lib.o
    0x20001350   0x00000014   Data   RW            7    .data               system_stm32f4xx.o
    0x20001364   0x00000004   Data   RW         1432    .data               bluetooth.o
    0x20001368   0x00000004   Data   RW         1861    .data               loguart.o
    0x2000136c   0x00000004   Data   RW         1957    .data               mainuart.o
    0x20001370   0x00000001   Data   RW         2703    .data               rtx_lib.o
    0x20001371   0x00000003   PAD
    0x20001374   0x000000a4   Data   RW         2877    .data.os            RTX_CM4F.lib(rtx_kernel.o)
    0x20001418   0x00000005   Data   RW          836    .data__ZZN10Compressor8instanceEvE3com  boottask.o
    0x2000141d   0x00000003   PAD
    0x20001420   0x00000004   Data   RW          575    .data__ZZN10OTAManager8instanceEvE1t  mainevent.o
    0x20001424   0x00000004   Data   RW          276    .data__ZZN11DeliverTask8instanceEvE8INSTANCE  bluetoothevent.o
    0x20001428   0x00000004   Data   RW          268    .data__ZZN11FlashMemory8instanceEvE1m  bluetoothevent.o
    0x2000142c   0x00000005   Data   RW          847    .data__ZZN11MotorDriver8instanceEvE6driver  boottask.o
    0x20001431   0x00000003   PAD
    0x20001434   0x00000004   Data   RW          834    .data__ZZN14PositionSwitch8instanceEvE8instance  boottask.o
    0x20001438   0x00000004   Data   RW          844    .data__ZZN16StatusUpdateTask8instanceEvE4task  boottask.o
    0x2000143c   0x00000004   Data   RW          842    .data__ZZN19MessageDispenseTask8instanceEvE8INSTANCE  boottask.o
    0x20001440   0x00000005   Data   RW          846    .data__ZZN3Led8instanceEvE1l  boottask.o
    0x20001445   0x00000003   PAD
    0x20001448   0x00000004   Data   RW          838    .data__ZZN6Fridge8instanceEvE6fridge  boottask.o
    0x2000144c   0x00000005   Data   RW          837    .data__ZZN7Ds18b208instanceEvE6device  boottask.o
    0x20001451   0x00000003   PAD
    0x20001454   0x00000004   Data   RW          783    .data__ZZN7LogUart8instanceEvE4uart  logevent.o
    0x20001458   0x00000004   Data   RW           93    .data__ZZN8BootTask8instanceEvE4task  main.o
    0x2000145c   0x00000004   Data   RW          573    .data__ZZN8MainUart8instanceEvE4uart  mainevent.o
    0x20001460   0x00000004   Data   RW          274    .data__ZZN9Bluetooth8instanceEvE3ble  bluetoothevent.o
    0x20001464   0x00000004   Data   RW          840    .data__ZZN9PickMotor8instanceEvE9pickMotor  boottask.o
    0x20001468   0x00000004   Data   RW          270    .data__ZZN9RobotArm18instanceEvE1r  bluetoothevent.o
    0x2000146c   0x00000004   Data   RW          272    .data__ZZN9RobotArm28instanceEvE8instance  bluetoothevent.o
    0x20001470   0x000002b0   Zero   RW         1431    .bss                bluetooth.o
    0x20001720   0x000002b0   Zero   RW         1860    .bss                loguart.o
    0x200019d0   0x00000370   Zero   RW         1956    .bss                mainuart.o
    0x20001d40   0x00000060   Zero   RW         3786    .bss                c_w.l(libspace.o)
    0x20001da0   0x00000001   Zero   RW         3294    .bss.PendST         RTX_CM4F.lib(os_systick.o)
    0x20001da1   0x00000007   PAD
    0x20001da8   0x00001078   Zero   RW          576    .bss__ZZN10OTAManager8instanceEvE1t  mainevent.o
    0x20002e20   0x00000ae0   Zero   RW          277    .bss__ZZN11DeliverTask8instanceEvE8INSTANCE  bluetoothevent.o
    0x20003900   0x00001000   Zero   RW          269    .bss__ZZN11FlashMemory8instanceEvE1m  bluetoothevent.o
    0x20004900   0x00000038   Zero   RW          835    .bss__ZZN14PositionSwitch8instanceEvE8instance  boottask.o
    0x20004938   0x00000288   Zero   RW          845    .bss__ZZN16StatusUpdateTask8instanceEvE4task  boottask.o
    0x20004bc0   0x00000480   Zero   RW          843    .bss__ZZN19MessageDispenseTask8instanceEvE8INSTANCE  boottask.o
    0x20005040   0x00000058   Zero   RW          839    .bss__ZZN6Fridge8instanceEvE6fridge  boottask.o
    0x20005098   0x00000f38   Zero   RW          784    .bss__ZZN7LogUart8instanceEvE4uart  logevent.o
    0x20005fd0   0x00000280   Zero   RW           94    .bss__ZZN8BootTask8instanceEvE4task  main.o
    0x20006250   0x00000ae8   Zero   RW          574    .bss__ZZN8MainUart8instanceEvE4uart  mainevent.o
    0x20006d38   0x00003158   Zero   RW          275    .bss__ZZN9Bluetooth8instanceEvE3ble  bluetoothevent.o
    0x20009e90   0x00000038   Zero   RW          841    .bss__ZZN9PickMotor8instanceEvE9pickMotor  boottask.o
    0x20009ec8   0x00000058   Zero   RW          271    .bss__ZZN9RobotArm18instanceEvE1r  bluetoothevent.o
    0x20009f20   0x00000058   Zero   RW          273    .bss__ZZN9RobotArm28instanceEvE8instance  bluetoothevent.o
    0x20009f78   0x00000000   Zero   RW           65    HEAP                startup_stm32f40_41xxx.o
    0x20009f78   0x00000400   Zero   RW           64    STACK               startup_stm32f40_41xxx.o


==============================================================================

Image component sizes


      Code (inc. data)   RO Data    RW Data    ZI Data      Debug   Object Name

       100          0          0          0          0       4604   baseoutput.o
       118          0          0          0          0       5260   baseprotocol.o
       570         84         16          4        688      38443   bluetooth.o
       300         42         20         20      19688     264016   bluetoothevent.o
       652        144         12         40       2000      21540   boottask.o
        80          8          0          0          0       2564   compressor.o
      2432        118         12          0          0      29576   delivertask.o
       422         26          0          0          0       6980   ds18b20.o
       158          0         20          0          0       6748   event.o
       648         50          0          0          0       9340   flashmemory.o
       876        122          0          0          0      10320   fridge.o
       136         14          0          0          0       1320   led.o
       476         48         20          4       3896       6680   logevent.o
       586         82         16          4        688      38030   loguart.o
        56          8          0          4        640     250683   main.o
       684         52         20          8       7008      26168   mainevent.o
       518         84         16          4        880       6272   mainuart.o
       290         56         12          0          0      11928   messagedispensetask.o
       504         56          0          0          0       3887   motordriver.o
       496          8          0          0          0      31430   otamanager.o
      1252        164          0          0          0      13460   pickmotor.o
       102          0          0          0          0       3032   pidcontrol.o
       184         30          0          0          0       2196   positionswitch.o
        68          0          0          0          0       4860   protocol.o
        54          0          0          0          0       1636   receiver.o
       842         84          0          0          0       8832   robotarm1.o
       692         80          0          0          0       7456   robotarm2.o
         4          0          0          0          0        969   rtx_config.o
       124          4        204       4941          0      16128   rtx_lib.o
        32          0          0          0          0        552   sender.o
        60         22        392          0       1024        824   startup_stm32f40_41xxx.o
       634         50         12          0          0       8892   statusupdatetask.o
       272         38          0         20          0       6285   system_stm32f4xx.o
        76         14          0          0          0        928   systimer.o
       114         12         12          0          0       3052   task.o

    ----------------------------------------------------------------------
     14654       1500        816       5068      36512     854891   Object Totals
         0          0         32          0          0          0   (incl. Generated)
        42          0          0         19          0          0   (incl. Padding)

    ----------------------------------------------------------------------

      Code (inc. data)   RO Data    RW Data    ZI Data      Debug   Library Member Name

       196         12          0          0          0        544   irq_cm4f.o
       126         32          0          0          1       3637   os_systick.o
        56          4          0          0          0       3110   rtx_delay.o
       660         48         11        164          0      18879   rtx_kernel.o
       264          0          0          0          0       2733   rtx_memory.o
       212          0          0          0          0      17095   rtx_mempool.o
      1390         28          0          0          0      19369   rtx_msgqueue.o
       844         32          0          0          0      10275   rtx_mutex.o
       372         24          0          0          0       5693   rtx_system.o
      1940        100          0          0          0      34306   rtx_thread.o
       236         20          0          0          0      11154   rtx_timer.o
        58          0          0          0          0          0   __dczerorl.o
         8          0          0          0          0         68   __main.o
       392          4         17          0          0         92   __printf_flags_ss_wp.o
        14          0          0          0          0         68   __printf_wp.o
         0          0          0          0          0          0   __rtentry.o
        20          0          0          0          0          0   __rtentry2.o
         6          0          0          0          0          0   __rtentry4.o
        52          8          0          0          0          0   __scatter.o
        28          0          0          0          0          0   __scatter_zi.o
         6          0          0          0          0          0   _printf_a.o
         6          0          0          0          0          0   _printf_c.o
        44          0          0          0          0        108   _printf_char.o
        48          6          0          0          0         96   _printf_char_common.o
        40          0          0          0          0         68   _printf_charcount.o
         6          0          0          0          0          0   _printf_d.o
       120         16          0          0          0         92   _printf_dec.o
         6          0          0          0          0          0   _printf_e.o
         6          0          0          0          0          0   _printf_f.o
      1050          0          0          0          0        216   _printf_fp_dec.o
       128         16          0          0          0         84   _printf_fp_infnan.o
         6          0          0          0          0          0   _printf_g.o
       148          4         40          0          0        160   _printf_hex_int_ll_ptr.o
         6          0          0          0          0          0   _printf_i.o
       178          0          0          0          0         88   _printf_intcommon.o
        10          0          0          0          0          0   _printf_l.o
         6          0          0          0          0          0   _printf_lc.o
        10          0          0          0          0          0   _printf_ll.o
         6          0          0          0          0          0   _printf_lld.o
         6          0          0          0          0          0   _printf_lli.o
         6          0          0          0          0          0   _printf_llo.o
         6          0          0          0          0          0   _printf_llu.o
         6          0          0          0          0          0   _printf_llx.o
       124         16          0          0          0         92   _printf_longlong_dec.o
         6          0          0          0          0          0   _printf_ls.o
         6          0          0          0          0          0   _printf_n.o
         6          0          0          0          0          0   _printf_o.o
       112         10          0          0          0        124   _printf_oct_int_ll.o
         6          0          0          0          0          0   _printf_p.o
        78          0          0          0          0        108   _printf_pad.o
         0          0          0          0          0          0   _printf_percent.o
         4          0          0          0          0          0   _printf_percent_end.o
         6          0          0          0          0          0   _printf_s.o
        82          0          0          0          0         80   _printf_str.o
        36          0          0          0          0         84   _printf_truncate.o
         6          0          0          0          0          0   _printf_u.o
        44          0          0          0          0        108   _printf_wchar.o
       188          6          8          0          0         92   _printf_wctomb.o
         6          0          0          0          0          0   _printf_x.o
        10          0          0          0          0         68   _sputc.o
        64          0          0          0          0         92   _wcrtomb.o
       220          4        148          0          0         96   bigflt0.o
      1910        128          0          0          0        672   btod.o
        36          4          0          0          0         76   c89vsprintf.o
        10          0          0          0          0         68   defsig_exit.o
        50          0          0          0          0         88   defsig_general.o
        48         34          0          0          0         76   defsig_pvfn_inner.o
        14          0          0          0          0         80   defsig_pvfn_outer.o
        18          0          0          0          0         80   exit.o
         6          0          0          0          0        152   heapauxi.o
         0          0          0          0          0          0   indicate_semi.o
        36         10          0          0          0         80   init_aeabi.o
        44         10        272          0          0         76   lc_ctype_c.o
        44         10         28          0          0         76   lc_numeric_c.o
         2          0          0          0          0          0   libinit.o
        38          0          0          0          0          0   libinit2.o
         2          0          0          0          0          0   libshutdown.o
         2          0          0          0          0          0   libshutdown2.o
         8          4          0          0         96         68   libspace.o
       138          0          0          0          0         80   lludiv10.o
        16          4          0          0          0         76   rt_ctype_table.o
        10          0          0          0          0         76   rt_locale_twolibspace.o
        68          0          0          0          0         68   rt_memclr.o
        78          0          0          0          0         80   rt_memclr_w.o
       138          0          0          0          0         68   rt_memcpy_v6.o
       100          0          0          0          0         80   rt_memcpy_w.o
         2          0          0          0          0          0   rtexit.o
        10          0          0          0          0          0   rtexit2.o
       128          0          0          0          0         68   strcmpv7m.o
        12          4          0          0          0         68   sys_exit.o
        74          0          0          0          0         80   sys_stackheap_outer.o
        14          0          0          0          0         76   sys_wrch.o
         2          0          0          0          0         68   use_no_semi.o
        16          0          0          0          0         68   cxa_guard_acquire.o
         6          0          0          0          0         68   pure_virt.o
        10          0          0          0          0        116   fpinit.o
         4          0          0          0          0        116   printf1.o
         0          0          0          0          0          0   usenofp.o
        48          0          0          0          0        124   fpclassify.o

    ----------------------------------------------------------------------
     12906        598        528        164        104     131851   Library Totals
        32          0          4          0          7          0   (incl. Padding)

    ----------------------------------------------------------------------

      Code (inc. data)   RO Data    RW Data    ZI Data      Debug   Library Name

      6296        300         11        164          1     126795   RTX_CM4F.lib
      6494        298        513          0         96       4564   c_w.l
        22          0          0          0          0        136   cpprt_w.l
        14          0          0          0          0        232   fz_wm.l
        48          0          0          0          0        124   m_wm.l

    ----------------------------------------------------------------------
     12906        598        528        164        104     131851   Library Totals

    ----------------------------------------------------------------------

==============================================================================


      Code (inc. data)   RO Data    RW Data    ZI Data      Debug   

     27560       2098       1344       5232      36616     966846   Grand Totals
     27560       2098       1344         64      36616     966846   ELF Image Totals (compressed)
     27560       2098       1344         64          0          0   ROM Totals

==============================================================================

    Total RO  Size (Code + RO Data)                28904 (  28.23kB)
    Total RW  Size (RW Data + ZI Data)             41848 (  40.87kB)
    Total ROM Size (Code + RO Data + RW Data)      28968 (  28.29kB)

==============================================================================

