Component: ARM Compiler 5.06 update 4 (build 422) Tool: armlink [4d35d2]

==============================================================================

Section Cross References

    system_stm32f4xx.o(i.SystemCoreClockUpdate) refers to system_stm32f4xx.o(.data) for .data
    system_stm32f4xx.o(i.SystemInit) refers to system_stm32f4xx.o(i.SetSysClock) for SetSysClock
    startup_stm32f40_41xxx.o(STACK) refers (Special) to heapauxi.o(.text) for __use_two_region_memory
    startup_stm32f40_41xxx.o(HEAP) refers (Special) to heapauxi.o(.text) for __use_two_region_memory
    startup_stm32f40_41xxx.o(RESET) refers (Special) to heapauxi.o(.text) for __use_two_region_memory
    startup_stm32f40_41xxx.o(RESET) refers to startup_stm32f40_41xxx.o(STACK) for __initial_sp
    startup_stm32f40_41xxx.o(RESET) refers to startup_stm32f40_41xxx.o(.text) for Reset_Handler
    startup_stm32f40_41xxx.o(RESET) refers to irq_cm4f.o(.text) for SVC_Handler
    startup_stm32f40_41xxx.o(RESET) refers to bluetooth.o(i.USART2_IRQHandler) for USART2_IRQHandler
    startup_stm32f40_41xxx.o(RESET) refers to mainuart.o(i.USART3_IRQHandler) for USART3_IRQHandler
    startup_stm32f40_41xxx.o(RESET) refers to loguart.o(i.UART5_IRQHandler) for UART5_IRQHandler
    startup_stm32f40_41xxx.o(.text) refers (Special) to heapauxi.o(.text) for __use_two_region_memory
    startup_stm32f40_41xxx.o(.text) refers to system_stm32f4xx.o(i.SystemInit) for SystemInit
    startup_stm32f40_41xxx.o(.text) refers to __main.o(!!!main) for __main
    startup_stm32f40_41xxx.o(.text) refers to startup_stm32f40_41xxx.o(HEAP) for Heap_Mem
    startup_stm32f40_41xxx.o(.text) refers to startup_stm32f40_41xxx.o(STACK) for Stack_Mem
    main.o(i.main) refers to rtx_kernel.o(.text.osKernelInitialize) for osKernelInitialize
    main.o(i.main) refers to cxa_guard_acquire.o(i.__cxa_guard_acquire) for __cxa_guard_acquire
    main.o(i.main) refers to boottask.o(i._ZN8BootTaskC1Ev) for BootTask::BootTask()
    main.o(i.main) refers to task.o(i._ZN4Task5startEv) for Task::start()
    main.o(i.main) refers to rtx_kernel.o(.text.osKernelStart) for osKernelStart
    main.o(i.main) refers to main.o(.data__ZZN8BootTask8instanceEvE4task) for guard variable for BootTask::instance()::task
    main.o(i.main) refers to main.o(.bss__ZZN8BootTask8instanceEvE4task) for BootTask::instance()::task
    main.o(.ARM.exidx) refers to main.o(i.main) for i.main
    bluetoothevent.o(i._ZN14BluetoothEvent14onStatusChangeEhhh) refers to bluetoothevent.o(i._ZN8Protocol7append1Eh) for Protocol::append1(unsigned char)
    bluetoothevent.o(i._ZN14BluetoothEvent14onStatusChangeEhhh) refers to protocol.o(i._ZN8Protocol5buildEPh) for Protocol::build(unsigned char*)
    bluetoothevent.o(i._ZN14BluetoothEvent14onStatusChangeEhhh) refers to bluetoothevent.o(i._ZN9Bluetooth8instanceEv) for Bluetooth::instance()
    bluetoothevent.o(i._ZN14BluetoothEvent15onCheckRobotArmEv) refers to cxa_guard_acquire.o(i.__cxa_guard_acquire) for __cxa_guard_acquire
    bluetoothevent.o(i._ZN14BluetoothEvent15onCheckRobotArmEv) refers to robotarm1.o(i._ZN9RobotArm1C1Ev) for RobotArm1::RobotArm1()
    bluetoothevent.o(i._ZN14BluetoothEvent15onCheckRobotArmEv) refers to bluetoothevent.o(i._ZN11FlashMemory8instanceEv) for FlashMemory::instance()
    bluetoothevent.o(i._ZN14BluetoothEvent15onCheckRobotArmEv) refers to robotarm2.o(i._ZN9RobotArm2C1Ev) for RobotArm2::RobotArm2()
    bluetoothevent.o(i._ZN14BluetoothEvent15onCheckRobotArmEv) refers to flashmemory.o(i._ZN11FlashMemory12vSectorEarseEj) for FlashMemory::vSectorEarse(unsigned)
    bluetoothevent.o(i._ZN14BluetoothEvent15onCheckRobotArmEv) refers to flashmemory.o(i._ZN11FlashMemory10vWriteDataEjPKhj) for FlashMemory::vWriteData(unsigned, const unsigned char*, unsigned)
    bluetoothevent.o(i._ZN14BluetoothEvent15onCheckRobotArmEv) refers to bluetoothevent.o(.data__ZZN9RobotArm18instanceEvE1r) for guard variable for RobotArm1::instance()::r
    bluetoothevent.o(i._ZN14BluetoothEvent15onCheckRobotArmEv) refers to bluetoothevent.o(.bss__ZZN9RobotArm18instanceEvE1r) for RobotArm1::instance()::r
    bluetoothevent.o(i._ZN14BluetoothEvent15onCheckRobotArmEv) refers to bluetoothevent.o(.data__ZZN9RobotArm28instanceEvE8instance) for guard variable for RobotArm2::instance()::instance
    bluetoothevent.o(i._ZN14BluetoothEvent15onCheckRobotArmEv) refers to bluetoothevent.o(.bss__ZZN9RobotArm28instanceEvE8instance) for RobotArm2::instance()::instance
    bluetoothevent.o(i._ZN14BluetoothEvent7disposeEv) refers to event.o(i._ZNK5Event9isCorrectEv) for Event::isCorrect() const
    bluetoothevent.o(i._ZN14BluetoothEvent7disposeEv) refers to cxa_guard_acquire.o(i.__cxa_guard_acquire) for __cxa_guard_acquire
    bluetoothevent.o(i._ZN14BluetoothEvent7disposeEv) refers to delivertask.o(i._ZN11DeliverTaskC1Ev) for DeliverTask::DeliverTask()
[...]
    UART5_IRQHandler                         0x08007a79   Thumb Code   142  loguart.o(i.UART5_IRQHandler)
    USART2_IRQHandler                        0x08007b21   Thumb Code   144  bluetooth.o(i.USART2_IRQHandler)
    USART3_IRQHandler                        0x08007bc9   Thumb Code   140  mainuart.o(i.USART3_IRQHandler)
    vDrv8704Init()                           0x08007c71   Thumb Code    76  motordriver.o(i._Z12vDrv8704Initv)
    copy(void*, const void*, unsigned)       0x08007cc5   Thumb Code    18  otamanager.o(i._Z4copyPvPKvj)
    BaseOutput::buildAndWrite()              0x08007e21   Thumb Code    36  statusupdatetask.o(i._ZN10BaseOutput13buildAndWriteEv)
    BaseOutput::build(unsigned char*)        0x08007e45   Thumb Code    66  baseoutput.o(i._ZN10BaseOutput5buildEPh)
    BaseOutput::format(const char*, ...)     0x08007e87   Thumb Code    34  baseoutput.o(i._ZN10BaseOutput6formatEPKcz)
    BaseOutput::append1(unsigned char)       0x08007ea9   Thumb Code    14  statusupdatetask.o(i._ZN10BaseOutput7append1Eh)
    BaseOutput::append2(unsigned short)      0x08007eb7   Thumb Code    36  statusupdatetask.o(i._ZN10BaseOutput7append2Et)
    BaseOutput::setAction(unsigned char)     0x08007edb   Thumb Code     8  statusupdatetask.o(i._ZN10BaseOutput9setActionEh)
    Compressor::instance()                   0x08007ee5   Thumb Code    34  delivertask.o(i._ZN10Compressor8instanceEv)
    Compressor::isChecked()                  0x08007f11   Thumb Code    44  delivertask.o(i._ZN10Compressor9isCheckedEv)
    Compressor::Compressor()                 0x08007f45   Thumb Code    72  compressor.o(i._ZN10CompressorC1Ev)
    Compressor::Compressor__sub_object()     0x08007f45   Thumb Code     0  compressor.o(i._ZN10CompressorC1Ev)
    OTAManager::setOTAMessage(unsigned)      0x08007f95   Thumb Code   220  otamanager.o(i._ZN10OTAManager13setOTAMessageEj)
    OTAManager::init(unsigned)               0x08008071   Thumb Code   132  mainevent.o(i._ZN10OTAManager4initEj)
    OTAManager::xWrite(unsigned short, const unsigned char*, unsigned) 0x080080fd   Thumb Code   248  otamanager.o(i._ZN10OTAManager6xWriteEtPKhj)
    OTAManager::instance()                   0x080081fd   Thumb Code    34  mainevent.o(i._ZN10OTAManager8instanceEv)
    OTAManager::OTAManager()                 0x08008229   Thumb Code     2  otamanager.o(i._ZN10OTAManagerC1Ev)
    OTAManager::OTAManager__sub_object()     0x08008229   Thumb Code     0  otamanager.o(i._ZN10OTAManagerC1Ev)
    PIDControl::init(int, float, float, float) 0x0800822b   Thumb Code    20  pidcontrol.o(i._ZN10PIDControl4initEifff)
    PIDControl::nextValue(int)               0x0800823f   Thumb Code    82  pidcontrol.o(i._ZN10PIDControl9nextValueEi)
    DeliverTask::testFridge(Event&)          0x08008291   Thumb Code    70  delivertask.o(i._ZN11DeliverTask10testFridgeER5Event)
    DeliverTask::robotArmTest(Event&)        0x080082d7   Thumb Code   138  delivertask.o(i._ZN11DeliverTask12robotArmTestER5Event)
    DeliverTask::setGoodsType(Event&)        0x08008361   Thumb Code   130  delivertask.o(i._ZN11DeliverTask12setGoodsTypeER5Event)
    DeliverTask::testRobotArm(Event&)        0x080083e3   Thumb Code    78  delivertask.o(i._ZN11DeliverTask12testRobotArmER5Event)
    DeliverTask::readGoodsType(Event&)       0x08008431   Thumb Code   102  delivertask.o(i._ZN11DeliverTask13readGoodsTypeER5Event)
    DeliverTask::robotArmCheck(Event&)       0x08008499   Thumb Code   130  delivertask.o(i._ZN11DeliverTask13robotArmCheckER5Event)
    DeliverTask::testPickMotor(Event&)       0x08008521   Thumb Code    84  delivertask.o(i._ZN11DeliverTask13testPickMotorER5Event)
    DeliverTask::testCompressor(Event&)      0x08008575   Thumb Code    50  delivertask.o(i._ZN11DeliverTask14testCompressorER5Event)
    DeliverTask::settingGoodsType(Event&)    0x080085ad   Thumb Code   114  delivertask.o(i._ZN11DeliverTask16settingGoodsTypeER5Event)
    DeliverTask::run()                       0x08008621   Thumb Code   198  delivertask.o(i._ZN11DeliverTask3runEv)
    DeliverTask::init(Event&)                0x080086f1   Thumb Code    74  delivertask.o(i._ZN11DeliverTask4initER5Event)
    DeliverTask::deliver(Event&)             0x0800873b   Thumb Code   302  delivertask.o(i._ZN11DeliverTask7deliverER5Event)
    DeliverTask::deliver(unsigned char, unsigned char, unsigned short, Event&) 0x08008869   Thumb Code   544  delivertask.o(i._ZN11DeliverTask7deliverEhhtR5Event)
    DeliverTask::instance()                  0x08008a8d   Thumb Code    34  mainevent.o(i._ZN11DeliverTask8instanceEv)
    DeliverTask::DeliverTask()               0x08008ab9   Thumb Code    46  delivertask.o(i._ZN11DeliverTaskC1Ev)
    DeliverTask::DeliverTask__sub_object()   0x08008ab9   Thumb Code     0  delivertask.o(i._ZN11DeliverTaskC1Ev)
    FlashMemory::vWriteData(unsigned, const unsigned char*, unsigned) 0x08008af5   Thumb Code   110  flashmemory.o(i._ZN11FlashMemory10vWriteDataEjPKhj)
    FlashMemory::vPageProgram(unsigned, const unsigned char*, unsigned) 0x08008b65   Thumb Code    96  flashmemory.o(i._ZN11FlashMemory12vPageProgramEjPKhj)
    FlashMemory::vSectorEarse(unsigned)      0x08008bc9   Thumb Code    78  flashmemory.o(i._ZN11FlashMemory12vSectorEarseEj)
    FlashMemory::vWriteEnable()              0x08008c1d   Thumb Code    22  flashmemory.o(i._ZN11FlashMemory12vWriteEnableEv)
    FlashMemory::xQueryStatus()              0x08008c39   Thumb Code    32  flashmemory.o(i._ZN11FlashMemory12xQueryStatusEv)
    FlashMemory::xTranslateByte(unsigned char) 0x08008c5d   Thumb Code    26  flashmemory.o(i._ZN11FlashMemory14xTranslateByteEh)
    FlashMemory::initSpiInterface()          0x08008c7d   Thumb Code   132  flashmemory.o(i._ZN11FlashMemory16initSpiInterfaceEv)
    FlashMemory::save()                      0x08008d15   Thumb Code    28  delivertask.o(i._ZN11FlashMemory4saveEv)
    FlashMemory::instance()                  0x08008d31   Thumb Code    34  bluetoothevent.o(i._ZN11FlashMemory8instanceEv)
    FlashMemory::vReadData(unsigned, unsigned char*, unsigned) 0x08008d5d   Thumb Code    76  flashmemory.o(i._ZN11FlashMemory9vReadDataEjPhj)
    FlashMemory::FlashMemory()               0x08008dad   Thumb Code    26  flashmemory.o(i._ZN11FlashMemoryC1Ev)
    FlashMemory::FlashMemory__sub_object()   0x08008dad   Thumb Code     0  flashmemory.o(i._ZN11FlashMemoryC1Ev)
    MotorDriver::enable()                    0x08008dc9   Thumb Code    50  motordriver.o(i._ZN11MotorDriver6enableEv)
    MotorDriver::disable()                   0x08008e01   Thumb Code     8  motordriver.o(i._ZN11MotorDriver7disableEv)
    MotorDriver::instance()                  0x08008e0d   Thumb Code    34  delivertask.o(i._ZN11MotorDriver8instanceEv)
    MotorDriver::MotorDriver()               0x08008e39   Thumb Code    18  motordriver.o(i._ZN11MotorDriverC1Ev)
    MotorDriver::MotorDriver__sub_object()   0x08008e39   Thumb Code     0  motordriver.o(i._ZN11MotorDriverC1Ev)
    BaseProtocol::write()                    0x08008e51   Thumb Code    22  logevent.o(i._ZN12BaseProtocol5writeEv)
    BaseProtocol::BaseProtocol(unsigned char*, const Event&, unsigned char) 0x08008e67   Thumb Code   118  baseprotocol.o(i._ZN12BaseProtocolC1EPhRK5Eventh)
    BaseProtocol::BaseProtocol__sub_object(unsigned char*, const Event&, unsigned char) 0x08008e67   Thumb Code     0  baseprotocol.o(i._ZN12BaseProtocolC1EPhRK5Eventh)
    BluetoothEvent::onStatusChange(unsigned char, unsigned char, unsigned char) 0x08008edd   Thumb Code    76  bluetoothevent.o(i._ZN14BluetoothEvent14onStatusChangeEhhh)
    BluetoothEvent::dispose()                0x08008f29   Thumb Code    90  bluetoothevent.o(i._ZN14BluetoothEvent7disposeEv)
    BluetoothEvent::onResult(const unsigned char*, unsigned short) 0x08008f8d   Thumb Code    24  bluetoothevent.o(i._ZN14BluetoothEvent8onResultEPKht)
    BluetoothEvent::onReturn(unsigned char)  0x08008fa5   Thumb Code     2  bluetoothevent.o(i._ZN14BluetoothEvent8onReturnEh)
    PositionSwitch::instance()               0x08008fa9   Thumb Code    34  fridge.o(i._ZN14PositionSwitch8instanceEv)
    PositionSwitch::xGetValue()              0x08008fd5   Thumb Code    74  positionswitch.o(i._ZN14PositionSwitch9xGetValueEv)
    PositionSwitch::PositionSwitch()         0x08009025   Thumb Code    80  positionswitch.o(i._ZN14PositionSwitchC1Ev)
    PositionSwitch::PositionSwitch__sub_object() 0x08009025   Thumb Code     0  positionswitch.o(i._ZN14PositionSwitchC1Ev)
    StatusUpdateTask::run()                  0x0800908d   Thumb Code   460  statusupdatetask.o(i._ZN16StatusUpdateTask3runEv)
    StatusUpdateTask::StatusUpdateTask()     0x0800927d   Thumb Code    26  statusupdatetask.o(i._ZN16StatusUpdateTaskC1Ev)
    StatusUpdateTask::StatusUpdateTask__sub_object() 0x0800927d   Thumb Code     0  statusupdatetask.o(i._ZN16StatusUpdateTaskC1Ev)
    MessageDispenseTask::run()               0x080092a5   Thumb Code   186  messagedispensetask.o(i._ZN19MessageDispenseTask3runEv)
    MessageDispenseTask::MessageDispenseTask() 0x08009385   Thumb Code    26  messagedispensetask.o(i._ZN19MessageDispenseTaskC1Ev)
    MessageDispenseTask::MessageDispenseTask__sub_object() 0x08009385   Thumb Code     0  messagedispensetask.o(i._ZN19MessageDispenseTaskC1Ev)
    Led::blink()                             0x080093ad   Thumb Code    62  led.o(i._ZN3Led5blinkEv)
    Led::Led()                               0x080093f1   Thumb Code    60  led.o(i._ZN3LedC1Ev)
    Led::Led__sub_object()                   0x080093f1   Thumb Code     0  led.o(i._ZN3LedC1Ev)
    Task::startThreadFun(void*)              0x08009435   Thumb Code    18  task.o(i._ZN4Task14startThreadFunEPv)
    Task::stop()                             0x08009447   Thumb Code    16  task.o(i._ZN4Task4stopEv)
    Task::start()                            0x08009459   Thumb Code    30  task.o(i._ZN4Task5startEv)
    Task::Task__sub_object(const char*, unsigned long long*, unsigned, osPriority_t) 0x0800947d   Thumb Code    38  task.o(i._ZN4TaskC2EPKcPyj12osPriority_t)
    ELock::vInit()                           0x080094a9   Thumb Code    72  elock.o(i._ZN5ELock5vInitEv)
    Event::onStatusChange(unsigned char, unsigned char, unsigned char) 0x080094f9   Thumb Code     2  event.o(i._ZN5Event14onStatusChangeEhhh)
    Event::onResult(const unsigned char*, unsigned short) 0x080094fb   Thumb Code     2  event.o(i._ZN5Event8onResultEPKht)
    Event::onReturn(unsigned char)           0x080094fd   Thumb Code     2  event.o(i._ZN5Event8onReturnEh)
    Event::Event()                           0x08009501   Thumb Code    12  messagedispensetask.o(i._ZN5EventC1Ev)
    Event::Event__sub_object()               0x08009501   Thumb Code     0  messagedispensetask.o(i._ZN5EventC1Ev)
    Fridge::initMotoGpio()                   0x08009511   Thumb Code   112  fridge.o(i._ZN6Fridge12initMotoGpioEv)
    Fridge::initMotoDriver()                 0x0800958d   Thumb Code    48  fridge.o(i._ZN6Fridge14initMotoDriverEv)
    Fridge::initCounterGpio()                0x080095c5   Thumb Code    90  fridge.o(i._ZN6Fridge15initCounterGpioEv)
    Fridge::initCounterDriver()              0x08009629   Thumb Code    52  fridge.o(i._ZN6Fridge17initCounterDriverEv)
    Fridge::xOpen(unsigned short, unsigned)  0x08009665   Thumb Code   150  fridge.o(i._ZN6Fridge5xOpenEtj)
    Fridge::isOpen()                         0x08009719   Thumb Code    18  fridge.o(i._ZN6Fridge6isOpenEv)
    Fridge::xClose(unsigned short, unsigned) 0x0800972d   Thumb Code   150  fridge.o(i._ZN6Fridge6xCloseEtj)
    Fridge::isClose()                        0x080097e1   Thumb Code    18  fridge.o(i._ZN6Fridge7isCloseEv)
    Fridge::vSetDir(Fridge::Dir)             0x080097f5   Thumb Code    38  fridge.o(i._ZN6Fridge7vSetDirENS_3DirE)
    Fridge::instance()                       0x08009821   Thumb Code    34  delivertask.o(i._ZN6Fridge8instanceEv)
    Fridge::Fridge()                         0x0800984d   Thumb Code    44  fridge.o(i._ZN6FridgeC1Ev)
    Fridge::Fridge__sub_object()             0x0800984d   Thumb Code     0  fridge.o(i._ZN6FridgeC1Ev)
    Sender::Sender(const char*)              0x08009881   Thumb Code    32  sender.o(i._ZN6SenderC1EPKc)
    Sender::Sender__sub_object(const char*)  0x08009881   Thumb Code     0  sender.o(i._ZN6SenderC1EPKc)
    Ds18b20::vWriteByte(unsigned char)       0x080098a1   Thumb Code    56  ds18b20.o(i._ZN7Ds18b2010vWriteByteEh)
    Ds18b20::xCheckDevice()                  0x080098dd   Thumb Code    72  ds18b20.o(i._ZN7Ds18b2012xCheckDeviceEv)
    Ds18b20::vReset()                        0x08009929   Thumb Code    28  ds18b20.o(i._ZN7Ds18b206vResetEv)
    Ds18b20::vStart()                        0x08009949   Thumb Code    34  ds18b20.o(i._ZN7Ds18b206vStartEv)
    Ds18b20::xReadBit()                      0x0800996d   Thumb Code    44  ds18b20.o(i._ZN7Ds18b208xReadBitEv)
    Ds18b20::xGetValue()                     0x0800999d   Thumb Code    64  ds18b20.o(i._ZN7Ds18b209xGetValueEv)
    Ds18b20::xReadByte()                     0x080099dd   Thumb Code    32  ds18b20.o(i._ZN7Ds18b209xReadByteEv)
    Ds18b20::Ds18b20()                       0x080099fd   Thumb Code    66  ds18b20.o(i._ZN7Ds18b20C1Ev)
    Ds18b20::Ds18b20__sub_object()           0x080099fd   Thumb Code     0  ds18b20.o(i._ZN7Ds18b20C1Ev)
    LogUart::write(const unsigned char*, unsigned short) 0x08009a49   Thumb Code    46  loguart.o(i._ZN7LogUart5writeEPKht)
    LogUart::write(unsigned char)            0x08009a79   Thumb Code    12  loguart.o(i._ZN7LogUart5writeEh)
    LogUart::instance()                      0x08009a89   Thumb Code    34  logevent.o(i._ZN7LogUart8instanceEv)
    LogUart::LogUart()                       0x08009ab5   Thumb Code   290  loguart.o(i._ZN7LogUartC1Ev)
    LogUart::LogUart__sub_object()           0x08009ab5   Thumb Code     0  loguart.o(i._ZN7LogUartC1Ev)
    BootTask::run()                          0x08009c01   Thumb Code   486  boottask.o(i._ZN8BootTask3runEv)
    BootTask::BootTask()                     0x08009e69   Thumb Code    26  boottask.o(i._ZN8BootTaskC1Ev)
    BootTask::BootTask__sub_object()         0x08009e69   Thumb Code     0  boottask.o(i._ZN8BootTaskC1Ev)
    LogEvent::onStatusChange(unsigned char, unsigned char, unsigned char) 0x08009e91   Thumb Code    76  logevent.o(i._ZN8LogEvent14onStatusChangeEhhh)
    LogEvent::onCheckRobotArm()              0x08009edd   Thumb Code   166  logevent.o(i._ZN8LogEvent15onCheckRobotArmEv)
    LogEvent::dispose()                      0x08009f99   Thumb Code   112  logevent.o(i._ZN8LogEvent7disposeEv)
    LogEvent::onReturn(unsigned char)        0x0800a011   Thumb Code    34  logevent.o(i._ZN8LogEvent8onReturnEh)
    MainUart::write(const unsigned char*, unsigned short) 0x0800a033   Thumb Code    46  mainuart.o(i._ZN8MainUart5writeEPKht)
    MainUart::write(unsigned char)           0x0800a061   Thumb Code    16  mainuart.o(i._ZN8MainUart5writeEh)
    MainUart::instance()                     0x0800a075   Thumb Code    34  mainevent.o(i._ZN8MainUart8instanceEv)
    MainUart::MainUart()                     0x0800a0a1   Thumb Code   218  mainuart.o(i._ZN8MainUartC1Ev)
    MainUart::MainUart__sub_object()         0x0800a0a1   Thumb Code     0  mainuart.o(i._ZN8MainUartC1Ev)
    Protocol::build(unsigned char*)          0x0800a1a5   Thumb Code    68  protocol.o(i._ZN8Protocol5buildEPh)
    Protocol::append1(unsigned char)         0x0800a1e9   Thumb Code    14  bluetoothevent.o(i._ZN8Protocol7append1Eh)
    Protocol::append2(unsigned short)        0x0800a1f7   Thumb Code    36  mainevent.o(i._ZN8Protocol7append2Et)
    Protocol::Protocol(unsigned char*)       0x0800a21b   Thumb Code     8  mainevent.o(i._ZN8ProtocolC1EPh)
    Protocol::Protocol__sub_object(unsigned char*) 0x0800a21b   Thumb Code     0  mainevent.o(i._ZN8ProtocolC1EPh)
    Receiver::put(const Event*)              0x0800a223   Thumb Code    10  mainevent.o(i._ZN8Receiver3putEPK5Event)
    Receiver::recv(Event*, unsigned)         0x0800a22d   Thumb Code    10  messagedispensetask.o(i._ZN8Receiver4recvEP5Eventj)
    Receiver::Receiver(const char*, unsigned long long*, unsigned, unsigned) 0x0800a237   Thumb Code    54  receiver.o(i._ZN8ReceiverC1EPKcPyjj)
    Receiver::Receiver__sub_object(const char*, unsigned long long*, unsigned, unsigned) 0x0800a237   Thumb Code     0  receiver.o(i._ZN8ReceiverC1EPKcPyjj)
    SysTimer::vInit()                        0x0800a26d   Thumb Code    48  systimer.o(i._ZN8SysTimer5vInitEv)
    SysTimer::vDelayUs(unsigned short)       0x0800a2a5   Thumb Code    14  systimer.o(i._ZN8SysTimer8vDelayUsEt)
    Bluetooth::initDriver()                  0x0800a2b9   Thumb Code   212  bluetooth.o(i._ZN9Bluetooth10initDriverEv)
    Bluetooth::write(const unsigned char*, unsigned short) 0x0800a3a9   Thumb Code    46  bluetooth.o(i._ZN9Bluetooth5writeEPKht)
    Bluetooth::write(unsigned char)          0x0800a3d9   Thumb Code    16  bluetooth.o(i._ZN9Bluetooth5writeEh)
    Bluetooth::instance()                    0x0800a3ed   Thumb Code    34  bluetoothevent.o(i._ZN9Bluetooth8instanceEv)
    Bluetooth::Bluetooth()                   0x0800a419   Thumb Code    54  bluetooth.o(i._ZN9BluetoothC1Ev)
    Bluetooth::Bluetooth__sub_object()       0x0800a419   Thumb Code     0  bluetooth.o(i._ZN9BluetoothC1Ev)
    MainEvent::onOTANotify()                 0x0800a461   Thumb Code    84  mainevent.o(i._ZN9MainEvent11onOTANotifyEv)
    MainEvent::write(unsigned char, unsigned char) 0x0800a4b5   Thumb Code    54  mainevent.o(i._ZN9MainEvent5writeEhh)
    MainEvent::dispose()                     0x0800a4eb   Thumb Code   102  mainevent.o(i._ZN9MainEvent7disposeEv)
    MainEvent::onResult(const unsigned char*, unsigned short) 0x0800a551   Thumb Code    24  mainevent.o(i._ZN9MainEvent8onResultEPKht)
    MainEvent::onPackage()                   0x0800a569   Thumb Code   110  mainevent.o(i._ZN9MainEvent9onPackageEv)
    PickMotor::initMotoGpio()                0x0800a5d9   Thumb Code   132  pickmotor.o(i._ZN9PickMotor12initMotoGpioEv)
    PickMotor::initMotoDriver()              0x0800a669   Thumb Code    64  pickmotor.o(i._ZN9PickMotor14initMotoDriverEv)
    PickMotor::initCounterGpio()             0x0800a6b1   Thumb Code    78  pickmotor.o(i._ZN9PickMotor15initCounterGpioEv)
    PickMotor::initCounterDriver()           0x0800a709   Thumb Code    40  pickmotor.o(i._ZN9PickMotor17initCounterDriverEv)
    PickMotor::xGoDownOfAbsolute(unsigned short, unsigned, unsigned) 0x0800a739   Thumb Code    46  pickmotor.o(i._ZN9PickMotor17xGoDownOfAbsoluteEtjj)
    PickMotor::xGoDownAndCheckCompressor(unsigned short, unsigned, unsigned) 0x0800a769   Thumb Code   132  pickmotor.o(i._ZN9PickMotor25xGoDownAndCheckCompressorEtjj)
    PickMotor::isTop()                       0x0800a7f5   Thumb Code    18  pickmotor.o(i._ZN9PickMotor5isTopEv)
    PickMotor::xGoUp(unsigned short, unsigned, unsigned) 0x0800a809   Thumb Code   292  pickmotor.o(i._ZN9PickMotor5xGoUpEtjj)
    PickMotor::vSetDir(PickMotor::Dir)       0x0800a965   Thumb Code    48  pickmotor.o(i._ZN9PickMotor7vSetDirENS_3DirE)
    PickMotor::xGoDown(unsigned short, unsigned, unsigned) 0x0800a999   Thumb Code   134  pickmotor.o(i._ZN9PickMotor7xGoDownEtjj)
    PickMotor::instance()                    0x0800aa41   Thumb Code    34  delivertask.o(i._ZN9PickMotor8instanceEv)
    PickMotor::isChecked()                   0x0800aa6d   Thumb Code    46  pickmotor.o(i._ZN9PickMotor9isCheckedEv)
    PickMotor::PickMotor()                   0x0800aaa5   Thumb Code    58  pickmotor.o(i._ZN9PickMotorC1Ev)
    PickMotor::PickMotor__sub_object()       0x0800aaa5   Thumb Code     0  pickmotor.o(i._ZN9PickMotorC1Ev)
    RobotArm1::xRotationTo(unsigned short, unsigned, unsigned short) 0x0800aaed   Thumb Code   214  robotarm1.o(i._ZN9RobotArm111xRotationToEtjt)
    RobotArm1::initMotoGpio()                0x0800abd5   Thumb Code   186  robotarm1.o(i._ZN9RobotArm112initMotoGpioEv)
    RobotArm1::initMotoDriver()              0x0800ac9d   Thumb Code    82  robotarm1.o(i._ZN9RobotArm114initMotoDriverEv)
    RobotArm1::initCounterGpio()             0x0800acf9   Thumb Code    78  robotarm1.o(i._ZN9RobotArm115initCounterGpioEv)
    RobotArm1::initCounterDriver()           0x0800ad51   Thumb Code    50  robotarm1.o(i._ZN9RobotArm117initCounterDriverEv)
    RobotArm1::xGetAbsolutePosition()        0x0800ad89   Thumb Code    34  robotarm1.o(i._ZN9RobotArm120xGetAbsolutePositionEv)
    RobotArm1::vSetDir(RobotArm1::Dir)       0x0800adad   Thumb Code    36  robotarm1.o(i._ZN9RobotArm17vSetDirENS_3DirE)
    RobotArm1::instance()                    0x0800add5   Thumb Code    34  delivertask.o(i._ZN9RobotArm18instanceEv)
    RobotArm1::RobotArm1()                   0x0800ae01   Thumb Code    78  robotarm1.o(i._ZN9RobotArm1C1Ev)
    RobotArm1::RobotArm1__sub_object()       0x0800ae01   Thumb Code     0  robotarm1.o(i._ZN9RobotArm1C1Ev)
    RobotArm2::xRotationTo(unsigned short, unsigned, unsigned short) 0x0800ae65   Thumb Code   214  robotarm2.o(i._ZN9RobotArm211xRotationToEtjt)
    RobotArm2::initMotoGpio()                0x0800af4d   Thumb Code    54  robotarm2.o(i._ZN9RobotArm212initMotoGpioEv)
    RobotArm2::vInversedBrake()              0x0800af8d   Thumb Code    52  robotarm2.o(i._ZN9RobotArm214vInversedBrakeEv)
    RobotArm2::initCounterGpio()             0x0800afc5   Thumb Code    78  robotarm2.o(i._ZN9RobotArm215initCounterGpioEv)
    RobotArm2::initCounterDriver()           0x0800b01d   Thumb Code    74  robotarm2.o(i._ZN9RobotArm217initCounterDriverEv)
    RobotArm2::xGetAbsolutePosition()        0x0800b071   Thumb Code    32  robotarm2.o(i._ZN9RobotArm220xGetAbsolutePositionEv)
    RobotArm2::vSetDir(RobotArm2::Dir)       0x0800b095   Thumb Code    36  robotarm2.o(i._ZN9RobotArm27vSetDirENS_3DirE)
    RobotArm2::instance()                    0x0800b0bd   Thumb Code    34  delivertask.o(i._ZN9RobotArm28instanceEv)
    RobotArm2::RobotArm2()                   0x0800b0e9   Thumb Code    72  robotarm2.o(i._ZN9RobotArm2C1Ev)
    RobotArm2::RobotArm2__sub_object()       0x0800b0e9   Thumb Code     0  robotarm2.o(i._ZN9RobotArm2C1Ev)
    Event::isCorrectOfResult() const         0x0800b145   Thumb Code    66  event.o(i._ZNK5Event17isCorrectOfResultEv)
    Event::arg2(unsigned char) const         0x0800b187   Thumb Code    16  delivertask.o(i._ZNK5Event4arg2Eh)
    Event::check() const                     0x0800b197   Thumb Code    28  event.o(i._ZNK5Event5checkEv)
    Event::isCorrect() const                 0x0800b1b3   Thumb Code    58  event.o(i._ZNK5Event9isCorrectEv)
    __ARM_fpclassify                         0x0800b1ed   Thumb Code    48  fpclassify.o(i.__ARM_fpclassify)
    __cxa_guard_acquire                      0x0800b21d   Thumb Code    16  cxa_guard_acquire.o(i.__cxa_guard_acquire)
    __cxa_pure_virtual                       0x0800b22d   Thumb Code     6  pure_virt.o(i.__cxa_pure_virtual)
    _is_digit                                0x0800b27d   Thumb Code    14  __printf_wp.o(i._is_digit)
    _mutex_acquire                           0x0800b28b   Thumb Code    28  rtx_lib.o(i._mutex_acquire)
    _mutex_free                              0x0800b2a7   Thumb Code     6  rtx_lib.o(i._mutex_free)
    _mutex_initialize                        0x0800b2ad   Thumb Code    30  rtx_lib.o(i._mutex_initialize)
    _mutex_release                           0x0800b2cb   Thumb Code    24  rtx_lib.o(i._mutex_release)
    _platform_post_stackheap_init            0x0800b2e3   Thumb Code     4  rtx_lib.o(i._platform_post_stackheap_init)
    main                                     0x0800b2e9   Thumb Code    48  main.o(i.main)
    osRtxErrorNotify                         0x0800b321   Thumb Code     2  rtx_config.o(i.osRtxErrorNotify)
    osRtxIdleThread                          0x0800b323   Thumb Code     2  rtx_config.o(i.osRtxIdleThread)
    _get_lc_numeric                          0x0800b345   Thumb Code    44  lc_numeric_c.o(locale$$code)
    _get_lc_ctype                            0x0800b371   Thumb Code    44  lc_ctype_c.o(locale$$code)
    _fp_init                                 0x0800b39d   Thumb Code    10  fpinit.o(x$fpl$fpinit)
    __fplib_config_fpu_vfp                   0x0800b3a5   Thumb Code     0  fpinit.o(x$fpl$fpinit)
    __fplib_config_pureend_doubles           0x0800b3a5   Thumb Code     0  fpinit.o(x$fpl$fpinit)
    _printf_fp_dec                           0x0800b3a7   Thumb Code     4  printf1.o(x$fpl$printf1)
    __I$use$fp                               0x0800b3aa   Number         0  usenofp.o(x$fpl$usenofp)
    osRtxUserSVC                             0x0800b40c   Data           4  rtx_lib.o(.constdata)
    vtable for DeliverTask                   0x0800b4e8   Data          12  delivertask.o(.constdata__ZTV11DeliverTask)
    vtable for BluetoothEvent                0x0800b4f4   Data          20  bluetoothevent.o(.constdata__ZTV14BluetoothEvent)
    vtable for StatusUpdateTask              0x0800b508   Data          12  statusupdatetask.o(.constdata__ZTV16StatusUpdateTask)
    vtable for MessageDispenseTask           0x0800b514   Data          12  messagedispensetask.o(.constdata__ZTV19MessageDispenseTask)
    vtable for Task                          0x0800b520   Data          12  task.o(.constdata__ZTV4Task)
    vtable for Event                         0x0800b52c   Data          20  event.o(.constdata__ZTV5Event)
    vtable for LogUart                       0x0800b540   Data          12  loguart.o(.constdata__ZTV7LogUart)
    vtable for BootTask                      0x0800b54c   Data          12  boottask.o(.constdata__ZTV8BootTask)
    vtable for LogEvent                      0x0800b558   Data          20  logevent.o(.constdata__ZTV8LogEvent)
    vtable for MainUart                      0x0800b56c   Data          12  mainuart.o(.constdata__ZTV8MainUart)
    vtable for Bluetooth                     0x0800b578   Data          12  bluetooth.o(.constdata__ZTV9Bluetooth)
    vtable for MainEvent                     0x0800b584   Data          20  mainevent.o(.constdata__ZTV9MainEvent)
    osRtxConfig                              0x0800b598   Data         104  rtx_lib.o(.rodata)
    Region$$Table$$Base                      0x0800b60c   Number         0  anon$$obj.o(Region$$Table)
    Region$$Table$$Limit                     0x0800b62c   Number         0  anon$$obj.o(Region$$Table)
    __ctype                                  0x0800b655   Data           0  lc_ctype_c.o(locale$$data)
    SHT$$INIT_ARRAY$$Base                    0x0800b758   Number         0  bluetooth.o(.init_array)
    SHT$$INIT_ARRAY$$Limit                   0x0800b764   Number         0  init_aeabi.o(.init_array)
    SystemCoreClock                          0x20001350   Data           4  system_stm32f4xx.o(.data)
    AHBPrescTable                            0x20001354   Data          16  system_stm32f4xx.o(.data)
    osRtxInfo                                0x20001378   Data         168  rtx_kernel.o(.data.os)
    guard variable for Compressor::instance()::com 0x20001420   Data           4  boottask.o(.data__ZZN10Compressor8instanceEvE3com)
    Compressor::instance()::com              0x20001424   Data           1  boottask.o(.data__ZZN10Compressor8instanceEvE3com)
    guard variable for OTAManager::instance()::t 0x20001428   Data           4  mainevent.o(.data__ZZN10OTAManager8instanceEvE1t)
    guard variable for DeliverTask::instance()::INSTANCE 0x2000142c   Data           4  bluetoothevent.o(.data__ZZN11DeliverTask8instanceEvE8INSTANCE)
    guard variable for FlashMemory::instance()::m 0x20001430   Data           4  bluetoothevent.o(.data__ZZN11FlashMemory8instanceEvE1m)
    guard variable for MotorDriver::instance()::driver 0x20001434   Data           4  boottask.o(.data__ZZN11MotorDriver8instanceEvE6driver)
    MotorDriver::instance()::driver          0x20001438   Data           1  boottask.o(.data__ZZN11MotorDriver8instanceEvE6driver)
    guard variable for PositionSwitch::instance()::instance 0x2000143c   Data           4  boottask.o(.data__ZZN14PositionSwitch8instanceEvE8instance)
    guard variable for StatusUpdateTask::instance()::task 0x20001440   Data           4  boottask.o(.data__ZZN16StatusUpdateTask8instanceEvE4task)
    guard variable for MessageDispenseTask::instance()::INSTANCE 0x20001444   Data           4  boottask.o(.data__ZZN19MessageDispenseTask8instanceEvE8INSTANCE)
    guard variable for Led::instance()::l    0x20001448   Data           4  boottask.o(.data__ZZN3Led8instanceEvE1l)
    Led::instance()::l                       0x2000144c   Data           1  boottask.o(.data__ZZN3Led8instanceEvE1l)
    guard variable for Fridge::instance()::fridge 0x20001450   Data           4  boottask.o(.data__ZZN6Fridge8instanceEvE6fridge)
    guard variable for Ds18b20::instance()::device 0x20001454   Data           4  boottask.o(.data__ZZN7Ds18b208instanceEvE6device)
    Ds18b20::instance()::device              0x20001458   Data           1  boottask.o(.data__ZZN7Ds18b208instanceEvE6device)
    guard variable for LogUart::instance()::uart 0x2000145c   Data           4  logevent.o(.data__ZZN7LogUart8instanceEvE4uart)
    guard variable for BootTask::instance()::task 0x20001460   Data           4  main.o(.data__ZZN8BootTask8instanceEvE4task)
    guard variable for MainUart::instance()::uart 0x20001464   Data           4  mainevent.o(.data__ZZN8MainUart8instanceEvE4uart)
    guard variable for Bluetooth::instance()::ble 0x20001468   Data           4  bluetoothevent.o(.data__ZZN9Bluetooth8instanceEvE3ble)
    guard variable for PickMotor::instance()::pickMotor 0x2000146c   Data           4  boottask.o(.data__ZZN9PickMotor8instanceEvE9pickMotor)
    guard variable for RobotArm1::instance()::r 0x20001470   Data           4  bluetoothevent.o(.data__ZZN9RobotArm18instanceEvE1r)
    guard variable for RobotArm2::instance()::instance 0x20001474   Data           4  bluetoothevent.o(.data__ZZN9RobotArm28instanceEvE8instance)
    __libspace_start                         0x20001d48   Data          96  libspace.o(.bss)
    OTAManager::instance()::t                0x20001da8   Data        4216  mainevent.o(.bss__ZZN10OTAManager8instanceEvE1t)
    __temporary_stack_top$libspace           0x20001da8   Data           0  libspace.o(.bss)
    DeliverTask::instance()::INSTANCE        0x20002e20   Data        2784  bluetoothevent.o(.bss__ZZN11DeliverTask8instanceEvE8INSTANCE)
    FlashMemory::instance()::m               0x20003900   Data        4096  bluetoothevent.o(.bss__ZZN11FlashMemory8instanceEvE1m)
    PositionSwitch::instance()::instance     0x20004900   Data          56  boottask.o(.bss__ZZN14PositionSwitch8instanceEvE8instance)
    StatusUpdateTask::instance()::task       0x20004938   Data         648  boottask.o(.bss__ZZN16StatusUpdateTask8instanceEvE4task)
    MessageDispenseTask::instance()::INSTANCE 0x20004bc0   Data        1152  boottask.o(.bss__ZZN19MessageDispenseTask8instanceEvE8INSTANCE)
    Fridge::instance()::fridge               0x20005040   Data          88  boottask.o(.bss__ZZN6Fridge8instanceEvE6fridge)
    LogUart::instance()::uart                0x20005098   Data        3896  logevent.o(.bss__ZZN7LogUart8instanceEvE4uart)
    BootTask::instance()::task               0x20005fd0   Data         640  main.o(.bss__ZZN8BootTask8instanceEvE4task)
    MainUart::instance()::uart               0x20006250   Data        2792  mainevent.o(.bss__ZZN8MainUart8instanceEvE4uart)
    Bluetooth::instance()::ble               0x20006d38   Data       12632  bluetoothevent.o(.bss__ZZN9Bluetooth8instanceEvE3ble)
    PickMotor::instance()::pickMotor         0x20009e90   Data          56  boottask.o(.bss__ZZN9PickMotor8instanceEvE9pickMotor)
    RobotArm1::instance()::r                 0x20009ec8   Data          88  bluetoothevent.o(.bss__ZZN9RobotArm18instanceEvE1r)
    RobotArm2::instance()::instance          0x20009f20   Data          88  bluetoothevent.o(.bss__ZZN9RobotArm28instanceEvE8instance)



==============================================================================

Memory Map of the image

  Image Entry point : 0x08004189

  Load Region LR_IROM1 (Base: 0x08004000, Size: 0x00008bdc, Max: 0x0007c000, ABSOLUTE, COMPRESSED[0x000077a4])

    Execution Region ER_IROM1 (Base: 0x08004000, Size: 0x00007764, Max: 0x0007c000, ABSOLUTE)

    Base Addr    Size         Type   Attr      Idx    E Section Name        Object

    0x08004000   0x00000188   Data   RO           66    RESET               startup_stm32f40_41xxx.o
    0x08004188   0x00000008   Code   RO         3240  * !!!main             c_w.l(__main.o)
    0x08004190   0x00000034   Code   RO         3829    !!!scatter          c_w.l(__scatter.o)
    0x080041c4   0x0000003a   Code   RO         3827    !!dczerorl          c_w.l(__dczerorl.o)
    0x080041fe   0x00000002   PAD
    0x08004200   0x0000001c   Code   RO         3831    !!handler_zi        c_w.l(__scatter_zi.o)
    0x0800421c   0x00000000   Code   RO         3445    .ARM.Collect$$_printf_percent$$00000000  c_w.l(_printf_percent.o)
    0x0800421c   0x00000006   Code   RO         3434    .ARM.Collect$$_printf_percent$$00000001  c_w.l(_printf_n.o)
    0x08004222   0x00000006   Code   RO         3436    .ARM.Collect$$_printf_percent$$00000002  c_w.l(_printf_p.o)
    0x08004228   0x00000006   Code   RO         3441    .ARM.Collect$$_printf_percent$$00000003  c_w.l(_printf_f.o)
    0x0800422e   0x00000006   Code   RO         3442    .ARM.Collect$$_printf_percent$$00000004  c_w.l(_printf_e.o)
    0x08004234   0x00000006   Code   RO         3443    .ARM.Collect$$_printf_percent$$00000005  c_w.l(_printf_g.o)
    0x0800423a   0x00000006   Code   RO         3444    .ARM.Collect$$_printf_percent$$00000006  c_w.l(_printf_a.o)
    0x08004240   0x0000000a   Code   RO         3449    .ARM.Collect$$_printf_percent$$00000007  c_w.l(_printf_ll.o)
    0x0800424a   0x00000006   Code   RO         3438    .ARM.Collect$$_printf_percent$$00000008  c_w.l(_printf_i.o)
    0x08004250   0x00000006   Code   RO         3439    .ARM.Collect$$_printf_percent$$00000009  c_w.l(_printf_d.o)
    0x08004256   0x00000006   Code   RO         3440    .ARM.Collect$$_printf_percent$$0000000A  c_w.l(_printf_u.o)
    0x0800425c   0x00000006   Code   RO         3437    .ARM.Collect$$_printf_percent$$0000000B  c_w.l(_printf_o.o)
    0x08004262   0x00000006   Code   RO         3435    .ARM.Collect$$_printf_percent$$0000000C  c_w.l(_printf_x.o)
    0x08004268   0x00000006   Code   RO         3446    .ARM.Collect$$_printf_percent$$0000000D  c_w.l(_printf_lli.o)
    0x0800426e   0x00000006   Code   RO         3447    .ARM.Collect$$_printf_percent$$0000000E  c_w.l(_printf_lld.o)
    0x08004274   0x00000006   Code   RO         3448    .ARM.Collect$$_printf_percent$$0000000F  c_w.l(_printf_llu.o)
    0x0800427a   0x00000006   Code   RO         3453    .ARM.Collect$$_printf_percent$$00000010  c_w.l(_printf_llo.o)
    0x08004280   0x00000006   Code   RO         3454    .ARM.Collect$$_printf_percent$$00000011  c_w.l(_printf_llx.o)
    0x08004286   0x0000000a   Code   RO         3450    .ARM.Collect$$_printf_percent$$00000012  c_w.l(_printf_l.o)
    0x08004290   0x00000006   Code   RO         3432    .ARM.Collect$$_printf_percent$$00000013  c_w.l(_printf_c.o)
    0x08004296   0x00000006   Code   RO         3433    .ARM.Collect$$_printf_percent$$00000014  c_w.l(_printf_s.o)
    0x0800429c   0x00000006   Code   RO         3451    .ARM.Collect$$_printf_percent$$00000015  c_w.l(_printf_lc.o)
    0x080042a2   0x00000006   Code   RO         3452    .ARM.Collect$$_printf_percent$$00000016  c_w.l(_printf_ls.o)
    0x080042a8   0x00000004   Code   RO         3550    .ARM.Collect$$_printf_percent$$00000017  c_w.l(_printf_percent_end.o)
    0x080042ac   0x00000002   Code   RO         3695    .ARM.Collect$$libinit$$00000000  c_w.l(libinit.o)
    0x080042ae   0x00000004   Code   RO         3461    .ARM.Collect$$libinit$$00000001  c_w.l(libinit2.o)
    0x080042b2   0x00000000   Code   RO         3464    .ARM.Collect$$libinit$$00000004  c_w.l(libinit2.o)
    0x080042b2   0x00000000   Code   RO         3467    .ARM.Collect$$libinit$$0000000A  c_w.l(libinit2.o)
    0x080042b2   0x00000000   Code   RO         3469    .ARM.Collect$$libinit$$0000000C  c_w.l(libinit2.o)
    0x080042b2   0x00000000   Code   RO         3471    .ARM.Collect$$libinit$$0000000E  c_w.l(libinit2.o)
    0x080042b2   0x00000006   Code   RO         3472    .ARM.Collect$$libinit$$0000000F  c_w.l(libinit2.o)
    0x080042b8   0x00000000   Code   RO         3474    .ARM.Collect$$libinit$$00000011  c_w.l(libinit2.o)
    0x080042b8   0x0000000c   Code   RO         3475    .ARM.Collect$$libinit$$00000012  c_w.l(libinit2.o)
    0x080042c4   0x00000000   Code   RO         3476    .ARM.Collect$$libinit$$00000013  c_w.l(libinit2.o)
    0x080042c4   0x00000000   Code   RO         3478    .ARM.Collect$$libinit$$00000015  c_w.l(libinit2.o)
    0x080042c4   0x0000000a   Code   RO         3479    .ARM.Collect$$libinit$$00000016  c_w.l(libinit2.o)
    0x080042ce   0x00000000   Code   RO         3480    .ARM.Collect$$libinit$$00000017  c_w.l(libinit2.o)
    0x080042ce   0x00000000   Code   RO         3482    .ARM.Collect$$libinit$$00000019  c_w.l(libinit2.o)
    0x080042ce   0x00000000   Code   RO         3484    .ARM.Collect$$libinit$$0000001B  c_w.l(libinit2.o)
    0x080042ce   0x00000000   Code   RO         3486    .ARM.Collect$$libinit$$0000001D  c_w.l(libinit2.o)
    0x080042ce   0x00000000   Code   RO         3488    .ARM.Collect$$libinit$$0000001F  c_w.l(libinit2.o)
    0x080042ce   0x00000000   Code   RO         3490    .ARM.Collect$$libinit$$00000021  c_w.l(libinit2.o)
    0x080042ce   0x00000000   Code   RO         3492    .ARM.Collect$$libinit$$00000023  c_w.l(libinit2.o)
    0x080042ce   0x00000000   Code   RO         3494    .ARM.Collect$$libinit$$00000025  c_w.l(libinit2.o)
    0x080042ce   0x00000000   Code   RO         3498    .ARM.Collect$$libinit$$0000002C  c_w.l(libinit2.o)
    0x080042ce   0x00000000   Code   RO         3500    .ARM.Collect$$libinit$$0000002E  c_w.l(libinit2.o)
    0x080042ce   0x00000000   Code   RO         3502    .ARM.Collect$$libinit$$00000030  c_w.l(libinit2.o)
    0x080042ce   0x00000004   Code   RO         3503    .ARM.Collect$$libinit$$00000031  c_w.l(libinit2.o)
    0x080042d2   0x00000000   Code   RO         3504    .ARM.Collect$$libinit$$00000032  c_w.l(libinit2.o)
    0x080042d2   0x00000002   Code   RO         3505    .ARM.Collect$$libinit$$00000033  c_w.l(libinit2.o)
    0x080042d4   0x00000002   Code   RO         3804    .ARM.Collect$$libshutdown$$00000000  c_w.l(libshutdown.o)
    0x080042d6   0x00000000   Code   RO         3810    .ARM.Collect$$libshutdown$$00000002  c_w.l(libshutdown2.o)
    0x080042d6   0x00000000   Code   RO         3812    .ARM.Collect$$libshutdown$$00000004  c_w.l(libshutdown2.o)
    0x080042d6   0x00000000   Code   RO         3815    .ARM.Collect$$libshutdown$$00000007  c_w.l(libshutdown2.o)
    0x080042d6   0x00000000   Code   RO         3818    .ARM.Collect$$libshutdown$$0000000A  c_w.l(libshutdown2.o)
    0x080042d6   0x00000000   Code   RO         3820    .ARM.Collect$$libshutdown$$0000000C  c_w.l(libshutdown2.o)
    0x080042d6   0x00000000   Code   RO         3823    .ARM.Collect$$libshutdown$$0000000F  c_w.l(libshutdown2.o)
    0x080042d6   0x00000002   Code   RO         3824    .ARM.Collect$$libshutdown$$00000010  c_w.l(libshutdown2.o)
    0x080042d8   0x00000000   Code   RO         3363    .ARM.Collect$$rtentry$$00000000  c_w.l(__rtentry.o)
    0x080042d8   0x00000000   Code   RO         3522    .ARM.Collect$$rtentry$$00000002  c_w.l(__rtentry2.o)
    0x080042d8   0x00000006   Code   RO         3534    .ARM.Collect$$rtentry$$00000004  c_w.l(__rtentry4.o)
    0x080042de   0x00000008   Code   RO         3523    .ARM.Collect$$rtentry$$00000008  c_w.l(__rtentry2.o)
    0x080042e6   0x00000004   Code   RO         3525    .ARM.Collect$$rtentry$$0000000A  c_w.l(__rtentry2.o)
    0x080042ea   0x00000000   Code   RO         3527    .ARM.Collect$$rtentry$$0000000C  c_w.l(__rtentry2.o)
    0x080042ea   0x00000008   Code   RO         3528    .ARM.Collect$$rtentry$$0000000D  c_w.l(__rtentry2.o)
    0x080042f2   0x00000002   Code   RO         3714    .ARM.Collect$$rtexit$$00000000  c_w.l(rtexit.o)
    0x080042f4   0x00000000   Code   RO         3769    .ARM.Collect$$rtexit$$00000002  c_w.l(rtexit2.o)
    0x080042f4   0x00000004   Code   RO         3770    .ARM.Collect$$rtexit$$00000003  c_w.l(rtexit2.o)
    0x080042f8   0x00000006   Code   RO         3771    .ARM.Collect$$rtexit$$00000004  c_w.l(rtexit2.o)
    0x080042fe   0x00000002   PAD
    0x08004300   0x0000003c   Code   RO           67    .text               startup_stm32f40_41xxx.o
    0x0800433c   0x000000b8   Code   RO         3082    .text               RTX_CM4F.lib(irq_cm4f.o)
    0x080043f4   0x00000024   Code   RO         3228    .text               c_w.l(c89vsprintf.o)
    0x08004418   0x0000008a   Code   RO         3230    .text               c_w.l(rt_memcpy_v6.o)
    0x080044a2   0x00000010   Code   RO         3232    .text               c_w.l(aeabi_memset4.o)
    0x080044b2   0x00000044   Code   RO         3234    .text               c_w.l(rt_memclr.o)
    0x080044f6   0x0000004e   Code   RO         3236    .text               c_w.l(rt_memclr_w.o)
    0x08004544   0x00000006   Code   RO         3238    .text               c_w.l(heapauxi.o)
    0x0800454a   0x00000002   PAD
    0x0800454c   0x00000024   Code   RO         3245    .text               c_w.l(init_aeabi.o)
    0x08004570   0x0000004e   Code   RO         3366    .text               c_w.l(_printf_pad.o)
    0x080045be   0x00000024   Code   RO         3368    .text               c_w.l(_printf_truncate.o)
    0x080045e2   0x00000052   Code   RO         3370    .text               c_w.l(_printf_str.o)
    0x08004634   0x00000078   Code   RO         3372    .text               c_w.l(_printf_dec.o)
    0x080046ac   0x00000028   Code   RO         3374    .text               c_w.l(_printf_charcount.o)
    0x080046d4   0x00000030   Code   RO         3376    .text               c_w.l(_printf_char_common.o)
    0x08004704   0x0000000a   Code   RO         3378    .text               c_w.l(_sputc.o)
    0x0800470e   0x00000002   PAD
    0x08004710   0x000000bc   Code   RO         3380    .text               c_w.l(_printf_wctomb.o)
    0x080047cc   0x0000007c   Code   RO         3383    .text               c_w.l(_printf_longlong_dec.o)
    0x08004848   0x00000070   Code   RO         3389    .text               c_w.l(_printf_oct_int_ll.o)
    0x080048b8   0x00000094   Code   RO         3409    .text               c_w.l(_printf_hex_int_ll_ptr.o)
    0x0800494c   0x00000188   Code   RO         3429    .text               c_w.l(__printf_flags_ss_wp.o)
    0x08004ad4   0x0000000e   Code   RO         3455    .text               c_w.l(defsig_pvfn_outer.o)
    0x08004ae2   0x00000064   Code   RO         3459    .text               c_w.l(rt_memcpy_w.o)
    0x08004b46   0x0000008a   Code   RO         3538    .text               c_w.l(lludiv10.o)
    0x08004bd0   0x000000b2   Code   RO         3540    .text               c_w.l(_printf_intcommon.o)
    0x08004c82   0x0000041a   Code   RO         3542    .text               c_w.l(_printf_fp_dec.o)
    0x0800509c   0x0000002c   Code   RO         3546    .text               c_w.l(_printf_char.o)
    0x080050c8   0x0000002c   Code   RO         3548    .text               c_w.l(_printf_wchar.o)
    0x080050f4   0x00000040   Code   RO         3551    .text               c_w.l(_wcrtomb.o)
    0x08005134   0x0000000a   Code   RO         3553    .text               c_w.l(defsig_exit.o)
    0x0800513e   0x00000002   PAD
    0x08005140   0x00000030   Code   RO         3555    .text               c_w.l(defsig_pvfn_inner.o)
    0x08005170   0x0000000c   Code   RO         3574    .text               c_w.l(sys_exit.o)
    0x0800517c   0x0000004a   Code   RO         3576    .text               c_w.l(sys_stackheap_outer.o)
    0x080051c6   0x00000002   PAD
    0x080051c8   0x00000010   Code   RO         3578    .text               c_w.l(rt_ctype_table.o)
    0x080051d8   0x0000000a   Code   RO         3585    .text               c_w.l(rt_locale_twolibspace.o)
    0x080051e2   0x00000002   PAD
    0x080051e4   0x00000080   Code   RO         3650    .text               c_w.l(_printf_fp_infnan.o)
    0x08005264   0x000000dc   Code   RO         3652    .text               c_w.l(bigflt0.o)
    0x08005340   0x00000012   Code   RO         3680    .text               c_w.l(exit.o)
    0x08005352   0x00000032   Code   RO         3686    .text               c_w.l(defsig_general.o)
    0x08005384   0x0000000e   Code   RO         3704    .text               c_w.l(sys_wrch.o)
    0x08005392   0x00000002   PAD
    0x08005394   0x00000008   Code   RO         3708    .text               c_w.l(libspace.o)
    0x0800539c   0x00000002   Code   RO         3711    .text               c_w.l(use_no_semi.o)
    0x0800539e   0x00000000   Code   RO         3713    .text               c_w.l(indicate_semi.o)
    0x0800539e   0x00000002   PAD
    0x080053a0   0x00000080   Code   RO         3764    .text               c_w.l(strcmpv7m.o)
    0x08005420   0x00000024   Code   RO         2977    .text.osDelay       RTX_CM4F.lib(rtx_delay.o)
    0x08005444   0x0000003a   Code   RO         2806    .text.osKernelGetState  RTX_CM4F.lib(rtx_kernel.o)
    0x0800547e   0x00000002   PAD
    0x08005480   0x00000044   Code   RO         2802    .text.osKernelInitialize  RTX_CM4F.lib(rtx_kernel.o)
    0x080054c4   0x00000044   Code   RO         2808    .text.osKernelStart  RTX_CM4F.lib(rtx_kernel.o)
    0x08005508   0x000000b4   Code   RO         3057    .text.osMessageQueueGet  RTX_CM4F.lib(rtx_msgqueue.o)
    0x080055bc   0x00000042   Code   RO         3051    .text.osMessageQueueNew  RTX_CM4F.lib(rtx_msgqueue.o)
    0x080055fe   0x00000002   PAD
    0x08005600   0x00000084   Code   RO         3055    .text.osMessageQueuePut  RTX_CM4F.lib(rtx_msgqueue.o)
    0x08005684   0x00000024   Code   RO         3010    .text.osMutexAcquire  RTX_CM4F.lib(rtx_mutex.o)
    0x080056a8   0x00000024   Code   RO         3016    .text.osMutexDelete  RTX_CM4F.lib(rtx_mutex.o)
    0x080056cc   0x00000042   Code   RO         3006    .text.osMutexNew    RTX_CM4F.lib(rtx_mutex.o)
    0x0800570e   0x00000002   PAD
    0x08005710   0x00000024   Code   RO         3012    .text.osMutexRelease  RTX_CM4F.lib(rtx_mutex.o)
    0x08005734   0x0000006e   Code   RO         3128    .text.osRtxMemoryAlloc  RTX_CM4F.lib(rtx_memory.o)
    0x080057a2   0x00000002   PAD
    0x080057a4   0x00000058   Code   RO         3130    .text.osRtxMemoryFree  RTX_CM4F.lib(rtx_memory.o)
    0x080057fc   0x00000030   Code   RO         3126    .text.osRtxMemoryInit  RTX_CM4F.lib(rtx_memory.o)
    0x0800582c   0x0000004c   Code   RO         3145    .text.osRtxMemoryPoolAlloc  RTX_CM4F.lib(rtx_mempool.o)
    0x08005878   0x0000005a   Code   RO         3147    .text.osRtxMemoryPoolFree  RTX_CM4F.lib(rtx_mempool.o)
    0x080058d2   0x00000002   PAD
    0x080058d4   0x00000050   Code   RO         3143    .text.osRtxMemoryPoolInit  RTX_CM4F.lib(rtx_mempool.o)
    0x08005924   0x000001be   Code   RO         3029    .text.osRtxMessageQueuePostProcess  RTX_CM4F.lib(rtx_msgqueue.o)
    0x08005ae2   0x00000002   PAD
    0x08005ae4   0x0000004c   Code   RO         2992    .text.osRtxMutexOwnerRelease  RTX_CM4F.lib(rtx_mutex.o)
    0x08005b30   0x000000a8   Code   RO         3202    .text.osRtxPendSV_Handler  RTX_CM4F.lib(rtx_system.o)
    0x08005bd8   0x00000078   Code   RO         3204    .text.osRtxPostProcess  RTX_CM4F.lib(rtx_system.o)
    0x08005c50   0x0000000c   Code   RO         3200    .text.osRtxSysTimerAckIRQ  RTX_CM4F.lib(rtx_system.o)
    0x08005c5c   0x0000000e   Code   RO         3208    .text.osRtxSysTimerEnable  RTX_CM4F.lib(rtx_system.o)
    0x08005c6a   0x00000002   PAD
    0x08005c6c   0x0000003a   Code   RO         3206    .text.osRtxSysTimerSetup  RTX_CM4F.lib(rtx_system.o)
    0x08005ca6   0x00000002   PAD
    0x08005ca8   0x00000088   Code   RO         2860    .text.osRtxThreadDelayTick  RTX_CM4F.lib(rtx_thread.o)
    0x08005d30   0x00000158   Code   RO         2870    .text.osRtxThreadDispatch  RTX_CM4F.lib(rtx_thread.o)
    0x08005e88   0x0000001a   Code   RO         2844    .text.osRtxThreadListGet  RTX_CM4F.lib(rtx_thread.o)
    0x08005ea2   0x00000002   PAD
    0x08005ea4   0x00000038   Code   RO         2842    .text.osRtxThreadListPut  RTX_CM4F.lib(rtx_thread.o)
    0x08005edc   0x0000001a   Code   RO         2850    .text.osRtxThreadListRemove  RTX_CM4F.lib(rtx_thread.o)
    0x08005ef6   0x00000002   PAD
    0x08005ef8   0x00000060   Code   RO         2848    .text.osRtxThreadListSort  RTX_CM4F.lib(rtx_thread.o)
    0x08005f58   0x0000008c   Code   RO         2876    .text.osRtxThreadPostProcess  RTX_CM4F.lib(rtx_thread.o)
    0x08005fe4   0x00000048   Code   RO         2854    .text.osRtxThreadReadyPut  RTX_CM4F.lib(rtx_thread.o)
    0x0800602c   0x00000014   Code   RO         2862    .text.osRtxThreadRegPtr  RTX_CM4F.lib(rtx_thread.o)
    0x08006040   0x0000002e   Code   RO         2868    .text.osRtxThreadStackCheck  RTX_CM4F.lib(rtx_thread.o)
    0x0800606e   0x00000002   PAD
    0x08006070   0x00000012   Code   RO         2866    .text.osRtxThreadSwitch  RTX_CM4F.lib(rtx_thread.o)
    0x08006082   0x00000002   PAD
    0x08006084   0x000000e2   Code   RO         2874    .text.osRtxThreadWaitEnter  RTX_CM4F.lib(rtx_thread.o)
    0x08006166   0x00000002   PAD
    0x08006168   0x000000ce   Code   RO         2872    .text.osRtxThreadWaitExit  RTX_CM4F.lib(rtx_thread.o)
    0x08006236   0x00000002   PAD
    0x08006238   0x00000078   Code   RO         3198    .text.osRtxTick_Handler  RTX_CM4F.lib(rtx_system.o)
    0x080062b0   0x000000aa   Code   RO         3087    .text.osRtxTimerTick  RTX_CM4F.lib(rtx_timer.o)
    0x0800635a   0x00000002   PAD
    0x0800635c   0x0000000e   Code   RO         2880    .text.osThreadExit  RTX_CM4F.lib(rtx_thread.o)
    0x0800636a   0x00000002   PAD
    0x0800636c   0x00000042   Code   RO         2922    .text.osThreadNew   RTX_CM4F.lib(rtx_thread.o)
    0x080063ae   0x00000002   PAD
    0x080063b0   0x00000024   Code   RO         2948    .text.osThreadTerminate  RTX_CM4F.lib(rtx_thread.o)
    0x080063d4   0x00000014   Code   RO         2973    .text.svcRtxDelay   RTX_CM4F.lib(rtx_delay.o)
    0x080063e8   0x0000000c   Code   RO         2780    .text.svcRtxKernelGetState  RTX_CM4F.lib(rtx_kernel.o)
    0x080063f4   0x000001ac   Code   RO         2776    .text.svcRtxKernelInitialize  RTX_CM4F.lib(rtx_kernel.o)
    0x080065a0   0x00000096   Code   RO         2782    .text.svcRtxKernelStart  RTX_CM4F.lib(rtx_kernel.o)
    0x08006636   0x00000002   PAD
    0x08006638   0x0000019a   Code   RO         3037    .text.svcRtxMessageQueueGet  RTX_CM4F.lib(rtx_msgqueue.o)
    0x080067d2   0x00000002   PAD
    0x080067d4   0x00000160   Code   RO         3031    .text.svcRtxMessageQueueNew  RTX_CM4F.lib(rtx_msgqueue.o)
    0x08006934   0x00000118   Code   RO         3035    .text.svcRtxMessageQueuePut  RTX_CM4F.lib(rtx_msgqueue.o)
    0x08006a4c   0x0000009e   Code   RO         2998    .text.svcRtxMutexAcquire  RTX_CM4F.lib(rtx_mutex.o)
    0x08006aea   0x00000002   PAD
    0x08006aec   0x000000d6   Code   RO         3004    .text.svcRtxMutexDelete  RTX_CM4F.lib(rtx_mutex.o)
    0x08006bc2   0x00000002   PAD
    0x08006bc4   0x00000072   Code   RO         2994    .text.svcRtxMutexNew  RTX_CM4F.lib(rtx_mutex.o)
    0x08006c36   0x00000002   PAD
    0x08006c38   0x000000c8   Code   RO         3000    .text.svcRtxMutexRelease  RTX_CM4F.lib(rtx_mutex.o)
    0x08006d00   0x000000ba   Code   RO         2906    .text.svcRtxThreadExit  RTX_CM4F.lib(rtx_thread.o)
    0x08006dba   0x00000002   PAD
    0x08006dbc   0x00000240   Code   RO         2878    .text.svcRtxThreadNew  RTX_CM4F.lib(rtx_thread.o)
    0x08006ffc   0x000001f4   Code   RO         2908    .text.svcRtxThreadTerminate  RTX_CM4F.lib(rtx_thread.o)
    0x080071f0   0x0000003e   Code   RO         3655    CL$$btod_d2e        c_w.l(btod.o)
    0x0800722e   0x00000046   Code   RO         3657    CL$$btod_d2e_denorm_low  c_w.l(btod.o)
    0x08007274   0x00000060   Code   RO         3656    CL$$btod_d2e_norm_op1  c_w.l(btod.o)
    0x080072d4   0x00000338   Code   RO         3665    CL$$btod_div_common  c_w.l(btod.o)
    0x0800760c   0x000000c6   Code   RO         3662    CL$$btod_e2e        c_w.l(btod.o)
    0x080076d2   0x00000028   Code   RO         3659    CL$$btod_ediv       c_w.l(btod.o)
    0x080076fa   0x00000028   Code   RO         3658    CL$$btod_emul       c_w.l(btod.o)
    0x08007722   0x00000244   Code   RO         3664    CL$$btod_mult_common  c_w.l(btod.o)
    0x08007966   0x00000002   PAD
    0x08007968   0x000000b4   Code   RO            4    i.SetSysClock       system_stm32f4xx.o
    0x08007a1c   0x0000005c   Code   RO            6    i.SystemInit        system_stm32f4xx.o
    0x08007a78   0x000000a8   Code   RO         1784    i.UART5_IRQHandler  loguart.o
    0x08007b20   0x000000a8   Code   RO         1380    i.USART2_IRQHandler  bluetooth.o
    0x08007bc8   0x000000a8   Code   RO         1880    i.USART3_IRQHandler  mainuart.o
    0x08007c70   0x00000054   Code   RO         2337    i._Z12vDrv8704Initv  motordriver.o
    0x08007cc4   0x00000012   Code   RO         2564    i._Z4copyPvPKvj     otamanager.o
    0x08007cd6   0x00000002   PAD
    0x08007cd8   0x000000ec   Code   RO         2339    i._Z8vSpiInitv      motordriver.o
    0x08007dc4   0x0000005c   Code   RO         2340    i._Z9vSpiWriteht    motordriver.o
    0x08007e20   0x00000024   Code   RO          989    i._ZN10BaseOutput13buildAndWriteEv  statusupdatetask.o
    0x08007e44   0x00000042   Code   RO         2613    i._ZN10BaseOutput5buildEPh  baseoutput.o
    0x08007e86   0x00000022   Code   RO         2614    i._ZN10BaseOutput6formatEPKcz  baseoutput.o
    0x08007ea8   0x0000000e   Code   RO          983    i._ZN10BaseOutput7append1Eh  statusupdatetask.o
    0x08007eb6   0x00000024   Code   RO          977    i._ZN10BaseOutput7append2Et  statusupdatetask.o
    0x08007eda   0x00000008   Code   RO          971    i._ZN10BaseOutput9setActionEh  statusupdatetask.o
    0x08007ee2   0x00000002   PAD
    0x08007ee4   0x0000002c   Code   RO         1274    i._ZN10Compressor8instanceEv  delivertask.o
    0x08007f10   0x00000034   Code   RO         1238    i._ZN10Compressor9isCheckedEv  delivertask.o
    0x08007f44   0x00000050   Code   RO         1483    i._ZN10CompressorC1Ev  compressor.o
    0x08007f94   0x000000dc   Code   RO         2565    i._ZN10OTAManager13setOTAMessageEj  otamanager.o
    0x08008070   0x0000008c   Code   RO          577    i._ZN10OTAManager4initEj  mainevent.o
    0x080080fc   0x00000100   Code   RO         2566    i._ZN10OTAManager6xWriteEtPKhj  otamanager.o
    0x080081fc   0x0000002c   Code   RO          547    i._ZN10OTAManager8instanceEv  mainevent.o
    0x08008228   0x00000002   Code   RO         2567    i._ZN10OTAManagerC1Ev  otamanager.o
    0x0800822a   0x00000014   Code   RO         2430    i._ZN10PIDControl4initEifff  pidcontrol.o
    0x0800823e   0x00000052   Code   RO         2431    i._ZN10PIDControl9nextValueEi  pidcontrol.o
    0x08008290   0x00000046   Code   RO         1130    i._ZN11DeliverTask10testFridgeER5Event  delivertask.o
    0x080082d6   0x0000008a   Code   RO         1131    i._ZN11DeliverTask12robotArmTestER5Event  delivertask.o
    0x08008360   0x00000082   Code   RO         1132    i._ZN11DeliverTask12setGoodsTypeER5Event  delivertask.o
    0x080083e2   0x0000004e   Code   RO         1133    i._ZN11DeliverTask12testRobotArmER5Event  delivertask.o
    0x08008430   0x00000066   Code   RO         1134    i._ZN11DeliverTask13readGoodsTypeER5Event  delivertask.o
    0x08008496   0x00000002   PAD
    0x08008498   0x00000088   Code   RO         1135    i._ZN11DeliverTask13robotArmCheckER5Event  delivertask.o
    0x08008520   0x00000054   Code   RO         1136    i._ZN11DeliverTask13testPickMotorER5Event  delivertask.o
    0x08008574   0x00000038   Code   RO         1137    i._ZN11DeliverTask14testCompressorER5Event  delivertask.o
    0x080085ac   0x00000072   Code   RO         1138    i._ZN11DeliverTask16settingGoodsTypeER5Event  delivertask.o
    0x0800861e   0x00000002   PAD
    0x08008620   0x000000d0   Code   RO         1139    i._ZN11DeliverTask3runEv  delivertask.o
    0x080086f0   0x0000004a   Code   RO         1140    i._ZN11DeliverTask4initER5Event  delivertask.o
    0x0800873a   0x0000012e   Code   RO         1141    i._ZN11DeliverTask7deliverER5Event  delivertask.o
    0x08008868   0x00000224   Code   RO         1142    i._ZN11DeliverTask7deliverEhhtR5Event  delivertask.o
    0x08008a8c   0x0000002c   Code   RO          541    i._ZN11DeliverTask8instanceEv  mainevent.o
    0x08008ab8   0x0000003c   Code   RO         1143    i._ZN11DeliverTaskC1Ev  delivertask.o
    0x08008af4   0x0000006e   Code   RO         1590    i._ZN11FlashMemory10vWriteDataEjPKhj  flashmemory.o
    0x08008b62   0x00000002   PAD
    0x08008b64   0x00000064   Code   RO         1591    i._ZN11FlashMemory12vPageProgramEjPKhj  flashmemory.o
    0x08008bc8   0x00000054   Code   RO         1592    i._ZN11FlashMemory12vSectorEarseEj  flashmemory.o
    0x08008c1c   0x0000001c   Code   RO         1593    i._ZN11FlashMemory12vWriteEnableEv  flashmemory.o
    0x08008c38   0x00000024   Code   RO         1594    i._ZN11FlashMemory12xQueryStatusEv  flashmemory.o
    0x08008c5c   0x00000020   Code   RO         1595    i._ZN11FlashMemory14xTranslateByteEh  flashmemory.o
    0x08008c7c   0x00000098   Code   RO         1596    i._ZN11FlashMemory16initSpiInterfaceEv  flashmemory.o
    0x08008d14   0x0000001c   Code   RO         1250    i._ZN11FlashMemory4saveEv  delivertask.o
    0x08008d30   0x0000002c   Code   RO          255    i._ZN11FlashMemory8instanceEv  bluetoothevent.o
    0x08008d5c   0x00000050   Code   RO         1598    i._ZN11FlashMemory9vReadDataEjPhj  flashmemory.o
    0x08008dac   0x0000001a   Code   RO         1599    i._ZN11FlashMemoryC1Ev  flashmemory.o
    0x08008dc6   0x00000002   PAD
    0x08008dc8   0x00000038   Code   RO         2342    i._ZN11MotorDriver6enableEv  motordriver.o
    0x08008e00   0x0000000c   Code   RO         2343    i._ZN11MotorDriver7disableEv  motordriver.o
    0x08008e0c   0x0000002c   Code   RO         1286    i._ZN11MotorDriver8instanceEv  delivertask.o
    0x08008e38   0x00000018   Code   RO         2344    i._ZN11MotorDriverC1Ev  motordriver.o
    0x08008e50   0x00000016   Code   RO          740    i._ZN12BaseProtocol5writeEv  logevent.o
    0x08008e66   0x00000076   Code   RO         2462    i._ZN12BaseProtocolC1EPhRK5Eventh  baseprotocol.o
    0x08008edc   0x0000004c   Code   RO          203    i._ZN14BluetoothEvent14onStatusChangeEhhh  bluetoothevent.o
    0x08008f28   0x00000064   Code   RO          205    i._ZN14BluetoothEvent7disposeEv  bluetoothevent.o
    0x08008f8c   0x00000018   Code   RO          206    i._ZN14BluetoothEvent8onResultEPKht  bluetoothevent.o
    0x08008fa4   0x00000002   Code   RO          207    i._ZN14BluetoothEvent8onReturnEh  bluetoothevent.o
    0x08008fa6   0x00000002   PAD
    0x08008fa8   0x0000002c   Code   RO         1737    i._ZN14PositionSwitch8instanceEv  fridge.o
    0x08008fd4   0x00000050   Code   RO         1942    i._ZN14PositionSwitch9xGetValueEv  positionswitch.o
    0x08009024   0x00000068   Code   RO         1943    i._ZN14PositionSwitchC1Ev  positionswitch.o
    0x0800908c   0x000001f0   Code   RO          945    i._ZN16StatusUpdateTask3runEv  statusupdatetask.o
    0x0800927c   0x00000028   Code   RO          946    i._ZN16StatusUpdateTaskC1Ev  statusupdatetask.o
    0x080092a4   0x000000e0   Code   RO         1044    i._ZN19MessageDispenseTask3runEv  messagedispensetask.o
    0x08009384   0x00000028   Code   RO         1045    i._ZN19MessageDispenseTaskC1Ev  messagedispensetask.o
    0x080093ac   0x00000044   Code   RO         2304    i._ZN3Led5blinkEv   led.o
    0x080093f0   0x00000044   Code   RO         2305    i._ZN3LedC1Ev       led.o
    0x08009434   0x00000012   Code   RO          909    i._ZN4Task14startThreadFunEPv  task.o
    0x08009446   0x00000010   Code   RO          910    i._ZN4Task4stopEv   task.o
    0x08009456   0x00000002   PAD
    0x08009458   0x00000024   Code   RO          911    i._ZN4Task5startEv  task.o
    0x0800947c   0x0000002c   Code   RO          912    i._ZN4TaskC2EPKcPyj12osPriority_t  task.o
    0x080094a8   0x00000050   Code   RO         2405    i._ZN5ELock5vInitEv  elock.o
    0x080094f8   0x00000002   Code   RO          407    i._ZN5Event14onStatusChangeEhhh  event.o
    0x080094fa   0x00000002   Code   RO          408    i._ZN5Event8onResultEPKht  event.o
    0x080094fc   0x00000002   Code   RO          409    i._ZN5Event8onReturnEh  event.o
    0x080094fe   0x00000002   PAD
    0x08009500   0x00000010   Code   RO         1070    i._ZN5EventC1Ev     messagedispensetask.o
    0x08009510   0x0000007c   Code   RO         1677    i._ZN6Fridge12initMotoGpioEv  fridge.o
    0x0800958c   0x00000038   Code   RO         1678    i._ZN6Fridge14initMotoDriverEv  fridge.o
    0x080095c4   0x00000064   Code   RO         1679    i._ZN6Fridge15initCounterGpioEv  fridge.o
    0x08009628   0x0000003c   Code   RO         1680    i._ZN6Fridge17initCounterDriverEv  fridge.o
    0x08009664   0x000000b4   Code   RO         1681    i._ZN6Fridge5xOpenEtj  fridge.o
    0x08009718   0x00000012   Code   RO         1743    i._ZN6Fridge6isOpenEv  fridge.o
    0x0800972a   0x00000002   PAD
    0x0800972c   0x000000b4   Code   RO         1682    i._ZN6Fridge6xCloseEtj  fridge.o
    0x080097e0   0x00000012   Code   RO         1749    i._ZN6Fridge7isCloseEv  fridge.o
    0x080097f2   0x00000002   PAD
    0x080097f4   0x0000002c   Code   RO         1683    i._ZN6Fridge7vSetDirENS_3DirE  fridge.o
    0x08009820   0x0000002c   Code   RO         1268    i._ZN6Fridge8instanceEv  delivertask.o
    0x0800984c   0x00000034   Code   RO         1684    i._ZN6FridgeC1Ev    fridge.o
    0x08009880   0x00000020   Code   RO          679    i._ZN6SenderC1EPKc  sender.o
    0x080098a0   0x0000003c   Code   RO         1524    i._ZN7Ds18b2010vWriteByteEh  ds18b20.o
    0x080098dc   0x0000004c   Code   RO         1525    i._ZN7Ds18b2012xCheckDeviceEv  ds18b20.o
    0x08009928   0x00000020   Code   RO         1526    i._ZN7Ds18b206vResetEv  ds18b20.o
    0x08009948   0x00000022   Code   RO         1527    i._ZN7Ds18b206vStartEv  ds18b20.o
    0x0800996a   0x00000002   PAD
    0x0800996c   0x00000030   Code   RO         1528    i._ZN7Ds18b208xReadBitEv  ds18b20.o
    0x0800999c   0x00000040   Code   RO         1529    i._ZN7Ds18b209xGetValueEv  ds18b20.o
    0x080099dc   0x00000020   Code   RO         1530    i._ZN7Ds18b209xReadByteEv  ds18b20.o
    0x080099fc   0x0000004c   Code   RO         1531    i._ZN7Ds18b20C1Ev   ds18b20.o
    0x08009a48   0x0000002e   Code   RO         1785    i._ZN7LogUart5writeEPKht  loguart.o
    0x08009a76   0x00000002   PAD
    0x08009a78   0x00000010   Code   RO         1786    i._ZN7LogUart5writeEh  loguart.o
    0x08009a88   0x0000002c   Code   RO          734    i._ZN7LogUart8instanceEv  logevent.o
    0x08009ab4   0x0000014c   Code   RO         1787    i._ZN7LogUartC1Ev   loguart.o
    0x08009c00   0x00000268   Code   RO          772    i._ZN8BootTask3runEv  boottask.o
    0x08009e68   0x00000028   Code   RO          773    i._ZN8BootTaskC1Ev  boottask.o
    0x08009e90   0x0000004c   Code   RO          694    i._ZN8LogEvent14onStatusChangeEhhh  logevent.o
    0x08009edc   0x000000bc   Code   RO          695    i._ZN8LogEvent15onCheckRobotArmEv  logevent.o
    0x08009f98   0x00000078   Code   RO          696    i._ZN8LogEvent7disposeEv  logevent.o
    0x0800a010   0x00000022   Code   RO          697    i._ZN8LogEvent8onReturnEh  logevent.o
    0x0800a032   0x0000002e   Code   RO         1881    i._ZN8MainUart5writeEPKht  mainuart.o
    0x0800a060   0x00000014   Code   RO         1882    i._ZN8MainUart5writeEh  mainuart.o
    0x0800a074   0x0000002c   Code   RO          559    i._ZN8MainUart8instanceEv  mainevent.o
    0x0800a0a0   0x00000104   Code   RO         1883    i._ZN8MainUartC1Ev  mainuart.o
    0x0800a1a4   0x00000044   Code   RO         2533    i._ZN8Protocol5buildEPh  protocol.o
    0x0800a1e8   0x0000000e   Code   RO          261    i._ZN8Protocol7append1Eh  bluetoothevent.o
    0x0800a1f6   0x00000024   Code   RO          571    i._ZN8Protocol7append2Et  mainevent.o
    0x0800a21a   0x00000008   Code   RO          565    i._ZN8ProtocolC1EPh  mainevent.o
    0x0800a222   0x0000000a   Code   RO          553    i._ZN8Receiver3putEPK5Event  mainevent.o
    0x0800a22c   0x0000000a   Code   RO         1076    i._ZN8Receiver4recvEP5Eventj  messagedispensetask.o
    0x0800a236   0x00000036   Code   RO          667    i._ZN8ReceiverC1EPKcPyjj  receiver.o
    0x0800a26c   0x00000038   Code   RO         2140    i._ZN8SysTimer5vInitEv  systimer.o
    0x0800a2a4   0x00000014   Code   RO         2141    i._ZN8SysTimer8vDelayUsEt  systimer.o
    0x0800a2b8   0x000000f0   Code   RO         1381    i._ZN9Bluetooth10initDriverEv  bluetooth.o
    0x0800a3a8   0x0000002e   Code   RO         1382    i._ZN9Bluetooth5writeEPKht  bluetooth.o
    0x0800a3d6   0x00000002   PAD
    0x0800a3d8   0x00000014   Code   RO         1383    i._ZN9Bluetooth5writeEh  bluetooth.o
    0x0800a3ec   0x0000002c   Code   RO          249    i._ZN9Bluetooth8instanceEv  bluetoothevent.o
    0x0800a418   0x00000048   Code   RO         1384    i._ZN9BluetoothC1Ev  bluetooth.o
    0x0800a460   0x00000054   Code   RO          480    i._ZN9MainEvent11onOTANotifyEv  mainevent.o
    0x0800a4b4   0x00000036   Code   RO          482    i._ZN9MainEvent5writeEhh  mainevent.o
    0x0800a4ea   0x00000066   Code   RO          484    i._ZN9MainEvent7disposeEv  mainevent.o
    0x0800a550   0x00000018   Code   RO          485    i._ZN9MainEvent8onResultEPKht  mainevent.o
    0x0800a568   0x0000006e   Code   RO          486    i._ZN9MainEvent9onPackageEv  mainevent.o
    0x0800a5d6   0x00000002   PAD
    0x0800a5d8   0x00000090   Code   RO         2191    i._ZN9PickMotor12initMotoGpioEv  pickmotor.o
    0x0800a668   0x00000048   Code   RO         2192    i._ZN9PickMotor14initMotoDriverEv  pickmotor.o
    0x0800a6b0   0x00000058   Code   RO         2193    i._ZN9PickMotor15initCounterGpioEv  pickmotor.o
    0x0800a708   0x00000030   Code   RO         2194    i._ZN9PickMotor17initCounterDriverEv  pickmotor.o
    0x0800a738   0x0000002e   Code   RO         2195    i._ZN9PickMotor17xGoDownOfAbsoluteEtjj  pickmotor.o
    0x0800a766   0x00000002   PAD
    0x0800a768   0x0000008c   Code   RO         2196    i._ZN9PickMotor25xGoDownAndCheckCompressorEtjj  pickmotor.o
    0x0800a7f4   0x00000012   Code   RO         2269    i._ZN9PickMotor5isTopEv  pickmotor.o
    0x0800a806   0x00000002   PAD
    0x0800a808   0x0000015c   Code   RO         2197    i._ZN9PickMotor5xGoUpEtjj  pickmotor.o
    0x0800a964   0x00000034   Code   RO         2198    i._ZN9PickMotor7vSetDirENS_3DirE  pickmotor.o
    0x0800a998   0x000000a8   Code   RO         2199    i._ZN9PickMotor7xGoDownEtjj  pickmotor.o
    0x0800aa40   0x0000002c   Code   RO         1280    i._ZN9PickMotor8instanceEv  delivertask.o
    0x0800aa6c   0x00000038   Code   RO         2263    i._ZN9PickMotor9isCheckedEv  pickmotor.o
    0x0800aaa4   0x00000048   Code   RO         2200    i._ZN9PickMotorC1Ev  pickmotor.o
    0x0800aaec   0x000000e8   Code   RO         1975    i._ZN9RobotArm111xRotationToEtjt  robotarm1.o
    0x0800abd4   0x000000c8   Code   RO         1976    i._ZN9RobotArm112initMotoGpioEv  robotarm1.o
    0x0800ac9c   0x0000005c   Code   RO         1977    i._ZN9RobotArm114initMotoDriverEv  robotarm1.o
    0x0800acf8   0x00000058   Code   RO         1979    i._ZN9RobotArm115initCounterGpioEv  robotarm1.o
    0x0800ad50   0x00000038   Code   RO         1980    i._ZN9RobotArm117initCounterDriverEv  robotarm1.o
    0x0800ad88   0x00000022   Code   RO         1981    i._ZN9RobotArm120xGetAbsolutePositionEv  robotarm1.o
    0x0800adaa   0x00000002   PAD
    0x0800adac   0x00000028   Code   RO         1982    i._ZN9RobotArm17vSetDirENS_3DirE  robotarm1.o
    0x0800add4   0x0000002c   Code   RO         1256    i._ZN9RobotArm18instanceEv  delivertask.o
    0x0800ae00   0x00000064   Code   RO         1983    i._ZN9RobotArm1C1Ev  robotarm1.o
    0x0800ae64   0x000000e8   Code   RO         2061    i._ZN9RobotArm211xRotationToEtjt  robotarm2.o
    0x0800af4c   0x00000040   Code   RO         2062    i._ZN9RobotArm212initMotoGpioEv  robotarm2.o
    0x0800af8c   0x00000038   Code   RO         2064    i._ZN9RobotArm214vInversedBrakeEv  robotarm2.o
    0x0800afc4   0x00000058   Code   RO         2065    i._ZN9RobotArm215initCounterGpioEv  robotarm2.o
    0x0800b01c   0x00000054   Code   RO         2066    i._ZN9RobotArm217initCounterDriverEv  robotarm2.o
    0x0800b070   0x00000024   Code   RO         2067    i._ZN9RobotArm220xGetAbsolutePositionEv  robotarm2.o
    0x0800b094   0x00000028   Code   RO         2068    i._ZN9RobotArm27vSetDirENS_3DirE  robotarm2.o
    0x0800b0bc   0x0000002c   Code   RO         1262    i._ZN9RobotArm28instanceEv  delivertask.o
    0x0800b0e8   0x0000005c   Code   RO         2069    i._ZN9RobotArm2C1Ev  robotarm2.o
    0x0800b144   0x00000042   Code   RO          410    i._ZNK5Event17isCorrectOfResultEv  event.o
    0x0800b186   0x00000010   Code   RO         1244    i._ZNK5Event4arg2Eh  delivertask.o
    0x0800b196   0x0000001c   Code   RO          411    i._ZNK5Event5checkEv  event.o
    0x0800b1b2   0x0000003a   Code   RO          412    i._ZNK5Event9isCorrectEv  event.o
    0x0800b1ec   0x00000030   Code   RO         3702    i.__ARM_fpclassify  m_wm.l(fpclassify.o)
    0x0800b21c   0x00000010   Code   RO         3251    i.__cxa_guard_acquire  cpprt_w.l(cxa_guard_acquire.o)
    0x0800b22c   0x00000006   Code   RO         3248    i.__cxa_pure_virtual  cpprt_w.l(pure_virt.o)
    0x0800b232   0x00000002   PAD
    0x0800b234   0x00000018   Code   RO         1788    i.__sti___11_LogUart_cpp_f947086d  loguart.o
    0x0800b24c   0x00000018   Code   RO         1884    i.__sti___12_MainUart_cpp_f0dc2c7d  mainuart.o
    0x0800b264   0x00000018   Code   RO         1385    i.__sti___13_Bluetooth_cpp_6b41d81d  bluetooth.o
    0x0800b27c   0x0000000e   Code   RO         3422    i._is_digit         c_w.l(__printf_wp.o)
    0x0800b28a   0x0000001c   Code   RO         2645    i._mutex_acquire    rtx_lib.o
    0x0800b2a6   0x00000006   Code   RO         2646    i._mutex_free       rtx_lib.o
    0x0800b2ac   0x0000001e   Code   RO         2647    i._mutex_initialize  rtx_lib.o
    0x0800b2ca   0x00000018   Code   RO         2648    i._mutex_release    rtx_lib.o
    0x0800b2e2   0x00000004   Code   RO         2649    i._platform_post_stackheap_init  rtx_lib.o
    0x0800b2e6   0x00000002   PAD
    0x0800b2e8   0x00000038   Code   RO           74    i.main              main.o
    0x0800b320   0x00000002   Code   RO         2744    i.osRtxErrorNotify  rtx_config.o
    0x0800b322   0x00000002   Code   RO         2745    i.osRtxIdleThread   rtx_config.o
    0x0800b324   0x00000020   Code   RO         2650    i.os_kernel_is_active  rtx_lib.o
    0x0800b344   0x0000002c   Code   RO         3678    locale$$code        c_w.l(lc_numeric_c.o)
    0x0800b370   0x0000002c   Code   RO         3752    locale$$code        c_w.l(lc_ctype_c.o)
    0x0800b39c   0x0000000a   Code   RO         3572    x$fpl$fpinit        fz_wm.l(fpinit.o)
    0x0800b3a6   0x00000004   Code   RO         3519    x$fpl$printf1       fz_wm.l(printf1.o)
    0x0800b3aa   0x00000000   Code   RO         3701    x$fpl$usenofp       fz_wm.l(usenofp.o)
    0x0800b3aa   0x00000002   PAD
    0x0800b3ac   0x00000024   Data   RO         2660    .constdata          rtx_lib.o
    0x0800b3d0   0x00000024   Data   RO         2661    .constdata          rtx_lib.o
    0x0800b3f4   0x00000018   Data   RO         2662    .constdata          rtx_lib.o
    0x0800b40c   0x00000004   Data   RO         2663    .constdata          rtx_lib.o
    0x0800b410   0x00000008   Data   RO         3381    .constdata          c_w.l(_printf_wctomb.o)
    0x0800b418   0x00000028   Data   RO         3410    .constdata          c_w.l(_printf_hex_int_ll_ptr.o)
    0x0800b440   0x00000011   Data   RO         3430    .constdata          c_w.l(__printf_flags_ss_wp.o)
    0x0800b451   0x00000003   PAD
    0x0800b454   0x00000094   Data   RO         3653    .constdata          c_w.l(bigflt0.o)
    0x0800b4e8   0x0000000c   Data   RO         1237    .constdata__ZTV11DeliverTask  delivertask.o
    0x0800b4f4   0x00000014   Data   RO          248    .constdata__ZTV14BluetoothEvent  bluetoothevent.o
    0x0800b508   0x0000000c   Data   RO          970    .constdata__ZTV16StatusUpdateTask  statusupdatetask.o
    0x0800b514   0x0000000c   Data   RO         1069    .constdata__ZTV19MessageDispenseTask  messagedispensetask.o
    0x0800b520   0x0000000c   Data   RO          938    .constdata__ZTV4Task  task.o
    0x0800b52c   0x00000014   Data   RO          456    .constdata__ZTV5Event  event.o
    0x0800b540   0x0000000c   Data   RO         1829    .constdata__ZTV7LogUart  loguart.o
    0x0800b54c   0x0000000c   Data   RO          797    .constdata__ZTV8BootTask  boottask.o
    0x0800b558   0x00000014   Data   RO          733    .constdata__ZTV8LogEvent  logevent.o
    0x0800b56c   0x0000000c   Data   RO         1925    .constdata__ZTV8MainUart  mainuart.o
    0x0800b578   0x0000000c   Data   RO         1431    .constdata__ZTV9Bluetooth  bluetooth.o
    0x0800b584   0x00000014   Data   RO          540    .constdata__ZTV9MainEvent  mainevent.o
    0x0800b598   0x00000068   Data   RO         2666    .rodata             rtx_lib.o
    0x0800b600   0x0000000b   Data   RO         2828    .rodata.str1.4      RTX_CM4F.lib(rtx_kernel.o)
    0x0800b60b   0x00000001   PAD
    0x0800b60c   0x00000020   Data   RO         3825    Region$$Table       anon$$obj.o
    0x0800b62c   0x0000001c   Data   RO         3677    locale$$data        c_w.l(lc_numeric_c.o)
    0x0800b648   0x00000110   Data   RO         3751    locale$$data        c_w.l(lc_ctype_c.o)
    0x0800b758   0x00000004   Data   RO         1394    .init_array         bluetooth.o
    0x0800b75c   0x00000004   Data   RO         1796    .init_array         loguart.o
    0x0800b760   0x00000004   Data   RO         1892    .init_array         mainuart.o
    0x0800b764   0x00000000   Data   RO         3243    .init_array         c_w.l(init_aeabi.o)


    Execution Region RW_IRAM1 (Base: 0x20000000, Size: 0x0000a378, Max: 0x00020000, ABSOLUTE, COMPRESSED[0x00000040])

    Base Addr    Size         Type   Attr      Idx    E Section Name        Object

    0x20000000   0x00001000   Data   RW         2651    .bss.os             rtx_lib.o
    0x20001000   0x00000040   Data   RW         2652    .bss.os             rtx_lib.o
    0x20001040   0x00000034   Data   RW         2654    .bss.os.msgqueue.cb  rtx_lib.o
    0x20001074   0x00000050   Data   RW         2655    .bss.os.msgqueue.mem  rtx_lib.o
    0x200010c4   0x00000044   Data   RW         2656    .bss.os.thread.cb   rtx_lib.o
    0x20001108   0x00000044   Data   RW         2657    .bss.os.thread.cb   rtx_lib.o
    0x2000114c   0x00000004   PAD
    0x20001150   0x00000100   Data   RW         2658    .bss.os.thread.stack  rtx_lib.o
    0x20001250   0x00000100   Data   RW         2659    .bss.os.thread.stack  rtx_lib.o
    0x20001350   0x00000014   Data   RW            7    .data               system_stm32f4xx.o
    0x20001364   0x00000004   Data   RW         1393    .data               bluetooth.o
    0x20001368   0x00000004   Data   RW         1795    .data               loguart.o
    0x2000136c   0x00000004   Data   RW         1891    .data               mainuart.o
    0x20001370   0x00000001   Data   RW         2665    .data               rtx_lib.o
    0x20001371   0x00000007   PAD
    0x20001378   0x000000a8   Data   RW         2829    .data.os            RTX_CM4F.lib(rtx_kernel.o)
    0x20001420   0x00000005   Data   RW          801    .data__ZZN10Compressor8instanceEvE3com  boottask.o
    0x20001425   0x00000003   PAD
    0x20001428   0x00000004   Data   RW          587    .data__ZZN10OTAManager8instanceEvE1t  mainevent.o
    0x2000142c   0x00000004   Data   RW          276    .data__ZZN11DeliverTask8instanceEvE8INSTANCE  bluetoothevent.o
    0x20001430   0x00000004   Data   RW          268    .data__ZZN11FlashMemory8instanceEvE1m  bluetoothevent.o
    0x20001434   0x00000005   Data   RW          812    .data__ZZN11MotorDriver8instanceEvE6driver  boottask.o
    0x20001439   0x00000003   PAD
    0x2000143c   0x00000004   Data   RW          799    .data__ZZN14PositionSwitch8instanceEvE8instance  boottask.o
    0x20001440   0x00000004   Data   RW          809    .data__ZZN16StatusUpdateTask8instanceEvE4task  boottask.o
    0x20001444   0x00000004   Data   RW          807    .data__ZZN19MessageDispenseTask8instanceEvE8INSTANCE  boottask.o
    0x20001448   0x00000005   Data   RW          811    .data__ZZN3Led8instanceEvE1l  boottask.o
    0x2000144d   0x00000003   PAD
    0x20001450   0x00000004   Data   RW          803    .data__ZZN6Fridge8instanceEvE6fridge  boottask.o
    0x20001454   0x00000005   Data   RW          802    .data__ZZN7Ds18b208instanceEvE6device  boottask.o
    0x20001459   0x00000003   PAD
    0x2000145c   0x00000004   Data   RW          748    .data__ZZN7LogUart8instanceEvE4uart  logevent.o
    0x20001460   0x00000004   Data   RW           93    .data__ZZN8BootTask8instanceEvE4task  main.o
    0x20001464   0x00000004   Data   RW          585    .data__ZZN8MainUart8instanceEvE4uart  mainevent.o
    0x20001468   0x00000004   Data   RW          274    .data__ZZN9Bluetooth8instanceEvE3ble  bluetoothevent.o
    0x2000146c   0x00000004   Data   RW          805    .data__ZZN9PickMotor8instanceEvE9pickMotor  boottask.o
    0x20001470   0x00000004   Data   RW          270    .data__ZZN9RobotArm18instanceEvE1r  bluetoothevent.o
    0x20001474   0x00000004   Data   RW          272    .data__ZZN9RobotArm28instanceEvE8instance  bluetoothevent.o
    0x20001478   0x000002b0   Zero   RW         1392    .bss                bluetooth.o
    0x20001728   0x000002b0   Zero   RW         1794    .bss                loguart.o
    0x200019d8   0x00000370   Zero   RW         1890    .bss                mainuart.o
    0x20001d48   0x00000060   Zero   RW         3709    .bss                c_w.l(libspace.o)
    0x20001da8   0x00001078   Zero   RW          588    .bss__ZZN10OTAManager8instanceEvE1t  mainevent.o
    0x20002e20   0x00000ae0   Zero   RW          277    .bss__ZZN11DeliverTask8instanceEvE8INSTANCE  bluetoothevent.o
    0x20003900   0x00001000   Zero   RW          269    .bss__ZZN11FlashMemory8instanceEvE1m  bluetoothevent.o
    0x20004900   0x00000038   Zero   RW          800    .bss__ZZN14PositionSwitch8instanceEvE8instance  boottask.o
    0x20004938   0x00000288   Zero   RW          810    .bss__ZZN16StatusUpdateTask8instanceEvE4task  boottask.o
    0x20004bc0   0x00000480   Zero   RW          808    .bss__ZZN19MessageDispenseTask8instanceEvE8INSTANCE  boottask.o
    0x20005040   0x00000058   Zero   RW          804    .bss__ZZN6Fridge8instanceEvE6fridge  boottask.o
    0x20005098   0x00000f38   Zero   RW          749    .bss__ZZN7LogUart8instanceEvE4uart  logevent.o
    0x20005fd0   0x00000280   Zero   RW           94    .bss__ZZN8BootTask8instanceEvE4task  main.o
    0x20006250   0x00000ae8   Zero   RW          586    .bss__ZZN8MainUart8instanceEvE4uart  mainevent.o
    0x20006d38   0x00003158   Zero   RW          275    .bss__ZZN9Bluetooth8instanceEvE3ble  bluetoothevent.o
    0x20009e90   0x00000038   Zero   RW          806    .bss__ZZN9PickMotor8instanceEvE9pickMotor  boottask.o
    0x20009ec8   0x00000058   Zero   RW          271    .bss__ZZN9RobotArm18instanceEvE1r  bluetoothevent.o
    0x20009f20   0x00000058   Zero   RW          273    .bss__ZZN9RobotArm28instanceEvE8instance  bluetoothevent.o
    0x20009f78   0x00000000   Zero   RW           65    HEAP                startup_stm32f40_41xxx.o
    0x20009f78   0x00000400   Zero   RW           64    STACK               startup_stm32f40_41xxx.o


==============================================================================

Image component sizes


      Code (inc. data)   RO Data    RW Data    ZI Data      Debug   Object Name

       100          0          0          0          0       4584   baseoutput.o
       118          0          0          0          0       5220   baseprotocol.o
       570         84         16          4        688      38339   bluetooth.o
       304         46         20         20      19688     263824   bluetoothevent.o
       656        144         12         40       2000      19784   boottask.o
        80          8          0          0          0       2544   compressor.o
      2460        124         12          0          0      28929   delivertask.o
       422         26          0          0          0       5124   ds18b20.o
        80          8          0          0          0        484   elock.o
       158          0         20          0          0       6712   event.o
       648         50          0          0          0       9268   flashmemory.o
       876        122          0          0          0      10224   fridge.o
       136         14          0          0          0       1308   led.o
       484         56         20          4       3896       6632   logevent.o
       586         82         16          4        688      37934   loguart.o
        56          8          0          4        640     251203   main.o
       700         54         20          8       7008      19960   mainevent.o
       518         84         16          4        880       6232   mainuart.o
       290         56         12          0          0      11836   messagedispensetask.o
       504         56          0          0          0       3855   motordriver.o
       496          8          0          0          0      31398   otamanager.o
      1252        164          0          0          0      13344   pickmotor.o
       102          0          0          0          0       3016   pidcontrol.o
       184         30          0          0          0       2188   positionswitch.o
        68          0          0          0          0       4836   protocol.o
        54          0          0          0          0       1628   receiver.o
       842         84          0          0          0       8764   robotarm1.o
       692         80          0          0          0       7396   robotarm2.o
         4          0          0          0          0        961   rtx_config.o
       124          4        204       4941          0      15188   rtx_lib.o
        32          0          0          0          0        548   sender.o
        60         22        392          0       1024        820   startup_stm32f40_41xxx.o
       630         50         12          0          0       8796   statusupdatetask.o
       272         38          0         20          0       6265   system_stm32f4xx.o
        76         14          0          0          0       2140   systimer.o
       114         12         12          0          0       3032   task.o

    ----------------------------------------------------------------------
     14786       1528        816       5072      36512     844316   Object Totals
         0          0         32          0          0          0   (incl. Generated)
        38          0          0         23          0          0   (incl. Padding)

    ----------------------------------------------------------------------

      Code (inc. data)   RO Data    RW Data    ZI Data      Debug   Library Member Name

       184         12          0          0          0        528   irq_cm4f.o
        56          0          0          0          0       2892   rtx_delay.o
       784          0         11        168          0      17856   rtx_kernel.o
       246          0          0          0          0       1937   rtx_memory.o
       246          0          0          0          0      17021   rtx_mempool.o
      1866          0          0          0          0      18585   rtx_msgqueue.o
       936          0          0          0          0       8779   rtx_mutex.o
       492          8          0          0          0       8158   rtx_system.o
      2790          0          0          0          0      38965   rtx_thread.o
       170          0          0          0          0       8770   rtx_timer.o
        58          0          0          0          0          0   __dczerorl.o
         8          0          0          0          0         68   __main.o
       392          4         17          0          0         92   __printf_flags_ss_wp.o
        14          0          0          0          0         68   __printf_wp.o
         0          0          0          0          0          0   __rtentry.o
        20          0          0          0          0          0   __rtentry2.o
         6          0          0          0          0          0   __rtentry4.o
        52          8          0          0          0          0   __scatter.o
        28          0          0          0          0          0   __scatter_zi.o
         6          0          0          0          0          0   _printf_a.o
         6          0          0          0          0          0   _printf_c.o
        44          0          0          0          0        108   _printf_char.o
        48          6          0          0          0         96   _printf_char_common.o
        40          0          0          0          0         68   _printf_charcount.o
         6          0          0          0          0          0   _printf_d.o
       120         16          0          0          0         92   _printf_dec.o
         6          0          0          0          0          0   _printf_e.o
         6          0          0          0          0          0   _printf_f.o
      1050          0          0          0          0        216   _printf_fp_dec.o
       128         16          0          0          0         84   _printf_fp_infnan.o
         6          0          0          0          0          0   _printf_g.o
       148          4         40          0          0        160   _printf_hex_int_ll_ptr.o
         6          0          0          0          0          0   _printf_i.o
       178          0          0          0          0         88   _printf_intcommon.o
        10          0          0          0          0          0   _printf_l.o
         6          0          0          0          0          0   _printf_lc.o
        10          0          0          0          0          0   _printf_ll.o
         6          0          0          0          0          0   _printf_lld.o
         6          0          0          0          0          0   _printf_lli.o
         6          0          0          0          0          0   _printf_llo.o
         6          0          0          0          0          0   _printf_llu.o
         6          0          0          0          0          0   _printf_llx.o
       124         16          0          0          0         92   _printf_longlong_dec.o
         6          0          0          0          0          0   _printf_ls.o
         6          0          0          0          0          0   _printf_n.o
         6          0          0          0          0          0   _printf_o.o
       112         10          0          0          0        124   _printf_oct_int_ll.o
         6          0          0          0          0          0   _printf_p.o
        78          0          0          0          0        108   _printf_pad.o
         0          0          0          0          0          0   _printf_percent.o
         4          0          0          0          0          0   _printf_percent_end.o
         6          0          0          0          0          0   _printf_s.o
        82          0          0          0          0         80   _printf_str.o
        36          0          0          0          0         84   _printf_truncate.o
         6          0          0          0          0          0   _printf_u.o
        44          0          0          0          0        108   _printf_wchar.o
       188          6          8          0          0         92   _printf_wctomb.o
         6          0          0          0          0          0   _printf_x.o
        10          0          0          0          0         68   _sputc.o
        64          0          0          0          0         92   _wcrtomb.o
        16          0          0          0          0         68   aeabi_memset4.o
       220          4        148          0          0         96   bigflt0.o
      1910        128          0          0          0        672   btod.o
        36          4          0          0          0         76   c89vsprintf.o
        10          0          0          0          0         68   defsig_exit.o
        50          0          0          0          0         88   defsig_general.o
        48         34          0          0          0         76   defsig_pvfn_inner.o
        14          0          0          0          0         80   defsig_pvfn_outer.o
        18          0          0          0          0         80   exit.o
         6          0          0          0          0        152   heapauxi.o
         0          0          0          0          0          0   indicate_semi.o
        36         10          0          0          0         80   init_aeabi.o
        44         10        272          0          0         76   lc_ctype_c.o
        44         10         28          0          0         76   lc_numeric_c.o
         2          0          0          0          0          0   libinit.o
        38          0          0          0          0          0   libinit2.o
         2          0          0          0          0          0   libshutdown.o
         2          0          0          0          0          0   libshutdown2.o
         8          4          0          0         96         68   libspace.o
       138          0          0          0          0         80   lludiv10.o
        16          4          0          0          0         76   rt_ctype_table.o
        10          0          0          0          0         76   rt_locale_twolibspace.o
        68          0          0          0          0         68   rt_memclr.o
        78          0          0          0          0         80   rt_memclr_w.o
       138          0          0          0          0         68   rt_memcpy_v6.o
       100          0          0          0          0         80   rt_memcpy_w.o
         2          0          0          0          0          0   rtexit.o
        10          0          0          0          0          0   rtexit2.o
       128          0          0          0          0         68   strcmpv7m.o
        12          4          0          0          0         68   sys_exit.o
        74          0          0          0          0         80   sys_stackheap_outer.o
        14          0          0          0          0         76   sys_wrch.o
         2          0          0          0          0         68   use_no_semi.o
        16          0          0          0          0         68   cxa_guard_acquire.o
         6          0          0          0          0         68   pure_virt.o
        10          0          0          0          0        116   fpinit.o
         4          0          0          0          0        116   printf1.o
         0          0          0          0          0          0   usenofp.o
        48          0          0          0          0        124   fpclassify.o

    ----------------------------------------------------------------------
     14434        318        528        168         96     128615   Library Totals
        70          0          4          0          0          0   (incl. Padding)

    ----------------------------------------------------------------------

      Code (inc. data)   RO Data    RW Data    ZI Data      Debug   Library Name

      7770         20         11        168          0     123491   RTX_CM4F.lib
      6510        298        513          0         96       4632   c_w.l
        22          0          0          0          0        136   cpprt_w.l
        14          0          0          0          0        232   fz_wm.l
        48          0          0          0          0        124   m_wm.l

    ----------------------------------------------------------------------
     14434        318        528        168         96     128615   Library Totals

    ----------------------------------------------------------------------

==============================================================================


      Code (inc. data)   RO Data    RW Data    ZI Data      Debug   

     29220       1846       1344       5240      36608     952699   Grand Totals
     29220       1846       1344         64      36608     952699   ELF Image Totals (compressed)
     29220       1846       1344         64          0          0   ROM Totals

==============================================================================

    Total RO  Size (Code + RO Data)                30564 (  29.85kB)
    Total RW  Size (RW Data + ZI Data)             41848 (  40.87kB)
    Total ROM Size (Code + RO Data + RW Data)      30628 (  29.91kB)

==============================================================================

